I/ActivityThread(30361): Pub media: com.android.providers.media.MediaProvider
I/ActivityManager(  265): Process com.devhd.feedly (pid 30103) has died.
V/PowerManagerService(  265): User Activity
I/BatteryInfoHelper( 5029): battery info updated
W/PowerUI (  338): unknown intent: Intent { act=android.intent.action.ACTION_POWER_CONNECTED flg=0x8000010 }
D/DX-PowerManager( 5029): [ChargingTimeHelper] skip updating, mPreLevel: -1, curLevel: 35
D/DX-PowerManager( 5029): [ChargingTimeHelper] skip updating, mPreLevel: 35, curLevel: 35
D/DX-PowerManager( 5029): [Stats] Ignore status report in 12 hours.
I/Receiver(  455): action: android.intent.action.ACTION_POWER_CONNECTED
D/DX-PowerManager( 5029): [TeleStatusListener] mTeleStatus : 0
I/ActivityManager(  265): Start proc com.google.android.youtube for broadcast com.google.android.youtube/.app.prefetch.PrefetchService$DeviceStateReceiver: pid=30379 uid=10064 gids={3003, 1015, 1006, 1028}
D/dalvikvm(  265): GC_CONCURRENT freed 1814K, 23% free 13829K/17927K, paused 1036ms+24ms, total 1456ms
D/dalvikvm(  265): WAIT_FOR_CONCURRENT_GC blocked 101ms
E/Trace   (30379): error opening trace file: No such file or directory (2)
E/CloudRemainedTimeState( 5029): false:35:23088213:3
D/audio_hw_primary(   87): start_output_stream: card:0, port:0, rate:44100
E/DX-PowerManager( 5029): [WidgetUpdataService1x4] get dxhome err:android.content.pm.PackageManager$NameNotFoundException: com.dianxinos.dxhome
E/DX-PowerManager( 5029): [WidgetUpdataService1x4] get dxlauncher err:android.content.pm.PackageManager$NameNotFoundException: com.dianxinos.dxlauncher
I/DX-PowerManager( 5029): [WidgetUpdataService1x4] update Widget RemoteView : android.widget.RemoteViews@41268828
E/DX-PowerManager( 5029): [WidgetUpdataService1x4] get dxhome err:android.content.pm.PackageManager$NameNotFoundException: com.dianxinos.dxhome
E/DX-PowerManager( 5029): [WidgetUpdataService1x4] get dxlauncher err:android.content.pm.PackageManager$NameNotFoundException: com.dianxinos.dxlauncher
I/DX-PowerManager( 5029): [WidgetUpdataService1x4] update Widget RemoteView : android.widget.RemoteViews@41267028
I/BatteryInfoHelper( 5029): battery info updated
D/DX-PowerManager( 5029): [ChargingTimeHelper] skip updating, mPreLevel: 35, curLevel: 35
D/dalvikvm(30379): WAIT_FOR_CONCURRENT_GC blocked 0ms
D/dalvikvm(30228): GC_CONCURRENT freed 560K, 13% free 6927K/7879K, paused 2ms+2ms, total 233ms
D/DX-PowerManager( 5029): [Stats] Ignore status report in 12 hours.
E/CloudRemainedTimeState( 5029): true:35:23098683:2
D/DX-PowerManager( 5029): [TeleStatusListener] CALL_STATE_IDLE
E/DX-PowerManager( 5029): [WidgetUpdataService1x4] get dxhome err:android.content.pm.PackageManager$NameNotFoundException: com.dianxinos.dxhome
E/DX-PowerManager( 5029): [WidgetUpdataService1x4] get dxlauncher err:android.content.pm.PackageManager$NameNotFoundException: com.dianxinos.dxlauncher
I/DX-PowerManager( 5029): [WidgetUpdataService1x4] update Widget RemoteView : android.widget.RemoteViews@411d9e98
D/dalvikvm( 5029): GC_CONCURRENT freed 266K, 8% free 7143K/7687K, paused 20ms+4ms, total 181ms
D/dalvikvm(30379): GC_CONCURRENT freed 169K, 4% free 6385K/6599K, paused 16ms+10ms, total 85ms
D/dalvikvm(30379): WAIT_FOR_CONCURRENT_GC blocked 33ms
I/ActivityThread(30379): Pub com.google.android.youtube.SuggestionProvider: com.google.android.youtube.core.suggest.SuggestionProvider
D/dalvikvm(30379): GC_CONCURRENT freed 240K, 5% free 6617K/6919K, paused 12ms+12ms, total 65ms
D/DynamicPManager(  265): acquireCpuFreqLock
I/DynamicPManagerService(  265): setCpuFrequnecyPolicy flag :1
D/UsbDeviceManager(  265): enable UsbDeviceManager wakelock wlref = 0
D/UsbDeviceManager(  265): enable UsbDeviceManager wakelock wlref = 1
I/StorageNotification(  338): UMS connection changed to true (media state mounted)
D/dalvikvm(30379): GC_CONCURRENT freed 282K, 5% free 6845K/7175K, paused 23ms+4ms, total 161ms
D/dalvikvm(30379): WAIT_FOR_CONCURRENT_GC blocked 65ms
D/dalvikvm(  338): GC_CONCURRENT freed 680K, 56% free 8317K/18567K, paused 16ms+33ms, total 223ms
I/StorageNotification(  338): UMS connection changed to true (media state mounted)
D/dalvikvm(30379): DexOpt: --- BEGIN 'ads-1608249931.jar' (bootstrap=0) ---
D/dalvikvm(30411): DexOpt: load 15ms, verify+opt 99ms, 139036 bytes
D/dalvikvm(30379): DexOpt: --- END 'ads-1608249931.jar' (success) ---
D/dalvikvm(30379): DEX prep '/data/data/com.google.android.youtube/cache/ads-1608249931.jar': unzip in 6ms, rewrite 707ms
D/dalvikvm(  512): WAIT_FOR_CONCURRENT_GC blocked 0ms
D/dalvikvm(  512): GC_EXPLICIT freed 453K, 9% free 7939K/8647K, paused 3ms+11ms, total 188ms
I/ConversionPing(30379): Sending ping: http://googleads.g.doubleclick.net/pagead/viewthroughconversion/1001680686/?label=8cu4CIrA3gMQrt7R3QM&muid=cX5Pmnri9qyGveGvMuP43w
D/dalvikvm(30379): GC_CONCURRENT freed 280K, 5% free 7029K/7367K, paused 14ms+43ms, total 185ms
V/PowerManagerService(  265): User Activity
V/PowerManagerService(  265): User Activity
D/DX-Optimizer(30228): [AliveReceiver] Received: android.intent.action.ACTION_POWER_CONNECTED
I/ActivityManager(  265): Start proc com.facebook.katana for broadcast com.facebook.katana/.service.vault.VaultPowerConnectionReceiver: pid=30440 uid=10107 gids={3003, 1006, 1015, 1028}
D/dalvikvm( 4898): GC_CONCURRENT freed 1483K, 15% free 10885K/12679K, paused 5ms+11ms, total 1221ms
I/ActivityManager(  265): Process com.android.keychain (pid 30211) has died.
E/Trace   (30440): error opening trace file: No such file or directory (2)
D/dalvikvm(30440): GC_CONCURRENT freed 162K, 4% free 6391K/6599K, paused 12ms+14ms, total 104ms
D/dalvikvm(30440): WAIT_FOR_CONCURRENT_GC blocked 41ms
D/dalvikvm(30440): GC_CONCURRENT freed 154K, 4% free 6774K/6983K, paused 12ms+5ms, total 101ms
D/dalvikvm(30440): WAIT_FOR_CONCURRENT_GC blocked 8ms
I/ActivityManager(  265): Process com.android.defcontainer (pid 30142) has died.
D/ACRA    (30440): ACRA is enabled for com.facebook.katana, intializing...
I/ActivityManager(  265): Process com.android.gallery3d (pid 30196) has died.
D/dalvikvm(30440): GC_CONCURRENT freed 175K, 4% free 7048K/7303K, paused 12ms+14ms, total 79ms
D/ACRA    (30440): Looking for error files in /data/data/com.facebook.katana/app_acra-reports
D/ACRA    (30440): Looking for error files in /data/data/com.facebook.katana/app_minidumps
D/dalvikvm(30440): Trying to load lib /data/data/com.facebook.katana/lib/libfb_stl_shared.so 0x411f90a8
D/dalvikvm(30440): Added shared lib /data/data/com.facebook.katana/lib/libfb_stl_shared.so 0x411f90a8
D/dalvikvm(30440): No JNI_OnLoad found in /data/data/com.facebook.katana/lib/libfb_stl_shared.so 0x411f90a8, skipping init
D/dalvikvm(30440): Trying to load lib /data/data/com.facebook.katana/lib/libfb_breakpad_client.so 0x411f90a8
D/dalvikvm(30440): Added shared lib /data/data/com.facebook.katana/lib/libfb_breakpad_client.so 0x411f90a8
D/DexLibLoader(30440): Deleting old version: /data/data/com.facebook.katana/app_dex/guava-10.0.1-fork.dex.0.jar
D/DexLibLoader(30440): Deleting old version: /data/data/com.facebook.katana/app_dex/guava-10.0.1-fork.dex.1.jar
D/DexLibLoader(30440): Deleting old version: /data/data/com.facebook.katana/app_dex/jackson-core-2.0.5.dex.0.jar
D/DexLibLoader(30440): Deleting old version: /data/data/com.facebook.katana/app_dex/jackson-core-2.0.5.dex.1.jar
D/DexLibLoader(30440): Deleting old version: /data/data/com.facebook.katana/app_dex/jackson-core-2.0.5.dex.2.jar
D/DexLibLoader(30440): Deleting old version: /data/data/com.facebook.katana/app_dex/jackson-databind-2.0.5.dex.0.jar
D/DexLibLoader(30440): Deleting old version: /data/data/com.facebook.katana/app_dex/jackson-databind-2.0.5.dex.1.jar
D/DexLibLoader(30440): Deleting old version: /data/data/com.facebook.katana/app_dex/jackson-databind-2.0.5.dex.2.jar
D/DexLibLoader(30440): Deleting old version: /data/data/com.facebook.katana/app_dex/jackson-databind-2.0.5.dex.3.jar
D/DexLibLoader(30440): Deleting old version: /data/data/com.facebook.katana/app_dex/jackson-datatype-guava-2.0.4.dex.0.jar
D/DexLibLoader(30440): Deleting old version: /data/data/com.facebook.katana/app_dex/jackson-datatype-guava-2.0.4.dex.1.jar
D/DexLibLoader(30440): Deleting old version: /data/data/com.facebook.katana/app_dex/jackson-datatype-guava-2.0.4.dex.2.jar
D/DexLibLoader(30440): Deleting old version: /data/data/com.facebook.katana/app_dex/diffutils-1.2.1.dex.0.jar
D/DexLibLoader(30440): Deleting old version: /data/data/com.facebook.katana/app_dex/diffutils-1.2.1.dex.1.jar
D/DexLibLoader(30440): Deleting old version: /data/data/com.facebook.katana/app_dex/nine_old_androids.dex.0.jar
D/DexLibLoader(30440): Deleting old version: /data/data/com.facebook.katana/app_dex/nine_old_androids.dex.1.jar
D/DexLibLoader(30440): Deleting old version: /data/data/com.facebook.katana/app_dex/nine_old_androids.dex.2.jar
D/DexLibLoader(30440): Deleting old version: /data/data/com.facebook.katana/app_dex/nine_old_androids.dex.3.jar
V/DexLibLoader(30440): Dex already copied
V/DexLibLoader(30440): Creating class loader
V/DexLibLoader(30440): Finished creating class loader
D/dalvikvm(30440): GC_CONCURRENT freed 328K, 6% free 7130K/7559K, paused 13ms+14ms, total 77ms
V/DexLibLoader(30440): Preparing secondary program dexes.
V/DexLibLoader(30440): Loaded 3 raw lines of metadata.
V/DexLibLoader(30440): Secondary program dex metadata: secondary-1.dex.jar da148818e6f0e34e34992dda4ff8134da86eb60b com.facebook.common.identifiers.SafeUUIDGenerator
V/DexLibLoader(30440): Secondary program dex metadata: secondary-2.dex.jar 80a525d7de2d121d4c27d7418caace7ebc29122a com.facebook.auth.autosso.BackgroundLoginHook
V/DexLibLoader(30440): Secondary program dex metadata: secondary-3.dex.jar f91e88b6ffe211c2664a0ec048e493d80badbc84 com.facebook.dalvik.ProcSelfMaps$Mapping
W/DexLibLoader(30440): Unexpected file in program dex directory: /data/data/com.facebook.katana/app_secondary_program_dex/temp_dex_lock
V/DexLibLoader(30440): Preparing to extract secondary-1.dex.jar to /data/data/com.facebook.katana/app_secondary_program_dex/program-da148818e6f0e34e34992dda4ff8134da86eb60b993ec5a8.dex.jar
V/DexLibLoader(30440): Dex already copied
V/DexLibLoader(30440): Creating class loader
D/dalvikvm(30440): GC_CONCURRENT freed 46K, 2% free 7583K/7687K, paused 12ms+15ms, total 72ms
V/DexLibLoader(30440): Finished creating class loader
V/DexLibLoader(30440): Preparing to extract secondary-2.dex.jar to /data/data/com.facebook.katana/app_secondary_program_dex/program-80a525d7de2d121d4c27d7418caace7ebc29122a993ec5a8.dex.jar
V/DexLibLoader(30440): Dex already copied
V/DexLibLoader(30440): Creating class loader
V/DexLibLoader(30440): Finished creating class loader
V/DexLibLoader(30440): Preparing to extract secondary-3.dex.jar to /data/data/com.facebook.katana/app_secondary_program_dex/program-f91e88b6ffe211c2664a0ec048e493d80badbc84993ec5a8.dex.jar
V/DexLibLoader(30440): Dex already copied
V/DexLibLoader(30440): Creating class loader
V/DexLibLoader(30440): Finished creating class loader
V/DexLibLoader(30440): Verifying classes from secondary dexes.
D/DexLibLoader(30440): DexLibLoader.ensureDexLoaded took 537 ms
I/ActivityThread(30440): Pub com.facebook.katana.provider.LoggingProvider: com.facebook.katana.provider.LoggingProvider
I/ActivityThread(30440): Pub com.facebook.katana.provider.KeyValueProvider: com.facebook.katana.provider.KeyValueProvider
I/ActivityThread(30440): Pub com.facebook.katana.provider.AttributionIdProvider: com.facebook.katana.provider.AttributionIdProvider
I/ActivityThread(30440): Pub com.facebook.katana.provider.CacheProvider: com.facebook.katana.provider.CacheProvider
I/ActivityThread(30440): Pub com.facebook.katana.provider.DetectedPhotoProvider: com.facebook.katana.provider.DetectedPhotoProvider
I/ActivityThread(30440): Pub com.facebook.katana.provider.VaultImageProvider: com.facebook.katana.provider.VaultImageProvider
I/ActivityThread(30440): Pub com.facebook.katana.provider.PlatformProvider: com.facebook.katana.provider.PlatformProvider
I/ActivityThread(30440): Pub com.facebook.katana.properties: com.facebook.katana.app.providers.DbPropertiesContentProvider
I/ActivityThread(30440): Pub com.facebook.katana.provider.UserStatusesProvider: com.facebook.katana.provider.UserStatusesProvider
I/ActivityThread(30440): Pub com.facebook.katana.provider.VideosProvider: com.facebook.katana.provider.VideosProvider
I/ActivityThread(30440): Pub com.facebook.katana.cleaner: com.facebook.katana.app.providers.DbCleanerContentProvider
I/ActivityThread(30440): Pub com.facebook.katana.provider.LocalPhotoTagProvider: com.facebook.katana.provider.LocalPhotoTagProvider
I/ActivityThread(30440): Pub com.facebook.katana.messages: com.facebook.katana.app.providers.MessagesDbContentProvider
I/ActivityThread(30440): Pub com.facebook.katana.provider.LocalFaceboxProvider: com.facebook.katana.provider.LocalFaceboxProvider
I/ActivityThread(30440): Pub com.facebook.katana.experiments: com.facebook.katana.provider.QuickExperimentContentProvider
I/ActivityThread(30440): Pub com.facebook.katana.contacts: com.facebook.katana.app.providers.FbContactsContentProvider
I/ActivityThread(30440): Pub com.facebook.katana.provider.BookmarkProvider: com.facebook.bookmark.provider.BookmarkProvider
I/ActivityThread(30440): Pub com.facebook.katana.provider.MessagesForegroundProvider: com.facebook.katana.provider.orca.MessengerForegroundProvider
I/ActivityThread(30440): Pub com.facebook.katana.provider.UserValuesProvider: com.facebook.katana.provider.UserValuesProvider
I/ActivityThread(30440): Pub com.facebook.katana.provider.LocalCropInfoProvider: com.facebook.katana.provider.LocalCropInfoProvider
I/ActivityThread(30440): Pub com.facebook.katana.provider.ContactsConnectionsProvider: com.facebook.contacts.provider.ContactsConnectionsProvider
I/ActivityThread(30440): Pub com.facebook.katana.provider.PagesProvider: com.facebook.katana.provider.PagesProvider
I/ActivityThread(30440): Pub com.facebook.katana.provider.FbSharedPrefsProvider: com.facebook.katana.provider.orca.FbSharedPreferencesContentProvider
I/ActivityThread(30440): Pub com.facebook.katana.provider.MobileEventLogProvider: com.facebook.katana.provider.MobileEventLogProvider
I/ActivityThread(30440): Pub com.facebook.katana.provider.PhotosProvider: com.facebook.katana.provider.PhotosProvider
I/ActivityThread(30440): Pub com.facebook.katana.provider.ConnectionsProvider: com.facebook.katana.provider.ConnectionsProvider
V/com.facebook.base.app.AbstractApplicationLike(30440): Forcing initialization of AsyncTask
D/MultiprocessConfigImpl(30440): Multiprocess configuration com.facebook.photos.upload.PhotoUploadMultiprocessConfig state retrieved in 1 ms
I/MultiprocessConfigImpl(30440): Multiprocess configuration com.facebook.photos.upload.PhotoUploadMultiprocessConfig state: false
D/MultiprocessConfigImpl(30440): Multiprocess configuration com.facebook.prefs.multiprocess.FbSharedPreferencesMultiprocessConfig state retrieved in 1 ms
I/MultiprocessConfigImpl(30440): Multiprocess configuration com.facebook.prefs.multiprocess.FbSharedPreferencesMultiprocessConfig state: false
D/MultiprocessConfigImpl(30440): Multiprocess configuration com.facebook.ssl.gk.EnableSSLSessionTicketConfig state retrieved in 1 ms
I/MultiprocessConfigImpl(30440): Multiprocess configuration com.facebook.ssl.gk.EnableSSLSessionTicketConfig state: false
D/MultiprocessConfigImpl(30440): Multiprocess configuration com.facebook.katana.orca.MessengerInFb4aMultiprocessConfig state retrieved in 0 ms
I/MultiprocessConfigImpl(30440): Multiprocess configuration com.facebook.katana.orca.MessengerInFb4aMultiprocessConfig state: false
D/MultiprocessConfigImpl(30440): Multiprocess configuration com.facebook.analytics.service.AnalyticsServiceMultiprocessConfig state retrieved in 0 ms
I/MultiprocessConfigImpl(30440): Multiprocess configuration com.facebook.analytics.service.AnalyticsServiceMultiprocessConfig state: false
D/dalvikvm(30440): GC_CONCURRENT freed 705K, 10% free 7366K/8135K, paused 12ms+14ms, total 81ms
D/dalvikvm(30440): GC_CONCURRENT freed 219K, 8% free 7551K/8135K, paused 13ms+23ms, total 97ms
D/dalvikvm(30440): GC_CONCURRENT freed 154K, 4% free 7834K/8135K, paused 13ms+19ms, total 99ms
D/dalvikvm(30440): GC_CONCURRENT freed 222K, 4% free 8184K/8455K, paused 14ms+16ms, total 106ms
V/PowerManagerService(  265): User Activity
I/ActivityManager(  265): Process com.google.android.partnersetup (pid 30252) has died.
V/PowerManagerService(  265): User Activity
I/ActivityManager(  265): START {act=android.intent.action.MAIN cat=[android.intent.category.HOME] flg=0x10200000 cmp=com.android.launcher/com.android.launcher2.Launcher u=0} from pid 265
D/audio_hw_primary(   87): start_output_stream: card:0, port:0, rate:44100
D/CordovaActivity(30300): Paused the application!
D/CordovaWebView(30300): Handle the pause
D/dalvikvm(24717): Debugger has detached; object registry had 1 entries
D/dalvikvm(29923): Debugger has detached; object registry had 1 entries
D/dalvikvm(  338): Debugger has detached; object registry had 1 entries
D/dalvikvm(30347): Debugger has detached; object registry had 1 entries
D/dalvikvm( 7045): Debugger has detached; object registry had 1 entries
D/dalvikvm(30300): Debugger has detached; object registry had 1 entries
D/dalvikvm(24899): Debugger has detached; object registry had 1 entries
D/dalvikvm(  455): Debugger has detached; object registry had 1 entries
D/dalvikvm(30361): Debugger has detached; object registry had 1 entries
D/dalvikvm(29811): Debugger has detached; object registry had 1 entries
D/dalvikvm(  265): Debugger has detached; object registry had 1 entries
D/dalvikvm(25031): Debugger has detached; object registry had 1 entries
D/dalvikvm(30228): Debugger has detached; object registry had 1 entries
D/dalvikvm(29950): Debugger has detached; object registry had 1 entries
D/dalvikvm(  440): Debugger has detached; object registry had 1 entries
D/dalvikvm(29889): Debugger has detached; object registry had 1 entries
D/dalvikvm(  512): Debugger has detached; object registry had 1 entries
D/dalvikvm(29825): Debugger has detached; object registry had 1 entries
D/dalvikvm(30379): Debugger has detached; object registry had 1 entries
D/dalvikvm(30172): Debugger has detached; object registry had 1 entries
D/dalvikvm( 1120): Debugger has detached; object registry had 1 entries
D/dalvikvm(10056): Debugger has detached; object registry had 1 entries
D/dalvikvm(  424): Debugger has detached; object registry had 1 entries
D/dalvikvm(29725): Debugger has detached; object registry had 1 entries
D/dalvikvm( 5029): Debugger has detached; object registry had 1 entries
D/dalvikvm(  539): Debugger has detached; object registry had 1 entries
D/dalvikvm(30159): Debugger has detached; object registry had 1 entries
D/dalvikvm(30440): Debugger has detached; object registry had 1 entries
D/dalvikvm( 1144): Debugger has detached; object registry had 1 entries
D/dalvikvm(30272): Debugger has detached; object registry had 1 entries
D/dalvikvm( 4898): Debugger has detached; object registry had 1 entries
W/IInputConnectionWrapper(30300): showStatusIcon on inactive InputConnection
I/BatteryInfoHelper( 5029): battery info updated
D/DX-PowerManager( 5029): [ChargingTimeHelper] skip updating, mPreLevel: 35, curLevel: 35
D/DX-PowerManager( 5029): [Stats] Ignore status report in 12 hours.
V/PowerManagerService(  265): User Activity
W/dalvikvm(30440): threadid=2: spin on suspend #1 threadid=1 (pcf=0)
W/dalvikvm(30440): threadid=2: spin on suspend resolved in 1030 msec
D/dalvikvm(30440): GC_CONCURRENT freed 284K, 5% free 8596K/8967K, paused 14ms+1040ms, total 1158ms
E/CloudRemainedTimeState( 5029): true:35:23098683:2
E/DX-PowerManager( 5029): [WidgetUpdataService1x4] get dxhome err:android.content.pm.PackageManager$NameNotFoundException: com.dianxinos.dxhome
E/DX-PowerManager( 5029): [WidgetUpdataService1x4] get dxlauncher err:android.content.pm.PackageManager$NameNotFoundException: com.dianxinos.dxlauncher
I/DX-PowerManager( 5029): [WidgetUpdataService1x4] update Widget RemoteView : android.widget.RemoteViews@412a88a0
I/ActivityManager(  265): Process me.gira.widget.countdown (pid 30159) has died.
I/ActivityManager(  265): Process android.process.acore (pid 30172) has died.
D/dalvikvm(30440): GC_CONCURRENT freed 364K, 5% free 9086K/9543K, paused 14ms+27ms, total 163ms
I/fb4a(:<default>):OrcaInjector(30440): Created just-in-time provider for class com.facebook.orca.abtest.MessagesQuickExperimentSpecificationHolder
I/fb4a(:<default>):OrcaInjector(30440): Created just-in-time provider for class com.facebook.push.mqtt.abtest.MqttPushServiceExperimentSpecificationHolder
I/fb4a(:<default>):OrcaInjector(30440): Created just-in-time provider for class com.facebook.orca.fbwebrtc.abtest.WebrtcExperimentSpecificationHolder
I/fb4a(:<default>):OrcaInjector(30440): Created just-in-time provider for class com.facebook.timeline.abtest.TimelineQuickExperimentSpecificationHolder
I/fb4a(:<default>):OrcaInjector(30440): Created just-in-time provider for class com.facebook.mqtt.MqttSsl
D/fb4a(:<default>):com.facebook.http.common.SSLSocketFactoryHelper(30440): session ticket workaround enabled false
D/dalvikvm(30440): GC_CONCURRENT freed 522K, 7% free 9551K/10183K, paused 14ms+21ms, total 141ms
I/fb4a(:<default>):OrcaInjector(30440): Created just-in-time provider for class com.facebook.zero.intent.LaunchableIntentChecker
I/fb4a(:<default>):OrcaInjector(30440): Created just-in-time provider for class com.facebook.timeline.TimelineZeroInternalIntentBlacklistItem
I/fb4a(:<default>):OrcaInjector(30440): Created just-in-time provider for class com.facebook.katana.activity.nearby.NearbyZeroInternalIntentBlacklistItem
I/fb4a(:<default>):OrcaInjector(30440): Created just-in-time provider for class com.facebook.katana.activity.places.PlacesZeroInternalIntentBlacklistItem
I/fb4a(:<default>):OrcaInjector(30440): Created just-in-time provider for class com.facebook.push.c2dm.UnregisterPushTokenMethod
D/dalvikvm(30440): Trying to load lib /data/data/com.facebook.katana/lib/libfb_fdlimit.so 0x411f90a8
D/dalvikvm(30440): Added shared lib /data/data/com.facebook.katana/lib/libfb_fdlimit.so 0x411f90a8
D/DX-PowerManager( 5029): [Stats] Ignore status report in 12 hours.
D/dalvikvm(30440): GC_CONCURRENT freed 654K, 7% free 10121K/10823K, paused 31ms+7ms, total 264ms
D/dalvikvm(30440): WAIT_FOR_CONCURRENT_GC blocked 91ms
D/dalvikvm(30440): WAIT_FOR_CONCURRENT_GC blocked 91ms
D/dalvikvm(30440): WAIT_FOR_CONCURRENT_GC blocked 90ms
D/dalvikvm(30440): WAIT_FOR_CONCURRENT_GC blocked 83ms
D/dalvikvm(  265): WAIT_FOR_CONCURRENT_GC blocked 0ms
D/dalvikvm(  265): GC_EXPLICIT freed 981K, 24% free 13761K/17927K, paused 16ms+55ms, total 563ms
I/LocationManagerService(  265): request passive (pid 30440) 0 0
D/dalvikvm(30440): GC_CONCURRENT freed 1103K, 10% free 10379K/11527K, paused 26ms+7ms, total 125ms
D/dalvikvm(30440): WAIT_FOR_CONCURRENT_GC blocked 105ms
D/dalvikvm(30440): WAIT_FOR_CONCURRENT_GC blocked 88ms
D/dalvikvm(30440): WAIT_FOR_CONCURRENT_GC blocked 73ms
D/dalvikvm(30440): WAIT_FOR_CONCURRENT_GC blocked 105ms
I/ActivityManager(  265): Start proc com.facebook.katana:providers for content provider com.facebook.katana/.provider.GraphQLNotificationsContentProvider: pid=30539 uid=10107 gids={3003, 1006, 1015, 1028}
E/Trace   (30539): error opening trace file: No such file or directory (2)
I/ActivityManager(  265): Process com.svox.pico (pid 30272) has died.
D/dalvikvm(30539): GC_CONCURRENT freed 175K, 4% free 6378K/6599K, paused 27ms+43ms, total 142ms
D/dalvikvm(30539): WAIT_FOR_CONCURRENT_GC blocked 116ms
D/dalvikvm(30440): GC_CONCURRENT freed 1141K, 10% free 10722K/11911K, paused 56ms+17ms, total 277ms
D/dalvikvm(30440): WAIT_FOR_CONCURRENT_GC blocked 155ms
D/dalvikvm(30440): WAIT_FOR_CONCURRENT_GC blocked 164ms
D/dalvikvm(30440): WAIT_FOR_CONCURRENT_GC blocked 131ms
D/dalvikvm(30440): WAIT_FOR_CONCURRENT_GC blocked 107ms
D/dalvikvm(30440): WAIT_FOR_CONCURRENT_GC blocked 110ms
D/dalvikvm(30440): WAIT_FOR_CONCURRENT_GC blocked 90ms
D/dalvikvm(30440): WAIT_FOR_CONCURRENT_GC blocked 186ms
D/dalvikvm(30539): GC_CONCURRENT freed 157K, 4% free 6769K/6983K, paused 20ms+3ms, total 136ms
D/dalvikvm(30539): WAIT_FOR_CONCURRENT_GC blocked 33ms
I/ActivityManager(  265): Process com.android.musicfx (pid 29811) has died.
W/fb4a(:<default>):ImmutableBundle(30440): Unsupported value type in bundle for key fb4a_new with value {"new_version":"154780","min_version":"148914","new_version_url":"https://m.facebook.com/mobile_builds?build_number=154780&no_fw=1","new_version_notes":"","everstore_handle":"FuuCCQA5cQwCBxEkAFAANnxuPwYAAAA:"}
W/fb4a(:<default>):ImmutableBundle(30440): Unsupported value type in bundle for key fb4a_master_new with value {"new_version":"130613","new_version_url":"https://m.facebook.com/mobile_builds?build_number=130613&no_fw=1"}
D/ACRA    (30539): ACRA is enabled for com.facebook.katana, intializing...
D/dalvikvm(30539): GC_CONCURRENT freed 213K, 4% free 7030K/7303K, paused 17ms+24ms, total 129ms
D/ACRA    (30539): Looking for error files in /data/user/0/com.facebook.katana/app_acra-reports
D/ACRA    (30539): Looking for error files in /data/user/0/com.facebook.katana/app_minidumps
D/dalvikvm(30539): Trying to load lib /data/data/com.facebook.katana/lib/libfb_stl_shared.so 0x411ef890
D/dalvikvm(30539): Added shared lib /data/data/com.facebook.katana/lib/libfb_stl_shared.so 0x411ef890
D/dalvikvm(30539): No JNI_OnLoad found in /data/data/com.facebook.katana/lib/libfb_stl_shared.so 0x411ef890, skipping init
D/dalvikvm(30539): Trying to load lib /data/data/com.facebook.katana/lib/libfb_breakpad_client.so 0x411ef890
D/dalvikvm(30539): Added shared lib /data/data/com.facebook.katana/lib/libfb_breakpad_client.so 0x411ef890
D/DexLibLoader(30539): Deleting old version: /data/user/0/com.facebook.katana/app_dex/guava-10.0.1-fork.dex.0.jar
D/DexLibLoader(30539): Deleting old version: /data/user/0/com.facebook.katana/app_dex/guava-10.0.1-fork.dex.1.jar
D/DexLibLoader(30539): Deleting old version: /data/user/0/com.facebook.katana/app_dex/jackson-core-2.0.5.dex.0.jar
D/DexLibLoader(30539): Deleting old version: /data/user/0/com.facebook.katana/app_dex/jackson-core-2.0.5.dex.1.jar
D/DexLibLoader(30539): Deleting old version: /data/user/0/com.facebook.katana/app_dex/jackson-core-2.0.5.dex.2.jar
D/DexLibLoader(30539): Deleting old version: /data/user/0/com.facebook.katana/app_dex/jackson-databind-2.0.5.dex.0.jar
D/DexLibLoader(30539): Deleting old version: /data/user/0/com.facebook.katana/app_dex/jackson-databind-2.0.5.dex.1.jar
D/DexLibLoader(30539): Deleting old version: /data/user/0/com.facebook.katana/app_dex/jackson-databind-2.0.5.dex.2.jar
D/DexLibLoader(30539): Deleting old version: /data/user/0/com.facebook.katana/app_dex/jackson-databind-2.0.5.dex.3.jar
D/DexLibLoader(30539): Deleting old version: /data/user/0/com.facebook.katana/app_dex/jackson-datatype-guava-2.0.4.dex.0.jar
D/DexLibLoader(30539): Deleting old version: /data/user/0/com.facebook.katana/app_dex/jackson-datatype-guava-2.0.4.dex.1.jar
D/DexLibLoader(30539): Deleting old version: /data/user/0/com.facebook.katana/app_dex/jackson-datatype-guava-2.0.4.dex.2.jar
D/DexLibLoader(30539): Deleting old version: /data/user/0/com.facebook.katana/app_dex/diffutils-1.2.1.dex.0.jar
D/DexLibLoader(30539): Deleting old version: /data/user/0/com.facebook.katana/app_dex/diffutils-1.2.1.dex.1.jar
D/DexLibLoader(30539): Deleting old version: /data/user/0/com.facebook.katana/app_dex/nine_old_androids.dex.0.jar
D/DexLibLoader(30539): Deleting old version: /data/user/0/com.facebook.katana/app_dex/nine_old_androids.dex.1.jar
D/DexLibLoader(30539): Deleting old version: /data/user/0/com.facebook.katana/app_dex/nine_old_androids.dex.2.jar
D/DexLibLoader(30539): Deleting old version: /data/user/0/com.facebook.katana/app_dex/nine_old_androids.dex.3.jar
V/DexLibLoader(30539): Dex already copied
V/DexLibLoader(30539): Creating class loader
V/DexLibLoader(30539): Finished creating class loader
D/dalvikvm(30440): GC_CONCURRENT freed 1243K, 10% free 11149K/12359K, paused 188ms+19ms, total 529ms
D/dalvikvm(30440): WAIT_FOR_CONCURRENT_GC blocked 86ms
I/ActivityManager(  265): Process com.google.android.googlequicksearchbox (pid 29825) has died.
D/dalvikvm(30440): WAIT_FOR_CONCURRENT_GC blocked 158ms
D/dalvikvm(30539): GC_CONCURRENT freed 283K, 5% free 7292K/7623K, paused 12ms+4ms, total 66ms
D/dalvikvm(30539): WAIT_FOR_CONCURRENT_GC blocked 32ms
V/DexLibLoader(30539): Preparing secondary program dexes.
V/DexLibLoader(30539): Loaded 3 raw lines of metadata.
V/DexLibLoader(30539): Secondary program dex metadata: secondary-1.dex.jar da148818e6f0e34e34992dda4ff8134da86eb60b com.facebook.common.identifiers.SafeUUIDGenerator
V/DexLibLoader(30539): Secondary program dex metadata: secondary-2.dex.jar 80a525d7de2d121d4c27d7418caace7ebc29122a com.facebook.auth.autosso.BackgroundLoginHook
V/DexLibLoader(30539): Secondary program dex metadata: secondary-3.dex.jar f91e88b6ffe211c2664a0ec048e493d80badbc84 com.facebook.dalvik.ProcSelfMaps$Mapping
W/DexLibLoader(30539): Unexpected file in program dex directory: /data/user/0/com.facebook.katana/app_secondary_program_dex/temp_dex_lock
V/DexLibLoader(30539): Preparing to extract secondary-1.dex.jar to /data/user/0/com.facebook.katana/app_secondary_program_dex/program-da148818e6f0e34e34992dda4ff8134da86eb60b993ec5a8.dex.jar
V/DexLibLoader(30539): Dex already copied
V/DexLibLoader(30539): Creating class loader
V/DexLibLoader(30539): Finished creating class loader
V/DexLibLoader(30539): Preparing to extract secondary-2.dex.jar to /data/user/0/com.facebook.katana/app_secondary_program_dex/program-80a525d7de2d121d4c27d7418caace7ebc29122a993ec5a8.dex.jar
V/DexLibLoader(30539): Dex already copied
V/DexLibLoader(30539): Creating class loader
V/DexLibLoader(30539): Finished creating class loader
V/DexLibLoader(30539): Preparing to extract secondary-3.dex.jar to /data/user/0/com.facebook.katana/app_secondary_program_dex/program-f91e88b6ffe211c2664a0ec048e493d80badbc84993ec5a8.dex.jar
V/DexLibLoader(30539): Dex already copied
V/DexLibLoader(30539): Creating class loader
V/DexLibLoader(30539): Finished creating class loader
V/DexLibLoader(30539): Verifying classes from secondary dexes.
D/DexLibLoader(30539): DexLibLoader.ensureDexLoaded took 712 ms
I/ActivityThread(30539): Pub com.facebook.katana.provider.CacheAccessProvider: com.facebook.katana.provider.CacheAccessProvider
I/ActivityThread(30539): Pub com.facebook.katana.cleaner.providers: com.facebook.katana.app.providers.ProvidersProcessDbCleanerContentProvider
I/ActivityThread(30539): Pub com.facebook.katana.properties.providers: com.facebook.katana.app.providers.ProvidersProcessDbPropertiesContentProvider
I/ActivityThread(30539): Pub com.facebook.katana.messages.providers: com.facebook.katana.app.providers.ProvidersProcessMessagesDbContentProvider
I/ActivityThread(30539): Pub com.facebook.katana.contacts.providers: com.facebook.katana.app.providers.ProvidersProcessFbContactsContentProvider
I/ActivityThread(30539): Pub com.facebook.katana.provider.FbSharedPrefsProvider_providers_process: com.facebook.prefs.multiprocess.katana.ExperimentalFbSharedPreferencesContentProvider
I/ActivityThread(30539): Pub com.facebook.katana.provider.GraphQLNotificationsProvider: com.facebook.katana.provider.GraphQLNotificationsContentProvider
V/PowerManagerService(  265): User Activity
D/dalvikvm(30539): GC_CONCURRENT freed 577K, 9% free 7170K/7815K, paused 15ms+79ms, total 489ms
V/com.facebook.base.app.AbstractApplicationLike(30539): Forcing initialization of AsyncTask
D/MultiprocessConfigImpl(30539): Multiprocess configuration com.facebook.photos.upload.PhotoUploadMultiprocessConfig state retrieved in 8 ms
I/MultiprocessConfigImpl(30539): Multiprocess configuration com.facebook.photos.upload.PhotoUploadMultiprocessConfig state: false
D/MultiprocessConfigImpl(30539): Multiprocess configuration com.facebook.prefs.multiprocess.FbSharedPreferencesMultiprocessConfig state retrieved in 2 ms
I/MultiprocessConfigImpl(30539): Multiprocess configuration com.facebook.prefs.multiprocess.FbSharedPreferencesMultiprocessConfig state: false
D/MultiprocessConfigImpl(30539): Multiprocess configuration com.facebook.ssl.gk.EnableSSLSessionTicketConfig state retrieved in 1 ms
I/MultiprocessConfigImpl(30539): Multiprocess configuration com.facebook.ssl.gk.EnableSSLSessionTicketConfig state: false
D/MultiprocessConfigImpl(30539): Multiprocess configuration com.facebook.katana.orca.MessengerInFb4aMultiprocessConfig state retrieved in 2 ms
I/MultiprocessConfigImpl(30539): Multiprocess configuration com.facebook.katana.orca.MessengerInFb4aMultiprocessConfig state: false
D/MultiprocessConfigImpl(30539): Multiprocess configuration com.facebook.analytics.service.AnalyticsServiceMultiprocessConfig state retrieved in 4 ms
I/MultiprocessConfigImpl(30539): Multiprocess configuration com.facebook.analytics.service.AnalyticsServiceMultiprocessConfig state: false
I/Receiver(  455): action: android.intent.action.ACTION_POWER_DISCONNECTED
I/BatteryInfoHelper( 5029): battery info updated
D/webviewglue(30300): OnTrimMemory with EGL Context 0x44ef0f88
I/DynamicPManagerService(  265): setCpuFrequnecyPolicy flag :2
D/UsbDeviceManager(  265): disable UsbDeviceManager wakelock wlref = 1
D/dalvikvm(30228): GC_CONCURRENT freed 348K, 11% free 7091K/7879K, paused 13ms+6ms, total 1203ms
D/dalvikvm(30228): WAIT_FOR_CONCURRENT_GC blocked 15ms
D/dalvikvm(30228): WAIT_FOR_CONCURRENT_GC blocked 20ms
I/StorageNotification(  338): UMS connection changed to false (media state mounted)
D/DX-PowerManager( 5029): [Stats] Ignore status report in 12 hours.
E/CloudRemainedTimeState( 5029): true:35:23098683:2
E/DX-PowerManager( 5029): [WidgetUpdataService1x4] get dxhome err:android.content.pm.PackageManager$NameNotFoundException: com.dianxinos.dxhome
E/DX-PowerManager( 5029): [WidgetUpdataService1x4] get dxlauncher err:android.content.pm.PackageManager$NameNotFoundException: com.dianxinos.dxlauncher
I/DX-PowerManager( 5029): [WidgetUpdataService1x4] update Widget RemoteView : android.widget.RemoteViews@41341fd8
E/DX-PowerManager( 5029): [WidgetUpdataService1x4] get dxhome err:android.content.pm.PackageManager$NameNotFoundException: com.dianxinos.dxhome
E/DX-PowerManager( 5029): [WidgetUpdataService1x4] get dxlauncher err:android.content.pm.PackageManager$NameNotFoundException: com.dianxinos.dxlauncher
I/DX-PowerManager( 5029): [WidgetUpdataService1x4] update Widget RemoteView : android.widget.RemoteViews@412da058
V/PowerManagerService(  265): User Activity
I/BatteryInfoHelper( 5029): battery info updated
I/Receiver(  455): action: android.intent.action.ACTION_POWER_CONNECTED
D/DX-PowerManager( 5029): [ChargingTimeHelper] skip updating, mPreLevel: -1, curLevel: 35
D/DX-PowerManager( 5029): [ChargingTimeHelper] skip updating, mPreLevel: 35, curLevel: 35
D/DX-PowerManager( 5029): [Stats] Ignore status report in 12 hours.
D/DX-PowerManager( 5029): [TeleStatusListener] mTeleStatus : 0
W/PowerUI (  338): unknown intent: Intent { act=android.intent.action.ACTION_POWER_CONNECTED flg=0x8000010 }
D/dalvikvm( 5029): GC_CONCURRENT freed 606K, 10% free 6982K/7687K, paused 14ms+50ms, total 261ms
E/CloudRemainedTimeState( 5029): false:35:23124398:3
E/DX-PowerManager( 5029): [WidgetUpdataService1x4] get dxhome err:android.content.pm.PackageManager$NameNotFoundException: com.dianxinos.dxhome
E/DX-PowerManager( 5029): [WidgetUpdataService1x4] get dxlauncher err:android.content.pm.PackageManager$NameNotFoundException: com.dianxinos.dxlauncher
I/DX-PowerManager( 5029): [WidgetUpdataService1x4] update Widget RemoteView : android.widget.RemoteViews@412d08b0
D/DX-Optimizer(30228): [AliveReceiver] Received: android.intent.action.ACTION_POWER_CONNECTED
E/DX-PowerManager( 5029): [WidgetUpdataService1x4] get dxhome err:android.content.pm.PackageManager$NameNotFoundException: com.dianxinos.dxhome
E/DX-PowerManager( 5029): [WidgetUpdataService1x4] get dxlauncher err:android.content.pm.PackageManager$NameNotFoundException: com.dianxinos.dxlauncher
I/DX-PowerManager( 5029): [WidgetUpdataService1x4] update Widget RemoteView : android.widget.RemoteViews@412cf968
D/DX-PowerManager( 5029): [TeleStatusListener] CALL_STATE_IDLE
D/DX-PowerManager( 5029): [Stats] Ignore status report in 12 hours.
D/audio_hw_primary(   87): start_output_stream: card:0, port:0, rate:44100
V/PowerManagerService(  265): User Activity
I/BatteryInfoHelper( 5029): battery info updated
D/DX-PowerManager( 5029): [ChargingTimeHelper] skip updating, mPreLevel: 35, curLevel: 35
D/DX-PowerManager( 5029): [Stats] Ignore status report in 12 hours.
E/CloudRemainedTimeState( 5029): true:35:23124943:2
E/DX-PowerManager( 5029): [WidgetUpdataService1x4] get dxhome err:android.content.pm.PackageManager$NameNotFoundException: com.dianxinos.dxhome
E/DX-PowerManager( 5029): [WidgetUpdataService1x4] get dxlauncher err:android.content.pm.PackageManager$NameNotFoundException: com.dianxinos.dxlauncher
I/DX-PowerManager( 5029): [WidgetUpdataService1x4] update Widget RemoteView : android.widget.RemoteViews@4120fa10
D/DynamicPManager(  265): acquireCpuFreqLock
I/DynamicPManagerService(  265): setCpuFrequnecyPolicy flag :1
D/UsbDeviceManager(  265): enable UsbDeviceManager wakelock wlref = 0
D/dalvikvm(30539): GC_CONCURRENT freed 256K, 6% free 7351K/7815K, paused 13ms+1010ms, total 1290ms
D/dalvikvm(30228): GC_CONCURRENT freed 558K, 12% free 6942K/7879K, paused 35ms+3ms, total 228ms
D/UsbDeviceManager(  265): enable UsbDeviceManager wakelock wlref = 1
I/ActivityManager(  265): Process com.anydo (pid 24899) has died.
I/ActivityManager(  265): START {act=android.intent.action.VIEW flg=0x10000000 cmp=com.dianxinos.optimizer.play/com.dianxinos.optimizer.module.taskman.TapCleanActivity bnds=[288,410][384,506] (has extras) u=0} from pid 7045
V/PowerManagerService(  265): User Activity
V/PowerManagerService(  265): User Activity
D/dalvikvm(30440): GC_CONCURRENT freed 1596K, 14% free 11188K/12871K, paused 9ms+41ms, total 1373ms
I/Choreographer( 7045): Skipped 113 frames!  The application may be doing too much work on its main thread.
I/StorageNotification(  338): UMS connection changed to true (media state mounted)
I/StorageNotification(  338): UMS connection changed to true (media state mounted)
I/dalvikvm(30440): Jit: resizing JitTable from 4096 to 8192
D/dalvikvm(  338): GC_CONCURRENT freed 630K, 55% free 8364K/18567K, paused 14ms+59ms, total 336ms
I/ActivityManager(  265): Displayed com.dianxinos.optimizer.play/com.dianxinos.optimizer.module.taskman.TapCleanActivity: +729ms
V/TabletStatusBar(  338): setLightsOn(true)
D/dalvikvm(30539): GC_CONCURRENT freed 165K, 3% free 7716K/7943K, paused 18ms+20ms, total 286ms
I/dalvikvm(30228): Total arena pages for JIT: 11
I/dalvikvm(30228): Total arena pages for JIT: 12
I/dalvikvm(30228): Total arena pages for JIT: 13
I/dalvikvm(30228): Total arena pages for JIT: 14
I/dalvikvm(30228): Total arena pages for JIT: 15
I/dalvikvm(30228): Total arena pages for JIT: 16
I/dalvikvm(30228): Total arena pages for JIT: 17
D/dalvikvm(30539): GC_CONCURRENT freed 217K, 4% free 8013K/8327K, paused 16ms+18ms, total 253ms
W/System.err(30228): java.lang.NoSuchMethodException: forceStopPackage [class java.lang.String, int]
D/dalvikvm(30228): GC_CONCURRENT freed 294K, 11% free 7063K/7879K, paused 20ms+19ms, total 169ms
W/System.err(30228): 	at java.lang.Class.getConstructorOrMethod(Class.java:460)
W/System.err(30228): 	at java.lang.Class.getMethod(Class.java:915)
W/System.err(30228): 	at dxoptimizer.ie.<clinit>(ActivityManagerCompat.java:66)
W/System.err(30228): 	at dxoptimizer.bqc.a(PackageUtils.java:367)
W/System.err(30228): 	at dxoptimizer.bin.a(TKPubApi.java:214)
W/System.err(30228): 	at dxoptimizer.bin.h(TKPubApi.java:205)
W/System.err(30228): 	at com.dianxinos.optimizer.module.taskman.ProcessKillService.onHandleIntent(ProcessKillService.java:52)
W/System.err(30228): 	at android.app.IntentService$ServiceHandler.handleMessage(IntentService.java:65)
W/System.err(30228): 	at android.os.Handler.dispatchMessage(Handler.java:99)
W/System.err(30228): 	at android.os.Looper.loop(Looper.java:137)
W/System.err(30228): 	at android.os.HandlerThread.run(HandlerThread.java:60)
I/ActivityManager(  265): Killing proc 30379:com.google.android.youtube/u0a64: kill background
I/ActivityManager(  265): Killing proc 24717:com.siri.bigboy/u0a119: kill background
W/ActivityManager(  265): Scheduling restart of crashed service com.siri.bigboy/net.miidi.ad.push.AdPushService in 5000ms
I/ActivityManager(  265): Killing proc 29923:jp.naver.line.android/u0a51: kill background
I/ActivityManager(  265): Killing proc 4898:jp.naver.android.npush/u0a51: kill background
W/ActivityManager(  265): Scheduling restart of crashed service jp.naver.line.android/jp.naver.android.npush.service.NPushMessageService in 14977ms
I/ActivityManager(  265): Killing proc 29889:org.funnylab.manfun/u0a59: kill background
W/ActivityManager(  265): Scheduling restart of crashed service org.funnylab.manfun/.service.CheckBookNewChapterService in 24958ms
I/ActivityManager(  265): Killing proc 30440:com.facebook.katana/u0a107: kill background
W/ActivityManager(  265): Scheduling restart of crashed service com.facebook.katana/com.facebook.analytics.service.AnalyticsService in 34951ms
I/ActivityManager(  265): Killing proc 30539:com.facebook.katana:providers/u0a107: kill background
I/ActivityManager(  265): Killing proc 30347:com.android.chrome/u0a117: kill background
I/ActivityManager(  265): Killing proc 29950:com.funshion.video.mobile/u0a116: kill background
W/ActivityManager(  265): Scheduling restart of crashed service com.funshion.video.mobile/.push.NotificationService in 44921ms
I/ActivityManager(  265): Killing proc 29725:com.funshion.video.mobile:pushservice_v1/u0a116: kill background
W/ActivityManager(  265): Scheduling restart of crashed service com.funshion.video.mobile/com.baidu.android.pushservice.PushService in 54919ms
I/ActivityManager(  265): Killing proc 30300:com.phonegap.pgbfbtest/u0a54: kill background
I/ActivityManager(  265): Killing proc 512:com.google.process.gapps/u0a19: kill background
W/ActivityManager(  265): Scheduling restart of crashed service com.google.android.gms/.gcm.GcmService in 64879ms
W/ActivityManager(  265): Scheduling restart of crashed service com.google.android.location/.internal.server.NetworkLocationService in 64879ms
W/ActivityManager(  265): Scheduling restart of crashed service com.google.android.location/.NetworkLocationService in 74879ms
W/ActivityManager(  265): Scheduling restart of crashed service com.google.android.gsf/.gtalkservice.service.GTalkService in 84878ms
I/ActivityManager(  265): Killing proc 25031:com.google.process.location/u0a19: kill background
W/ActivityManager(  265): Scheduling restart of crashed service com.google.android.gms/com.google.android.location.internal.server.GoogleLocationService in 94875ms
W/ActivityManager(  265): Scheduling restart of crashed service com.google.android.gms/com.google.android.location.internal.GoogleLocationManagerService in 104875ms
I/ActivityManager(  265): Killing proc 10056:com.google.android.gms/u0a19: kill background
W/ActivityManager(  265): Scheduling restart of crashed service com.google.android.gms/.analytics.service.AnalyticsService in 114833ms
D/dalvikvm(30228): WAIT_FOR_CONCURRENT_GC blocked 0ms
W/InputDispatcher(  265): channel '4160e358 com.phonegap.pgbfbtest/com.phonegap.pgbfbtest.sample_childbrowser (server)' ~ Consumer closed input channel or an error occurred.  events=0x9
E/InputDispatcher(  265): channel '4160e358 com.phonegap.pgbfbtest/com.phonegap.pgbfbtest.sample_childbrowser (server)' ~ Channel is unrecoverably broken and will be disposed!
W/InputDispatcher(  265): Attempted to unregister already unregistered input channel '4160e358 com.phonegap.pgbfbtest/com.phonegap.pgbfbtest.sample_childbrowser (server)'
I/WindowManager(  265): WINDOW DIED Window{4160e358 com.phonegap.pgbfbtest/com.phonegap.pgbfbtest.sample_childbrowser paused=false}
I/LocationManagerService(  265): remove passive (pid 265), next minTime = 0
I/LocationManagerService(  265): remove passive (pid 265), next minTime = 0
D/dalvikvm(30228): GC_EXPLICIT freed 54K, 11% free 7045K/7879K, paused 3ms+20ms, total 224ms
D/dalvikvm(30228): WAIT_FOR_CONCURRENT_GC blocked 0ms
D/dalvikvm(30228): GC_EXPLICIT freed 32K, 11% free 7013K/7879K, paused 5ms+3ms, total 69ms
I/LocationManagerService(  265): remove passive (pid 265), next minTime = 0
I/Choreographer(30228): Skipped 53 frames!  The application may be doing too much work on its main thread.
V/PowerManagerService(  265): User Activity
V/PowerManagerService(  265): User Activity
D/dalvikvm(  235): WAIT_FOR_CONCURRENT_GC blocked 0ms
I/ActivityManager(  265): Start proc com.siri.bigboy for service com.siri.bigboy/net.miidi.ad.push.AdPushService: pid=30581 uid=10119 gids={3003, 1015, 1006, 1028}
I/dalvikvm(30581): Turning on JNI app bug workarounds for target SDK version 4...
D/dalvikvm(  235): GC_EXPLICIT freed 38K, 5% free 6048K/6339K, paused 2ms+3ms, total 51ms
D/dalvikvm(  235): WAIT_FOR_CONCURRENT_GC blocked 0ms
E/Trace   (30581): error opening trace file: No such file or directory (2)
D/dalvikvm(  235): GC_EXPLICIT freed <1K, 5% free 6048K/6339K, paused 3ms+14ms, total 78ms
D/dalvikvm(  235): WAIT_FOR_CONCURRENT_GC blocked 0ms
D/dalvikvm(  235): GC_EXPLICIT freed <1K, 5% free 6048K/6339K, paused 2ms+4ms, total 56ms
V/PowerManagerService(  265): User Activity
I/BatteryInfoHelper( 5029): battery info updated
I/Receiver(  455): action: android.intent.action.ACTION_POWER_DISCONNECTED
I/ActivityManager(  265): Start proc jp.naver.line.android for broadcast jp.naver.line.android/.service.push.SystemBroadcastReceiver: pid=30596 uid=10051 gids={1006, 3003, 1015, 1028, 3002}
D/DX-PowerManager( 5029): [Stats] Ignore status report in 12 hours.
E/CloudRemainedTimeState( 5029): true:35:23124943:2
I/dalvikvm(30596): Turning on JNI app bug workarounds for target SDK version 10...
E/DX-PowerManager( 5029): [WidgetUpdataService1x4] get dxhome err:android.content.pm.PackageManager$NameNotFoundException: com.dianxinos.dxhome
E/DX-PowerManager( 5029): [WidgetUpdataService1x4] get dxlauncher err:android.content.pm.PackageManager$NameNotFoundException: com.dianxinos.dxlauncher
I/DX-PowerManager( 5029): [WidgetUpdataService1x4] update Widget RemoteView : android.widget.RemoteViews@412d79b8
E/DX-PowerManager( 5029): [WidgetUpdataService1x4] get dxhome err:android.content.pm.PackageManager$NameNotFoundException: com.dianxinos.dxhome
E/DX-PowerManager( 5029): [WidgetUpdataService1x4] get dxlauncher err:android.content.pm.PackageManager$NameNotFoundException: com.dianxinos.dxlauncher
I/DX-PowerManager( 5029): [WidgetUpdataService1x4] update Widget RemoteView : android.widget.RemoteViews@412eb9b8
E/Trace   (30596): error opening trace file: No such file or directory (2)
D/dalvikvm(30228): GC_CONCURRENT freed 289K, 10% free 7137K/7879K, paused 33ms+6ms, total 106ms
D/dalvikvm(30596): WAIT_FOR_CONCURRENT_GC blocked 0ms
D/dalvikvm(30596): GC_CONCURRENT freed 154K, 4% free 6399K/6599K, paused 12ms+2ms, total 46ms
D/dalvikvm(30596): WAIT_FOR_CONCURRENT_GC blocked 18ms
D/dalvikvm(30596): GC_CONCURRENT freed 145K, 3% free 6782K/6983K, paused 13ms+16ms, total 68ms
D/dalvikvm(30596): WAIT_FOR_CONCURRENT_GC blocked 3ms
I/ActivityManager(  265): Start proc jp.naver.android.npush for service jp.naver.line.android/jp.naver.android.npush.service.NPushMessageService: pid=30609 uid=10051 gids={1006, 3003, 1015, 1028, 3002}
I/dalvikvm(30609): Turning on JNI app bug workarounds for target SDK version 10...
E/Trace   (30609): error opening trace file: No such file or directory (2)
I/ActivityThread(30596): Pub jp.naver.line.android.LineStore: jp.naver.line.android.cp.LineContentProvider
I/ActivityThread(30596): Pub jp.naver.line.android: jp.naver.line.android.activity.channel.LocalJSProvider
D/dalvikvm(30609): WAIT_FOR_CONCURRENT_GC blocked 0ms
D/dalvikvm(30609): GC_CONCURRENT freed 157K, 4% free 6396K/6599K, paused 13ms+5ms, total 96ms
D/dalvikvm(30609): WAIT_FOR_CONCURRENT_GC blocked 56ms
D/dalvikvm(30596): GC_CONCURRENT freed 161K, 4% free 7139K/7367K, paused 24ms+4ms, total 112ms
D/dalvikvm(30596): WAIT_FOR_CONCURRENT_GC blocked 34ms
D/dalvikvm(30609): GC_CONCURRENT freed 151K, 3% free 6776K/6983K, paused 30ms+2ms, total 106ms
D/dalvikvm(30609): WAIT_FOR_CONCURRENT_GC blocked 48ms
D/dalvikvm(30596): GC_CONCURRENT freed 155K, 3% free 7521K/7751K, paused 19ms+3ms, total 117ms
D/dalvikvm(30596): WAIT_FOR_CONCURRENT_GC blocked 34ms
D/dalvikvm(30596): GC_FOR_ALLOC freed 328K, 7% free 7580K/8071K, paused 62ms, total 62ms
D/dalvikvm(30596): GC_FOR_ALLOC freed 62K, 6% free 7644K/8071K, paused 76ms, total 76ms
I/dalvikvm-heap(30596): Grow heap (frag case) to 7.756MB for 260112-byte allocation
D/dalvikvm(30609): GC_CONCURRENT freed 155K, 4% free 7144K/7367K, paused 18ms+3ms, total 85ms
D/dalvikvm(30609): WAIT_FOR_CONCURRENT_GC blocked 38ms
D/dalvikvm(30596): GC_FOR_ALLOC freed 126K, 7% free 7772K/8327K, paused 62ms, total 62ms
I/dalvikvm-heap(30596): Grow heap (frag case) to 8.131MB for 522256-byte allocation
D/dalvikvm(30596): GC_FOR_ALLOC freed 254K, 10% free 8028K/8839K, paused 49ms, total 49ms
I/dalvikvm-heap(30596): Grow heap (frag case) to 8.138MB for 267116-byte allocation
D/dalvikvm(30596): GC_FOR_ALLOC freed 511K, 16% free 7778K/9159K, paused 77ms, total 77ms
