I/ActivityManager(  265): Start proc com.facebook.katana for service com.facebook.katana/.service.FacebookService: pid=9671 uid=10107 gids={3003, 1006, 1015, 1028}
I/ActivityManager(  265): Process com.android.musicfx (pid 8813) has died.
I/ActivityManager(  265): Process jp.naver.line.android (pid 8951) has died.
I/ActivityManager(  265): Start proc com.facebook.katana:providers for content provider com.facebook.katana/.provider.GraphQLNotificationsContentProvider: pid=9716 uid=10107 gids={3003, 1006, 1015, 1028}
I/ActivityManager(  265): Process com.google.android.googlequicksearchbox (pid 8827) has died.
I/LocationManagerService(  265): request passive (pid 9671) 0 0
I/ActivityManager(  265): Process me.gira.widget.countdown (pid 6730) has died.
I/ActivityManager(  265): Start proc com.google.process.location for service com.google.android.gms/com.google.android.location.internal.server.GoogleLocationService: pid=9750 uid=10019 gids={3003, 1015, 1028, 1007, 1006, 2001, 3006}
I/ActivityManager(  265): Process com.devhd.feedly (pid 9458) has died.
I/ActivityManager(  265): Start proc com.google.android.gsf.login for service com.google.android.gms/.recovery.AccountRecoveryBackgroundService: pid=9767 uid=10019 gids={3003, 1015, 1028, 1007, 1006, 2001, 3006}
I/ActivityManager(  265): Process com.anydo (pid 8016) has died.
I/ActivityManager(  265): Process com.google.android.gsf.login (pid 9767) has died.
I/LocationManagerService(  265): request passive (pid 9750) 0 0
I/LocationManagerService(  265): request passive (pid 9750) 1000 0
I/ActivityManager(  265): Process com.facebook.katana:providers (pid 9716) has died.
I/ActivityManager(  265): Start proc com.google.android.gm for service com.google.android.gm/.provider.MailSyncAdapterService: pid=9929 uid=10017 gids={3003, 1015, 1028}
I/ActivityManager(  265): Start proc com.google.android.gsf.login for service com.google.android.gsf.login/com.google.android.gsf.loginservice.GoogleLoginService: pid=9952 uid=10019 gids={3003, 1015, 1028, 1007, 1006, 2001, 3006}
I/ActivityManager(  265): Start proc com.google.android.syncadapters.calendar for service com.google.android.syncadapters.calendar/.CalendarSyncAdapterService: pid=9978 uid=10018 gids={3003}
I/ActivityManager(  265): Start proc com.android.providers.calendar for content provider com.android.providers.calendar/.CalendarProvider2: pid=9994 uid=10005 gids={3003, 1015, 1028}
I/ActivityManager(  265): Start proc com.android.calendar for broadcast com.android.calendar/.alerts.AlertReceiver: pid=10012 uid=10004 gids={3003}
I/ActivityManager(  265): Process com.google.android.gms (pid 6335) has died.
W/ActivityManager(  265): Scheduling restart of crashed service com.google.android.gms/.analytics.service.AnalyticsService in 5000ms
I/ActivityManager(  265): Start proc android.process.acore for content provider com.android.providers.contacts/.ContactsProvider2: pid=10039 uid=10000 gids={3003, 1015, 1028}
I/LocationManagerService(  265): remove passive (pid 265), next minTime = 0
I/ActivityManager(  265): Process com.facebook.katana (pid 9671) has died.
I/ActivityManager(  265): Start proc com.google.android.gms for service com.google.android.gms/.analytics.service.AnalyticsService: pid=10056 uid=10019 gids={3003, 1015, 1028, 1007, 1006, 2001, 3006}
W/ThrottleService(  265): unable to find stats for iface rmnet0
V/BackupManagerService(  265): Running a backup pass
V/BackupManagerService(  265): clearing pending backups
V/PerformBackupTask(  265): Beginning backup of 1 targets
D/PerformBackupTask(  265): invokeAgentForBackup on @pm@
I/PerformBackupTask(  265): no backup data written; not calling transport
D/PerformBackupTask(  265): starting agent for backup of BackupRequest{pkg=android}
D/BackupManagerService(  265): awaiting agent for ApplicationInfo{41301ae8 android}
D/BackupManagerService(  265): agentConnected pkg=android agent=android.app.backup.BackupAgent$BackupServiceBinder@416f39e0
I/BackupManagerService(  265): got agent android.app.backup.BackupAgent$BackupServiceBinder@416f39e0
D/PerformBackupTask(  265): invokeAgentForBackup on android
I/PerformBackupTask(  265): Backup pass finished.
I/ActivityManager(  265): Start proc com.facebook.katana for service com.facebook.katana/com.facebook.common.tempfile.TempFileCleanupService: pid=10463 uid=10107 gids={3003, 1006, 1015, 1028}
I/ActivityManager(  265): Start proc com.devhd.feedly for broadcast com.devhd.feedly/.widget.FeedlyWidgetProvider: pid=10474 uid=10095 gids={3003, 1015, 1028}
I/ActivityManager(  265): Process android.process.acore (pid 10039) has died.
I/ActivityManager(  265): Process com.google.android.gm (pid 9929) has died.
I/LocationManagerService(  265): request passive (pid 10463) 0 0
I/ActivityManager(  265): Start proc com.facebook.katana:providers for content provider com.facebook.katana/.provider.GraphQLNotificationsContentProvider: pid=10522 uid=10107 gids={3003, 1006, 1015, 1028}
I/ActivityManager(  265): Process com.google.android.gsf.login (pid 9952) has died.
I/ActivityManager(  265): Process com.android.calendar (pid 10012) has died.
I/ActivityManager(  265): Process com.google.android.syncadapters.calendar (pid 9978) has died.
I/ActivityManager(  265): Process com.devhd.feedly (pid 10474) has died.
I/ActivityManager(  265): Process com.android.providers.calendar (pid 9994) has died.
I/LocationManagerService(  265): request passive (pid 10522) 0 0
I/LocationManagerService(  265): remove passive (pid 265), next minTime = 0
I/ActivityManager(  265): Process com.facebook.katana:providers (pid 10522) has died.
I/ActivityManager(  265): Applications Memory Usage (kB):
I/ActivityManager(  265): Uptime: 13547334 Realtime: 15326237
I/ActivityManager(  265): Total PSS by OOM adjustment:
I/ActivityManager(  265):     22224 kB: System
I/ActivityManager(  265):                22224 kB: system (pid 265)
I/ActivityManager(  265):     21392 kB: Persistent
I/ActivityManager(  265):                13183 kB: com.android.systemui (pid 338)
I/ActivityManager(  265):                 4404 kB: com.android.phone (pid 440)
I/ActivityManager(  265):                 3805 kB: com.clouds.server (pid 455)
I/ActivityManager(  265):     43215 kB: Foreground
I/ActivityManager(  265):                43215 kB: com.phonegap.pgbfbtest (pid 9042)
I/ActivityManager(  265):      2581 kB: Visible
I/ActivityManager(  265):                 2581 kB: com.android.smspush (pid 539)
I/ActivityManager(  265):     20114 kB: Perceptible
I/ActivityManager(  265):                 9628 kB: com.android.vending (pid 1144)
I/ActivityManager(  265):                 6618 kB: com.domobile.applock (pid 1120)
I/ActivityManager(  265):                 3868 kB: tw.chaozhuyin (pid 424)
I/ActivityManager(  265):     78899 kB: A Services
I/ActivityManager(  265):                32699 kB: com.facebook.katana (pid 10463)
I/ActivityManager(  265):                23225 kB: com.facebook.katana:providers (pid 10522)
I/ActivityManager(  265):                 9658 kB: com.google.process.gapps (pid 512)
I/ActivityManager(  265):                 6812 kB: com.google.process.location (pid 9750)
I/ActivityManager(  265):                 6505 kB: com.google.android.gms (pid 10056)
I/ActivityManager(  265):     16720 kB: Home
I/ActivityManager(  265):                16720 kB: com.android.launcher (pid 7045)
I/ActivityManager(  265):     41233 kB: B Services
I/ActivityManager(  265):                 9423 kB: jp.naver.android.npush (pid 4898)
I/ActivityManager(  265):                 8183 kB: com.dianxinos.powermanager (pid 5029)
I/ActivityManager(  265):                 7127 kB: com.dianxinos.optimizer.play (pid 9636)
I/ActivityManager(  265):                 4784 kB: com.funshion.video.mobile:pushservice_v1 (pid 8900)
I/ActivityManager(  265):                 4171 kB: com.funshion.video.mobile (pid 9000)
I/ActivityManager(  265):                 4037 kB: com.siri.bigboy (pid 8965)
I/ActivityManager(  265):                 3508 kB: org.funnylab.manfun (pid 8873)
I/ActivityManager(  265): 
I/ActivityManager(  265): Total PSS: 246378 kB
I/ActivityManager(  265):       KSM: 0 kB saved from shared 0 kB
I/ActivityManager(  265):            0 kB unshared; 0 kB volatile
I/ActivityManager(  265):   PID      Vss      Rss      Pss      Uss  cmdline
I/ActivityManager(  265):  9042   90844K   59024K   43309K   42228K  com.phonegap.pgbfbtest
I/ActivityManager(  265): 10463   55836K   55756K   37869K   35732K  com.facebook.katana
I/ActivityManager(  265):   265   37432K   37368K   22514K   21508K  system_server
I/ActivityManager(  265):  7045   32188K   32112K   16829K   15828K  com.android.launcher
I/ActivityManager(  265):   338   40692K   28176K   13337K   12268K  com.android.systemui
I/ActivityManager(  265):   512   25528K   25420K    9783K    8660K  com.google.process.gapps
I/ActivityManager(  265):  1144   23068K   22996K    9726K    9068K  com.android.vending
I/ActivityManager(  265):  4898   23172K   23080K    9524K    8792K  jp.naver.android.npush
I/ActivityManager(  265):  5029   23140K   23092K    8282K    7416K  com.dianxinos.powermanager
I/ActivityManager(  265):  9636   23304K   23228K    7216K    6152K  com.dianxinos.optimizer.play
I/ActivityManager(  265):  9750   24416K   24332K    7018K    5400K  com.google.process.location
I/ActivityManager(  265): 10056   24340K   24252K    6743K    5060K  com.google.android.gms
I/ActivityManager(  265):  1120   25000K   19740K    6713K    6036K  com.domobile.applock
I/ActivityManager(  265):  8900   19972K   19892K    4897K    4076K  com.funshion.video.mobile:pushservice_v1
I/ActivityManager(  265):   440   18116K   18040K    4500K    3808K  com.android.phone
I/ActivityManager(  265):  9000   19564K   19476K    4289K    3420K  com.funshion.video.mobile
I/ActivityManager(  265):  8965   19080K   19012K    4149K    3292K  com.siri.bigboy
I/ActivityManager(  265):   424   17280K   17196K    3964K    3280K  tw.chaozhuyin
I/ActivityManager(  265):   455   17016K   16908K    3897K    3248K  com.clouds.server
I/ActivityManager(  265):  8873   18660K   18552K    3626K    2784K  org.funnylab.manfun
I/ActivityManager(  265):   539   16040K   15924K    2686K    1868K  com.android.smspush
I/ActivityManager(  265):    87    2852K    2852K    2415K    2372K  /system/bin/mediaserver
I/ActivityManager(  265):   235   16112K   15976K    2370K    1488K  zygote
I/ActivityManager(  265):   236   17572K    2420K    1802K    1704K  /system/bin/surfaceflinger
I/ActivityManager(  265): 10576    1292K    1292K    1101K    1076K  procrank
I/ActivityManager(  265):    86    1056K    1056K     773K     764K  /system/bin/drmserver
I/ActivityManager(  265):    81     792K     792K     578K     556K  /system/bin/wifi_bin/netd
I/ActivityManager(  265):   380     584K     584K     398K     392K  /system/bin/wifi_bin/wpa_supplicant
I/ActivityManager(  265):    90     592K     564K     364K     356K  /system/bin/keystore
I/ActivityManager(  265):    80     500K     500K     321K     312K  /system/bin/vold
I/ActivityManager(  265):    83     520K     520K     302K     296K  /system/bin/rild
I/ActivityManager(  265):    92     476K     476K     258K     252K  /system/bin/shell_cmd_service
I/ActivityManager(  265):   261     220K     220K     200K     196K  /sbin/adbd
I/ActivityManager(  265):  4269     320K     320K     176K     172K  /system/bin/dhcpcd
I/ActivityManager(  265):    91     292K     292K     163K     160K  /system/bin/u3gmonitor
I/ActivityManager(  265):     1     228K     228K     158K     112K  /init
I/ActivityManager(  265):    88     252K     248K     142
I/ActivityManager(  265): Start proc com.android.defcontainer for service com.android.defcontainer/.DefaultContainerService: pid=10734 uid=10008 gids={1015, 2001, 1028}
I/ActivityManager(  265): Process org.funnylab.manfun (pid 8873) has died.
W/ActivityManager(  265): Scheduling restart of crashed service org.funnylab.manfun/.service.CheckBookNewChapterService in 5000ms
I/ActivityManager(  265): Process com.facebook.katana (pid 10463) has died.
I/LocationManagerService(  265): remove passive (pid 265), next minTime = 0
W/ActivityManager(  265): No content provider found for permission revoke: file:///data/local/tmp/ChildBrowser-debug (4).apk
W/ActivityManager(  265): No content provider found for permission revoke: file:///data/local/tmp/ChildBrowser-debug (4).apk
W/PackageParser(  265): No actions in intent filter at /data/app/vmdl-1610904951.tmp Binary XML file line #28
I/ActivityManager(  265): Force stopping package com.phonegap.pgbfbtest uid=10054
I/ActivityManager(  265): Killing proc 9042:com.phonegap.pgbfbtest/u0a54: force stop
W/ActivityManager(  265): Force removing ActivityRecord{417438f8 com.phonegap.pgbfbtest/.ChildBrowser}: app died, no saved state
I/WindowState(  265): WIN DEATH: Window{41a5b188 com.phonegap.pgbfbtest/com.phonegap.pgbfbtest.ChildBrowser paused=false}
I/PackageManager(  265): Package com.phonegap.pgbfbtest codePath changed from /data/app/com.phonegap.pgbfbtest-1.apk to /data/app/com.phonegap.pgbfbtest-2.apk; Retaining data and using new
W/InputMethodManagerService(  265): Got RemoteException sending setActive(false) notification to pid 9042 uid 10054
I/ActivityManager(  265): Start proc org.funnylab.manfun for service org.funnylab.manfun/.service.CheckBookNewChapterService: pid=10755 uid=10059 gids={3003, 1015, 1028}
W/PackageManager(  265): Code path for pkg : com.phonegap.pgbfbtest changing from /data/app/com.phonegap.pgbfbtest-1.apk to /data/app/com.phonegap.pgbfbtest-2.apk
W/PackageManager(  265): Resource path for pkg : com.phonegap.pgbfbtest changing from /data/app/com.phonegap.pgbfbtest-1.apk to /data/app/com.phonegap.pgbfbtest-2.apk
W/PackageManager(  265): Unknown permission android.permission.RECORD_VIDEO in package com.phonegap.pgbfbtest
D/BackupManagerService(  265): Now staging backup of android
I/ActivityManager(  265): Force stopping package com.phonegap.pgbfbtest uid=10054
I/ActivityManager(  265): Force stopping package com.phonegap.pgbfbtest uid=10054
I/ActivityManager(  265): Start proc me.gira.widget.countdown for broadcast me.gira.widget.countdown/fortytwo.android.lib.Receiver: pid=10769 uid=10099 gids={3003}
I/ActivityManager(  265): Start proc android.process.acore for broadcast com.android.providers.contacts/.PackageIntentReceiver: pid=10782 uid=10000 gids={3003, 1015, 1028}
I/ActivityManager(  265): Start proc com.android.gallery3d for broadcast com.android.gallery3d/.app.PackagesMonitor: pid=10804 uid=10016 gids={1006, 3003, 1015, 1028}
I/ActivityManager(  265): Start proc com.android.keychain for broadcast com.android.keychain/.KeyChainBroadcastReceiver: pid=10819 uid=1000 gids={1015, 3002, 3001, 3003, 1028, 3007}
I/ActivityManager(  265): Start proc com.android.musicfx for broadcast com.android.musicfx/.Compatibility$Receiver: pid=10832 uid=10034 gids={3003, 3002}
I/ActivityManager(  265): Start proc com.google.android.googlequicksearchbox for broadcast com.google.android.googlequicksearchbox/com.google.android.apps.sidekick.GmmLocationProviderImpl$GmmPackageWatcher: pid=10850 uid=10041 gids={3003, 1028, 1007, 3002, 1015}
D/BackupManagerService(  265): Received broadcast Intent { act=android.intent.action.PACKAGE_REMOVED dat=package:com.phonegap.pgbfbtest flg=0x8000010 (has extras) }
D/BackupManagerService(  265): Received broadcast Intent { act=android.intent.action.PACKAGE_ADDED dat=package:com.phonegap.pgbfbtest flg=0x8000010 (has extras) }
V/BackupManagerService(  265): removePackageParticipantsLocked: uid=10054 #1
V/BackupManagerService(  265): addPackageParticipantsLocked: #1
I/ActivityManager(  265): Start proc com.google.android.partnersetup for content provider com.google.android.partnersetup/.RlzAppProvider: pid=10877 uid=10022 gids={3003}
I/ActivityManager(  265): Start proc com.google.android.gsf.login for service com.google.android.gsf.login/com.google.android.gsf.loginservice.GoogleLoginService: pid=10890 uid=10019 gids={3003, 1015, 1028, 1007, 1006, 2001, 3006}
I/ActivityManager(  265): Start proc com.svox.pico for broadcast com.svox.pico/.VoiceDataInstallerReceiver: pid=10931 uid=10039 gids={1015, 1028}
I/ActivityManager(  265): Start proc com.anydo for broadcast com.anydo/.receiver.OnUpgradeReceiver: pid=10978 uid=10072 gids={3003, 1015, 1028}
I/ActivityManager(  265): Start proc jp.naver.line.android for broadcast jp.naver.line.android/.service.push.SystemBroadcastReceiver: pid=11005 uid=10051 gids={1006, 3003, 1015, 1028, 3002}
I/ActivityManager(  265): START {act=android.intent.action.MAIN cat=[android.intent.category.LAUNCHER] flg=0x10200000 cmp=com.phonegap.pgbfbtest/.ChildBrowser bnds=[192,282][288,378] u=0} from pid 7045
I/ActivityManager(  265): Start proc com.phonegap.pgbfbtest for activity com.phonegap.pgbfbtest/.ChildBrowser: pid=11048 uid=10054 gids={1006, 3003, 1015, 1028}
W/ThrottleService(  265): unable to find stats for iface rmnet0
I/ActivityManager(  265): Process com.funshion.video.mobile (pid 9000) has died.
W/ActivityManager(  265): Scheduling restart of crashed service com.funshion.video.mobile/.push.NotificationService in 5000ms
I/ActivityManager(  265): Process com.google.android.gsf.login (pid 10890) has died.
I/ActivityManager(  265): Process com.android.keychain (pid 10819) has died.
I/ActivityManager(  265): Process me.gira.widget.countdown (pid 10769) has died.
I/ActivityManager(  265): Process com.android.defcontainer (pid 10734) has died.
I/ActivityManager(  265): Process android.process.acore (pid 10782) has died.
I/ActivityManager(  265): Start proc com.funshion.video.mobile for service com.funshion.video.mobile/.push.NotificationService: pid=11091 uid=10116 gids={1015, 3003, 1028}
W/ThrottleService(  265): unable to find stats for iface rmnet0
I/ActivityManager(  265): Start proc com.facebook.katana for service com.facebook.katana/com.facebook.common.tempfile.TempFileCleanupService: pid=11479 uid=10107 gids={3003, 1006, 1015, 1028}
I/ActivityManager(  265): Start proc com.devhd.feedly for broadcast com.devhd.feedly/.widget.FeedlyWidgetProvider: pid=11491 uid=10095 gids={3003, 1015, 1028}
I/ActivityManager(  265): Start proc me.gira.widget.countdown for broadcast me.gira.widget.countdown/.providers.WidgetProvider: pid=11507 uid=10099 gids={3003}
I/ActivityManager(  265): Process com.android.gallery3d (pid 10804) has died.
I/ActivityManager(  265): Process com.google.android.partnersetup (pid 10877) has died.
I/ActivityManager(  265): Process com.android.musicfx (pid 10832) has died.
I/LocationManagerService(  265): request passive (pid 11479) 0 0
I/ActivityManager(  265): Process com.google.android.googlequicksearchbox (pid 10850) has died.
I/ActivityManager(  265): Start proc com.facebook.katana:providers for content provider com.facebook.katana/.provider.GraphQLNotificationsContentProvider: pid=11562 uid=10107 gids={3003, 1006, 1015, 1028}
I/ActivityManager(  265): Process com.anydo (pid 10978) has died.
I/ActivityManager(  265): Process com.svox.pico (pid 10931) has died.
I/ActivityManager(  265): Process jp.naver.line.android (pid 11005) has died.
I/ActivityManager(  265): Process me.gira.widget.countdown (pid 11507) has died.
I/LocationManagerService(  265): request passive (pid 11562) 0 0
I/ActivityManager(  265): Start proc com.anydo for service com.anydo/.service.MeetingEndedService: pid=11612 uid=10072 gids={3003, 1015, 1028}
I/ActivityManager(  265): Start proc android.process.acore for content provider com.android.providers.contacts/.ContactsProvider2: pid=11639 uid=10000 gids={3003, 1015, 1028}
I/ActivityManager(  265): Process com.devhd.feedly (pid 11491) has died.
I/ActivityManager(  265): Process com.facebook.katana:providers (pid 11562) has died.
I/LocationManagerService(  265): remove passive (pid 265), next minTime = 0
I/ActivityManager(  265): Start proc com.android.defcontainer for service com.android.defcontainer/.DefaultContainerService: pid=11918 uid=10008 gids={1015, 2001, 1028}
I/ActivityManager(  265): Process com.siri.bigboy (pid 8965) has died.
W/ActivityManager(  265): Scheduling restart of crashed service com.siri.bigboy/net.miidi.ad.push.AdPushService in 5000ms
W/ActivityManager(  265): No content provider found for permission revoke: file:///data/local/tmp/sheep800828_sample_childbrowser-debug.apk
W/ActivityManager(  265): No content provider found for permission revoke: file:///data/local/tmp/sheep800828_sample_childbrowser-debug.apk
W/PackageParser(  265): No actions in intent filter at /data/app/vmdl-1112835992.tmp Binary XML file line #44
I/ActivityManager(  265): Process com.anydo (pid 11612) has died.
I/ActivityManager(  265): Force stopping package com.phonegap.www uid=10070
W/PackageManager(  265): Unknown permission android.permission.RECORD_VIDEO in package com.phonegap.www
I/ActivityManager(  265): Start proc me.gira.widget.countdown for broadcast me.gira.widget.countdown/fortytwo.android.lib.Receiver: pid=11933 uid=10099 gids={3003}
I/ActivityManager(  265): Start proc com.android.gallery3d for broadcast com.android.gallery3d/.app.PackagesMonitor: pid=11958 uid=10016 gids={1006, 3003, 1015, 1028}
I/ActivityManager(  265): Process com.dianxinos.optimizer.play (pid 9636) has died.
W/ActivityManager(  265): Scheduling restart of crashed service com.dianxinos.optimizer.play/com.dianxinos.optimizer.module.external.HomeMonitorService in 10432ms
W/ActivityManager(  265): Scheduling restart of crashed service com.dianxinos.optimizer.play/com.dianxinos.optimizer.PerformanceService in 20432ms
W/ActivityManager(  265): Scheduling restart of crashed service com.dianxinos.optimizer.play/com.dianxinos.optimizer.analysis.PerformanceMonitorService in 30432ms
I/ActivityManager(  265): Start proc com.siri.bigboy for service com.siri.bigboy/net.miidi.ad.push.AdPushService: pid=11971 uid=10119 gids={3003, 1015, 1006, 1028}
D/BackupManagerService(  265): Received broadcast Intent { act=android.intent.action.PACKAGE_ADDED dat=package:com.phonegap.www flg=0x8000010 (has extras) }
V/BackupManagerService(  265): addPackageParticipantsLocked: #1
I/ActivityManager(  265): Start proc com.google.android.partnersetup for broadcast com.google.android.partnersetup/.RlzPingBroadcastReceiver: pid=11989 uid=10022 gids={3003}
I/ActivityManager(  265): Start proc com.android.musicfx for broadcast com.android.musicfx/.Compatibility$Receiver: pid=12006 uid=10034 gids={3003, 3002}
I/ActivityManager(  265): START {act=android.intent.action.MAIN cat=[android.intent.category.HOME] flg=0x10200000 cmp=com.android.launcher/com.android.launcher2.Launcher u=0} from pid 265
I/ActivityManager(  265): Start proc com.svox.pico for broadcast com.svox.pico/.VoiceDataInstallerReceiver: pid=12024 uid=10039 gids={1015, 1028}
I/LocationManagerService(  265): remove passive (pid 265), next minTime = 0
I/ActivityManager(  265): Process com.facebook.katana (pid 11479) has died.
I/ActivityManager(  265): START {act=android.intent.action.MAIN cat=[android.intent.category.HOME] flg=0x10200000 cmp=com.android.launcher/com.android.launcher2.Launcher u=0} from pid 265
I/ActivityManager(  265): START {act=android.intent.action.MAIN cat=[android.intent.category.HOME] flg=0x10200000 cmp=com.android.launcher/com.android.launcher2.Launcher u=0} from pid 265
I/ActivityManager(  265): START {act=android.intent.action.MAIN cat=[android.intent.category.HOME] flg=0x10200000 cmp=com.android.launcher/com.android.launcher2.Launcher u=0} from pid 265
I/ActivityManager(  265): Start proc com.google.android.googlequicksearchbox for broadcast com.google.android.googlequicksearchbox/com.google.android.apps.sidekick.GmmLocationProviderImpl$GmmPackageWatcher: pid=12045 uid=10041 gids={3003, 1028, 1007, 3002, 1015}
I/ActivityManager(  265): Start proc com.google.android.gsf.login for service com.google.android.gsf.login/com.google.android.gsf.loginservice.GoogleLoginService: pid=12075 uid=10019 gids={3003, 1015, 1028, 1007, 1006, 2001, 3006}
I/ActivityManager(  265): Start proc com.dianxinos.optimizer.play for service com.dianxinos.optimizer.play/com.dianxinos.optimizer.module.external.HomeMonitorService: pid=12097 uid=10106 gids={3003, 1015, 3002, 3001, 1006, 1028}
I/ActivityManager(  265): Process android.process.acore (pid 11639) has died.
I/ActivityManager(  265): Process com.android.gallery3d (pid 11958) has died.
W/ActivityManager(  265): Launch timeout has expired, giving up wake lock!
W/ActivityManager(  265): Activity idle timeout for ActivityRecord{416dbb58 com.android.launcher/com.android.launcher2.Launcher}
I/ActivityManager(  265): Process com.android.musicfx (pid 12006) has died.
W/ActivityManager(  265): Permission denied: checkComponentPermission() owningUid=10115
W/BroadcastQueue(  265): Permission Denial: broadcasting Intent { act=com.dianxinos.feedback.FIRST_ flg=0x10 } from com.dianxinos.optimizer.play (pid=12097, uid=10106) is not exported from uid 10115 due to receiver com.dianxinos.powermanager/com.dianxinos.feedback.NotifyReceiver
I/ActivityManager(  265): START {act=android.intent.action.MAIN cat=[android.intent.category.LAUNCHER] flg=0x10200000 cmp=com.phonegap.www/.sheep800828_sample_childbrowser bnds=[96,282][192,378] u=0} from pid 7045
I/ActivityManager(  265): Start proc com.phonegap.www for activity com.phonegap.www/.sheep800828_sample_childbrowser: pid=12161 uid=10070 gids={3003, 1006, 1015, 1028}
V/TabletStatusBar(  338): setLightsOn(true)
D/UsbDeviceManager(  265): enable UsbDeviceManager wakelock wlref = 1
I/ActivityManager(  265): Start proc android.process.media for broadcast com.android.providers.media/.UsbReceiver: pid=12203 uid=10010 gids={1015, 1023, 1024, 1028, 2001, 3003, 3007}
I/StorageNotification(  338): UMS connection changed to true (media state mounted)
W/ThrottleService(  265): unable to find stats for iface rmnet0
D/UsbDeviceManager(  265): enable UsbDeviceManager wakelock wlref = 1
I/StorageNotification(  338): UMS connection changed to true (media state mounted)
I/ActivityManager(  265): Start proc com.facebook.katana for service com.facebook.katana/com.facebook.common.tempfile.TempFileCleanupService: pid=14605 uid=10107 gids={3003, 1006, 1015, 1028}
I/ActivityManager(  265): Start proc com.devhd.feedly for broadcast com.devhd.feedly/.widget.FeedlyWidgetProvider: pid=14618 uid=10095 gids={3003, 1015, 1028}
I/LocationManagerService(  265): request passive (pid 14605) 0 0
I/ActivityManager(  265): Process me.gira.widget.countdown (pid 11933) has died.
I/ActivityManager(  265): Start proc com.facebook.katana:providers for content provider com.facebook.katana/.provider.GraphQLNotificationsContentProvider: pid=14663 uid=10107 gids={3003, 1006, 1015, 1028}
I/LocationManagerService(  265): remove passive (pid 265), next minTime = 0
I/LocationManagerService(  265): remove passive (pid 265), next minTime = 0
I/ActivityManager(  265): Process com.google.process.location (pid 9750) has died.
W/ActivityManager(  265): Scheduling restart of crashed service com.google.android.gms/com.google.android.location.internal.server.GoogleLocationService in 5000ms
W/ActivityManager(  265): Scheduling restart of crashed service com.google.android.gms/com.google.android.location.internal.GoogleLocationManagerService in 15000ms
I/ActivityManager(  265): Process com.svox.pico (pid 12024) has died.
I/ActivityManager(  265): Process com.google.android.gsf.login (pid 12075) has died.
I/ActivityManager(  265): Start proc com.google.process.location for service com.google.android.gms/com.google.android.location.internal.server.GoogleLocationService: pid=14690 uid=10019 gids={3003, 1015, 1028, 1007, 1006, 2001, 3006}
I/ActivityManager(  265): Process com.google.android.partnersetup (pid 11989) has died.
I/ActivityManager(  265): Start proc com.google.android.gsf.login for service com.google.android.gms/.recovery.AccountRecoveryBackgroundService: pid=14716 uid=10019 gids={3003, 1015, 1028, 1007, 1006, 2001, 3006}
I/ActivityManager(  265): Process com.android.defcontainer (pid 11918) has died.
I/ActivityManager(  265): Process com.google.android.googlequicksearchbox (pid 12045) has died.
I/LocationManagerService(  265): request passive (pid 14690) 0 0
I/ActivityManager(  265): Process com.google.android.gsf.login (pid 14716) has died.
I/LocationManagerService(  265): request passive (pid 14690) 1000 0
I/LocationManagerService(  265): request passive (pid 14663) 0 0
I/LocationManagerService(  265): remove passive (pid 265), next minTime = 0
I/ActivityManager(  265): Process com.facebook.katana:providers (pid 14663) has died.
I/ActivityManager(  265): Start proc jp.naver.line.android for broadcast jp.naver.line.android/.alarm.LineAlarmReceiver: pid=14869 uid=10051 gids={1006, 3003, 1015, 1028, 3002}
I/ActivityManager(  265): Process android.process.media (pid 12203) has died.
D/UsbDeviceManager(  265): enable UsbDeviceManager wakelock wlref = 1
I/ActivityManager(  265): Start proc android.process.media for broadcast com.android.providers.media/.UsbReceiver: pid=14970 uid=10010 gids={1015, 1023, 1024, 1028, 2001, 3003, 3007}
I/StorageNotification(  338): UMS connection changed to true (media state mounted)
D/UsbDeviceManager(  265): enable UsbDeviceManager wakelock wlref = 1
I/StorageNotification(  338): UMS connection changed to true (media state mounted)
I/ActivityManager(  265): Process com.facebook.katana (pid 14605) has died.
I/LocationManagerService(  265): remove passive (pid 265), next minTime = 0
W/ThrottleService(  265): unable to find stats for iface rmnet0
W/ThrottleService(  265): unable to find stats for iface rmnet0
I/ActivityManager(  265): Start proc com.facebook.katana for service com.facebook.katana/com.facebook.common.tempfile.TempFileCleanupService: pid=15027 uid=10107 gids={3003, 1006, 1015, 1028}
I/ActivityManager(  265): Start proc me.gira.widget.countdown for broadcast me.gira.widget.countdown/.providers.WidgetProvider: pid=15040 uid=10099 gids={3003}
I/LocationManagerService(  265): request passive (pid 15027) 0 0
I/ActivityManager(  265): Start proc com.facebook.katana:providers for content provider com.facebook.katana/.provider.GraphQLNotificationsContentProvider: pid=15089 uid=10107 gids={3003, 1006, 1015, 1028}
I/ActivityManager(  265): Process org.funnylab.manfun (pid 10755) has died.
W/ActivityManager(  265): Scheduling restart of crashed service org.funnylab.manfun/.service.CheckBookNewChapterService in 5000ms
I/ActivityManager(  265): Process jp.naver.line.android (pid 14869) has died.
I/ActivityManager(  265): Start proc org.funnylab.manfun for service org.funnylab.manfun/.service.CheckBookNewChapterService: pid=15113 uid=10059 gids={3003, 1015, 1028}
I/ActivityManager(  265): Process com.funshion.video.mobile (pid 11091) has died.
W/ActivityManager(  265): Scheduling restart of crashed service com.funshion.video.mobile/.push.NotificationService in 5000ms
I/LocationManagerService(  265): request passive (pid 15089) 0 0
I/ActivityManager(  265): Start proc com.anydo for service com.anydo/.service.AnydoSyncService: pid=15141 uid=10072 gids={3003, 1015, 1028}
I/ActivityManager(  265): Process android.process.media (pid 14970) has died.
I/ActivityManager(  265): Start proc com.funshion.video.mobile for service com.funshion.video.mobile/.push.NotificationService: pid=15156 uid=10116 gids={1015, 3003, 1028}
I/ActivityManager(  265): Process com.funshion.video.mobile:pushservice_v1 (pid 8900) has died.
W/ActivityManager(  265): Scheduling restart of crashed service com.funshion.video.mobile/com.baidu.android.pushservice.PushService in 5000ms
I/LocationManagerService(  265): remove passive (pid 265), next minTime = 0
I/ActivityManager(  265): Process com.facebook.katana:providers (pid 15089) has died.
I/ActivityManager(  265): Start proc android.process.acore for content provider com.android.providers.contacts/.ContactsProvider2: pid=15190 uid=10000 gids={3003, 1015, 1028}
I/ActivityManager(  265): Start proc com.funshion.video.mobile:pushservice_v1 for service com.funshion.video.mobile/com.baidu.android.pushservice.PushService: pid=15209 uid=10116 gids={1015, 3003, 1028}
I/ActivityManager(  265): Process com.devhd.feedly (pid 14618) has died.
I/ActivityManager(  265): Process android.process.acore (pid 15190) has died.
D/ConnectivityService(  265): handleInetConditionHoldEnd: net=1, condition=0, published condition=100
I/ActivityManager(  265): Start proc jp.naver.line.android for broadcast jp.naver.line.android/.service.push.SystemBroadcastReceiver: pid=15251 uid=10051 gids={1006, 3003, 1015, 1028, 3002}
D/ConnectivityService(  265): handleInetConditionHoldEnd: net=1, condition=100, published condition=0
I/ActivityManager(  265): Start proc com.google.android.gm for service com.google.android.gm/.provider.MailSyncAdapterService: pid=15272 uid=10017 gids={3003, 1015, 1028}
I/ActivityManager(  265): Start proc com.google.android.gsf.login for service com.google.android.gsf.login/com.google.android.gsf.loginservice.GoogleLoginService: pid=15295 uid=10019 gids={3003, 1015, 1028, 1007, 1006, 2001, 3006}
I/ActivityManager(  265): Process me.gira.widget.countdown (pid 15040) has died.
I/ActivityManager(  265): Process com.anydo (pid 15141) has died.
W/ThrottleService(  265): unable to find stats for iface rmnet0
I/TabletStatusBar(  338): DISABLE_EXPAND: yes
I/TabletStatusBar(  338): DISABLE_CLOCK: yes
I/WindowManager(  265): Lock screen displayed!
I/ActivityManager(  265): Process jp.naver.line.android (pid 15251) has died.
I/ActivityManager(  265): Start proc jp.naver.line.android for broadcast jp.naver.line.android/.service.push.SystemBroadcastReceiver: pid=15342 uid=10051 gids={1006, 3003, 1015, 1028, 3002}
D/UsbDeviceManager(  265): disable UsbDeviceManager wakelock wlref = 1
I/StorageNotification(  338): UMS connection changed to false (media state mounted)
W/InputMethodManagerService(  265): Window already focused, ignoring focus gain of: com.android.internal.view.IInputMethodClient$Stub$Proxy@4168fc28 attribute=android.view.inputmethod.EditorInfo@418045b0
I/TabletStatusBar(  338): DISABLE_CLOCK: no
V/TabletStatusBar(  338): setLightsOn(true)
I/ActivityManager(  265): START {act=android.intent.action.MAIN cat=[android.intent.category.HOME] flg=0x10200000 cmp=com.android.launcher/com.android.launcher2.Launcher u=0} from pid 265
I/ActivityManager(  265): Process com.dianxinos.optimizer.play (pid 12097) has died.
W/ActivityManager(  265): Scheduling restart of crashed service com.dianxinos.optimizer.play/com.dianxinos.optimizer.module.external.HomeMonitorService in 5000ms
W/ActivityManager(  265): Scheduling restart of crashed service com.dianxinos.optimizer.play/com.dianxinos.optimizer.PerformanceService in 15000ms
W/ActivityManager(  265): Scheduling restart of crashed service com.dianxinos.optimizer.play/com.dianxinos.optimizer.analysis.PerformanceMonitorService in 25000ms
I/ActivityManager(  265): Process com.siri.bigboy (pid 11971) has died.
W/ActivityManager(  265): Scheduling restart of crashed service com.siri.bigboy/net.miidi.ad.push.AdPushService in 34663ms
I/ActivityManager(  265): Process com.facebook.katana (pid 15027) has died.
I/LocationManagerService(  265): remove passive (pid 265), next minTime = 0
I/ActivityManager(  265): Start proc com.android.chrome for broadcast com.android.chrome/org.chromium.base.PowerStatusReceiver: pid=15368 uid=10117 gids={1006, 3003, 1015, 1028}
I/WindowState(  265): WIN DEATH: Window{4154c180 com.phonegap.pgbfbtest/com.phonegap.pgbfbtest.ChildBrowser paused=false}
I/ActivityManager(  265): Process com.phonegap.pgbfbtest (pid 11048) has died.
I/ActivityManager(  265): Start proc android.process.media for broadcast com.android.providers.media/.UsbReceiver: pid=15383 uid=10010 gids={1015, 1023, 1024, 1028, 2001, 3003, 3007}
I/ActivityManager(  265): Start proc com.anydo for broadcast com.anydo/.receiver.NotificationsReviverReciever: pid=15400 uid=10072 gids={3003, 1015, 1028}
I/ActivityManager(  265): Start proc com.dianxinos.optimizer.play for service com.dianxinos.optimizer.play/com.dianxinos.optimizer.module.external.HomeMonitorService: pid=15431 uid=10106 gids={3003, 1015, 3002, 3001, 1006, 1028}
I/ActivityManager(  265): Start proc android.process.acore for content provider com.android.providers.contacts/.ContactsProvider2: pid=15459 uid=10000 gids={3003, 1015, 1028}
I/TabletStatusBar(  338): DISABLE_EXPAND: yes
W/ActivityManager(  265): Permission denied: checkComponentPermission() owningUid=10115
W/BroadcastQueue(  265): Permission Denial: broadcasting Intent { act=com.dianxinos.feedback.FIRST_ flg=0x10 } from com.dianxinos.optimizer.play (pid=15431, uid=10106) is not exported from uid 10115 due to receiver com.dianxinos.powermanager/com.dianxinos.feedback.NotifyReceiver
I/TabletStatusBar(  338): DISABLE_CLOCK: yes
W/PowerUI (  338): unknown intent: Intent { act=android.intent.action.ACTION_POWER_CONNECTED flg=0x8000010 }
I/WindowManager(  265): Lock screen displayed!
I/ActivityManager(  265): Start proc com.google.android.youtube for broadcast com.google.android.youtube/.app.prefetch.PrefetchService$DeviceStateReceiver: pid=15490 uid=10064 gids={3003, 1015, 1006, 1028}
I/ActivityManager(  265): Start proc com.facebook.katana for broadcast com.facebook.katana/.service.vault.VaultPowerConnectionReceiver: pid=15532 uid=10107 gids={3003, 1006, 1015, 1028}
D/UsbDeviceManager(  265): enable UsbDeviceManager wakelock wlref = 0
I/StorageNotification(  338): UMS connection changed to true (media state mounted)
I/ActivityManager(  265): Start proc com.siri.bigboy for service com.siri.bigboy/net.miidi.ad.push.AdPushService: pid=15557 uid=10119 gids={3003, 1015, 1006, 1028}
I/LocationManagerService(  265): request passive (pid 15532) 0 0
I/ActivityManager(  265): Start proc com.facebook.katana:providers for content provider com.facebook.katana/.provider.GraphQLNotificationsContentProvider: pid=15584 uid=10107 gids={3003, 1006, 1015, 1028}
I/ActivityManager(  265): Process com.google.android.gm (pid 15272) has died.
I/ActivityManager(  265): Process com.anydo (pid 15400) has died.
I/ActivityManager(  265): Process android.process.acore (pid 15459) has died.
I/LocationManagerService(  265): request passive (pid 15584) 0 0
I/ActivityManager(  265): Start proc com.google.android.gm for service com.google.android.gm/.provider.MailIndexerService: pid=15639 uid=10017 gids={3003, 1015, 1028}
I/ActivityManager(  265): Start proc com.devhd.feedly for broadcast com.devhd.feedly/.widget.FeedlyWidgetProvider: pid=15651 uid=10095 gids={3003, 1015, 1028}
V/BackupManagerService(  265): Running a backup pass
V/BackupManagerService(  265): clearing pending backups
V/PerformBackupTask(  265): Beginning backup of 1 targets
D/PerformBackupTask(  265): invokeAgentForBackup on @pm@
I/PerformBackupTask(  265): no backup data written; not calling transport
D/PerformBackupTask(  265): starting agent for backup of BackupRequest{pkg=android}
D/BackupManagerService(  265): awaiting agent for ApplicationInfo{41301ae8 android}
D/BackupManagerService(  265): agentConnected pkg=android agent=android.app.backup.BackupAgent$BackupServiceBinder@417125f0
I/BackupManagerService(  265): got agent android.app.backup.BackupAgent$BackupServiceBinder@417125f0
D/PerformBackupTask(  265): invokeAgentForBackup on android
I/PerformBackupTask(  265): Backup pass finished.
W/ThrottleService(  265): unable to find stats for iface rmnet0
W/ThrottleService(  265): unable to find stats for iface rmnet0
I/ActivityManager(  265): Start proc me.gira.widget.countdown for broadcast me.gira.widget.countdown/.providers.WidgetProvider: pid=15700 uid=10099 gids={3003}
I/ActivityManager(  265): Process com.google.android.youtube (pid 15490) has died.
I/ActivityManager(  265): Process com.google.process.location (pid 14690) has died.
W/ActivityManager(  265): Scheduling restart of crashed service com.google.android.gms/com.google.android.location.internal.server.GoogleLocationService in 5000ms
I/LocationManagerService(  265): remove passive (pid 265), next minTime = 0
W/ActivityManager(  265): Scheduling restart of crashed service com.google.android.gms/com.google.android.location.internal.GoogleLocationManagerService in 15000ms
I/LocationManagerService(  265): remove passive (pid 265), next minTime = 0
I/ActivityManager(  265): Start proc com.google.process.location for service com.google.android.gms/com.google.android.location.internal.server.GoogleLocationService: pid=15729 uid=10019 gids={3003, 1015, 1028, 1007, 1006, 2001, 3006}
I/LocationManagerService(  265): request passive (pid 15729) 0 0
I/LocationManagerService(  265): request passive (pid 15729) 1000 0
I/ActivityManager(  265): Start proc com.anydo for service com.anydo/.service.MeetingEndedService: pid=15777 uid=10072 gids={3003, 1015, 1028}
I/ActivityManager(  265): Process org.funnylab.manfun (pid 15113) has died.
W/ActivityManager(  265): Scheduling restart of crashed service org.funnylab.manfun/.service.CheckBookNewChapterService in 5000ms
I/ActivityManager(  265): Process jp.naver.line.android (pid 15342) has died.
I/ActivityManager(  265): Start proc android.process.acore for content provider com.android.providers.contacts/.ContactsProvider2: pid=15802 uid=10000 gids={3003, 1015, 1028}
I/ActivityManager(  265): Start proc org.funnylab.manfun for service org.funnylab.manfun/.service.CheckBookNewChapterService: pid=15819 uid=10059 gids={3003, 1015, 1028}
I/ActivityManager(  265): Process com.funshion.video.mobile:pushservice_v1 (pid 15209) has died.
W/ActivityManager(  265): Scheduling restart of crashed service com.funshion.video.mobile/com.baidu.android.pushservice.PushService in 5000ms
I/ActivityManager(  265): Process com.android.chrome (pid 15368) has died.
I/ActivityManager(  265): Process com.facebook.katana:providers (pid 15584) has died.
I/LocationManagerService(  265): remove passive (pid 265), next minTime = 0
I/ActivityManager(  265): Start proc com.funshion.video.mobile:pushservice_v1 for service com.funshion.video.mobile/com.baidu.android.pushservice.PushService: pid=15835 uid=10116 gids={1015, 3003, 1028}
I/ActivityManager(  265): Start proc jp.naver.line.android for broadcast jp.naver.line.android/.service.push.SystemBroadcastReceiver: pid=15864 uid=10051 gids={1006, 3003, 1015, 1028, 3002}
D/UsbDeviceManager(  265): disable UsbDeviceManager wakelock wlref = 1
I/StorageNotification(  338): UMS connection changed to false (media state mounted)
I/ActivityManager(  265): Start proc com.android.chrome for broadcast com.android.chrome/org.chromium.base.PowerStatusReceiver: pid=15884 uid=10117 gids={1006, 3003, 1015, 1028}
I/ActivityManager(  265): Process com.google.android.gm (pid 15639) has died.
I/ActivityManager(  265): Process com.facebook.katana (pid 15532) has died.
I/LocationManagerService(  265): remove passive (pid 265), next minTime = 0
W/PowerUI (  338): unknown intent: Intent { act=android.intent.action.ACTION_POWER_CONNECTED flg=0x8000010 }
I/ActivityManager(  265): Start proc com.google.android.youtube for broadcast com.google.android.youtube/.app.prefetch.PrefetchService$DeviceStateReceiver: pid=15909 uid=10064 gids={3003, 1015, 1006, 1028}
D/UsbDeviceManager(  265): enable UsbDeviceManager wakelock wlref = 0
I/StorageNotification(  338): UMS connection changed to true (media state mounted)
D/UsbDeviceManager(  265): enable UsbDeviceManager wakelock wlref = 1
I/StorageNotification(  338): UMS connection changed to true (media state mounted)
I/ActivityManager(  265): Start proc com.facebook.katana for broadcast com.facebook.katana/.service.vault.VaultPowerConnectionReceiver: pid=15964 uid=10107 gids={3003, 1006, 1015, 1028}
D/UsbDeviceManager(  265): enable UsbDeviceManager wakelock wlref = 1
I/StorageNotification(  338): UMS connection changed to true (media state mounted)
D/UsbDeviceManager(  265): enable UsbDeviceManager wakelock wlref = 1
I/StorageNotification(  338): UMS connection changed to true (media state mounted)
D/UsbDeviceManager(  265): enable UsbDeviceManager wakelock wlref = 1
I/StorageNotification(  338): UMS connection changed to true (media state mounted)
I/TabletStatusBar(  338): DISABLE_CLOCK: no
W/InputMethodManagerService(  265): Window already focused, ignoring focus gain of: com.android.internal.view.IInputMethodClient$Stub$Proxy@414c1438 attribute=android.view.inputmethod.EditorInfo@41764e38
I/LocationManagerService(  265): request passive (pid 15964) 0 0
I/ActivityManager(  265): Start proc com.facebook.katana:providers for content provider com.facebook.katana/.provider.GraphQLNotificationsContentProvider: pid=16025 uid=10107 gids={3003, 1006, 1015, 1028}
I/ActivityManager(  265): Process me.gira.widget.countdown (pid 15700) has died.
I/ActivityManager(  265): Process com.google.android.gsf.login (pid 15295) has died.
I/ActivityManager(  265): Process com.devhd.feedly (pid 15651) has died.
I/ActivityManager(  265): Process android.process.acore (pid 15802) has died.
I/LocationManagerService(  265): request passive (pid 16025) 0 0
I/ActivityManager(  265): Start proc com.android.defcontainer for service com.android.defcontainer/.DefaultContainerService: pid=16078 uid=10008 gids={1015, 2001, 1028}
W/ActivityManager(  265): No content provider found for permission revoke: file:///data/local/tmp/sample_childbrowser-debug.apk
W/ActivityManager(  265): No content provider found for permission revoke: file:///data/local/tmp/sample_childbrowser-debug.apk
W/PackageParser(  265): No actions in intent filter at /data/app/vmdl1432264452.tmp Binary XML file line #28
I/ActivityManager(  265): Force stopping package com.phonegap.pgbfbtest uid=10054
I/ActivityManager(  265):   Force finishing activity ActivityRecord{4120e6f8 com.phonegap.pgbfbtest/.ChildBrowser}
I/PackageManager(  265): Package com.phonegap.pgbfbtest codePath changed from /data/app/com.phonegap.pgbfbtest-2.apk to /data/app/com.phonegap.pgbfbtest-1.apk; Retaining data and using new
I/ActivityManager(  265): Force stopping package com.phonegap.pgbfbtest uid=10054
W/PackageManager(  265): Code path for pkg : com.phonegap.pgbfbtest changing from /data/app/com.phonegap.pgbfbtest-2.apk to /data/app/com.phonegap.pgbfbtest-1.apk
W/PackageManager(  265): Resource path for pkg : com.phonegap.pgbfbtest changing from /data/app/com.phonegap.pgbfbtest-2.apk to /data/app/com.phonegap.pgbfbtest-1.apk
W/PackageManager(  265): Unknown permission android.permission.RECORD_VIDEO in package com.phonegap.pgbfbtest
D/BackupManagerService(  265): Now staging backup of android
I/ActivityManager(  265): Force stopping package com.phonegap.pgbfbtest uid=10054
I/ActivityManager(  265): Start proc me.gira.widget.countdown for broadcast me.gira.widget.countdown/fortytwo.android.lib.Receiver: pid=16093 uid=10099 gids={3003}
I/ActivityManager(  265): Start proc android.process.acore for broadcast com.android.providers.contacts/.PackageIntentReceiver: pid=16108 uid=10000 gids={3003, 1015, 1028}
I/ActivityManager(  265): Process com.google.android.youtube (pid 15909) has died.
D/BackupManagerService(  265): Received broadcast Intent { act=android.intent.action.PACKAGE_REMOVED dat=package:com.phonegap.pgbfbtest flg=0x8000010 (has extras) }
D/BackupManagerService(  265): Received broadcast Intent { act=android.intent.action.PACKAGE_ADDED dat=package:com.phonegap.pgbfbtest flg=0x8000010 (has extras) }
V/BackupManagerService(  265): removePackageParticipantsLocked: uid=10054 #1
V/BackupManagerService(  265): addPackageParticipantsLocked: #1
I/ActivityManager(  265): Process com.android.chrome (pid 15884) has died.
I/ActivityManager(  265): Start proc com.android.gallery3d for broadcast com.android.gallery3d/.app.PackagesMonitor: pid=16139 uid=10016 gids={1006, 3003, 1015, 1028}
I/ActivityManager(  265): Process jp.naver.line.android (pid 15864) has died.
I/ActivityManager(  265): Process com.anydo (pid 15777) has died.
I/ActivityManager(  265): Process com.facebook.katana:providers (pid 16025) has died.
I/LocationManagerService(  265): remove passive (pid 265), next minTime = 0
I/ActivityManager(  265): Start proc com.android.keychain for broadcast com.android.keychain/.KeyChainBroadcastReceiver: pid=16158 uid=1000 gids={1015, 3002, 3001, 3003, 1028, 3007}
I/ActivityManager(  265): Start proc com.android.musicfx for broadcast com.android.musicfx/.Compatibility$Receiver: pid=16171 uid=10034 gids={3003, 3002}
I/ActivityManager(  265): Start proc com.google.android.googlequicksearchbox for broadcast com.google.android.googlequicksearchbox/com.google.android.apps.sidekick.GmmLocationProviderImpl$GmmPackageWatcher: pid=16187 uid=10041 gids={3003, 1028, 1007, 3002, 1015}
I/ActivityManager(  265): Start proc com.google.android.partnersetup for content provider com.google.android.partnersetup/.RlzAppProvider: pid=16214 uid=10022 gids={3003}
I/ActivityManager(  265): Start proc com.google.android.gsf.login for service com.google.android.gsf.login/com.google.android.gsf.loginservice.GoogleLoginService: pid=16227 uid=10019 gids={3003, 1015, 1028, 1007, 1006, 2001, 3006}
I/ActivityManager(  265): Process android.process.media (pid 15383) has died.
I/ActivityManager(  265): Process android.process.acore (pid 16108) has died.
I/ActivityManager(  265): Start proc android.process.acore for broadcast com.android.providers.contacts/.PackageIntentReceiver: pid=16255 uid=10000 gids={3003, 1015, 1028}
I/ActivityManager(  265): Process com.android.keychain (pid 16158) has died.
I/ActivityManager(  265): Process com.android.defcontainer (pid 16078) has died.
