W/PackageManager(  265): Not granting permission android.permission.WRITE_SECURE_SETTINGS to package com.domobile.applock (protectionLevel=50 flags=0x8be04)
W/PackageManager(  265): Not granting permission android.permission.DEVICE_POWER to package com.android.deskclock (protectionLevel=2 flags=0x8be45)
W/PackageManager(  265): Unknown permission org.dayup.gtask.key.CHECK in package org.dayup.gtask
W/PackageManager(  265): Unknown permission com.todoroo.astrid.READ in package org.dayup.gtask
I/ActivityManager(  265): Force stopping package etmgup.funlove uid=10081
D/VoldCmdListener(   80): asec fspath com.kiloo.subwaysurf-1
D/VoldCmdListener(   80): asec fspath com.madhead.tos.zh-1
D/BackupManagerService(  265): Received broadcast Intent { act=android.intent.action.PACKAGE_REMOVED dat=package:etmgup.funlove flg=0x8000010 (has extras) }
V/BackupManagerService(  265): removePackageParticipantsLocked: uid=10081 #1
D/VoldCmdListener(   80): asec fspath com.dq.zombieskater.main-1
D/VoldCmdListener(   80): asec fspath com.evernote-1
D/VoldCmdListener(   80): asec fspath com.funshion.video.mobile-1
D/VoldCmdListener(   80): asec fspath com.google.android.apps.translate-1
D/VoldCmdListener(   80): asec fspath com.kiloo.subwaysurf-1
D/VoldCmdListener(   80): asec fspath com.madhead.tos.zh-1
D/VoldCmdListener(   80): asec fspath com.tkb.GirlSweetNote-1
D/VoldCmdListener(   80): asec fspath com.upgame.glowhockey-1
W/PackageManager(  265): Package named 'com.zdworks.android.zdcalendar' doesn't exist.
D/VoldCmdListener(   80): asec fspath com.dq.zombieskater.main-1
D/VoldCmdListener(   80): asec fspath com.evernote-1
D/VoldCmdListener(   80): asec fspath com.funshion.video.mobile-1
D/VoldCmdListener(   80): asec fspath com.google.android.apps.translate-1
D/VoldCmdListener(   80): asec fspath com.kiloo.subwaysurf-1
D/VoldCmdListener(   80): asec fspath com.madhead.tos.zh-1
I/ActivityManager(  265): START {act=android.intent.action.DELETE dat=package:com.todaslasapps.ovulacion cmp=com.android.packageinstaller/.UninstallerActivity u=0} from pid 2925
D/VoldCmdListener(   80): asec fspath com.dq.zombieskater.main-1
D/VoldCmdListener(   80): asec fspath com.evernote-1
D/VoldCmdListener(   80): asec fspath com.funshion.video.mobile-1
D/VoldCmdListener(   80): asec fspath com.google.android.apps.translate-1
D/VoldCmdListener(   80): asec fspath com.kiloo.subwaysurf-1
D/VoldCmdListener(   80): asec fspath com.madhead.tos.zh-1
I/ActivityManager(  265): START {act=android.intent.action.VIEW cmp=com.android.packageinstaller/.UninstallAppProgress (has extras) u=0} from pid 2983
I/ActivityManager(  265): Force stopping package com.todaslasapps.ovulacion uid=10078
I/ActivityManager(  265): Force stopping package com.todaslasapps.ovulacion uid=10078
D/BackupManagerService(  265): Received broadcast Intent { act=android.intent.action.PACKAGE_REMOVED dat=package:com.todaslasapps.ovulacion flg=0x8000010 (has extras) }
V/BackupManagerService(  265): removePackageParticipantsLocked: uid=10078 #1
D/VoldCmdListener(   80): asec fspath com.dq.zombieskater.main-1
D/VoldCmdListener(   80): asec fspath com.evernote-1
D/VoldCmdListener(   80): asec fspath com.funshion.video.mobile-1
D/VoldCmdListener(   80): asec fspath com.google.android.apps.translate-1
E/VoldConnector(  265): NDC Command {204 asec fspath com.google.android.apps.translate-1} took too long (3199ms)
D/VoldCmdListener(   80): asec fspath com.kiloo.subwaysurf-1
D/VoldCmdListener(   80): asec fspath com.madhead.tos.zh-1
D/VoldCmdListener(   80): asec fspath com.tkb.GirlSweetNote-1
W/PackageManager(  265): Package named 'com.todaslasapps.ovulacion' doesn't exist.
D/VoldCmdListener(   80): asec fspath com.upgame.glowhockey-1
W/PackageManager(  265): Package named 'com.zdworks.android.zdcalendar' doesn't exist.
W/PackageManager(  265): Package named 'de.leihwelt.android.daysleft' doesn't exist.
D/VoldCmdListener(   80): asec fspath ecowork.seven-1
W/PackageManager(  265): Package named 'etmgup.funlove' doesn't exist.
D/VoldCmdListener(   80): asec fspath jp.co.mindpl.Snapeee-1
D/VoldCmdListener(   80): asec fspath com.dq.zombieskater.main-1
D/VoldCmdListener(   80): asec fspath com.evernote-1
D/VoldCmdListener(   80): asec fspath com.funshion.video.mobile-1
D/VoldCmdListener(   80): asec fspath com.google.android.apps.translate-1
D/VoldCmdListener(   80): asec fspath com.kiloo.subwaysurf-1
D/VoldCmdListener(   80): asec fspath com.madhead.tos.zh-1
D/VoldCmdListener(   80): asec fspath com.tkb.GirlSweetNote-1
W/PackageManager(  265): Package named 'com.todaslasapps.ovulacion' doesn't exist.
D/VoldCmdListener(   80): asec fspath com.upgame.glowhockey-1
W/PackageManager(  265): Package named 'com.zdworks.android.zdcalendar' doesn't exist.
W/PackageManager(  265): Package named 'de.leihwelt.android.daysleft' doesn't exist.
D/VoldCmdListener(   80): asec fspath ecowork.seven-1
W/PackageManager(  265): Package named 'etmgup.funlove' doesn't exist.
D/VoldCmdListener(   80): asec fspath com.dq.zombieskater.main-1
D/VoldCmdListener(   80): asec fspath com.evernote-1
D/VoldCmdListener(   80): asec fspath com.funshion.video.mobile-1
D/VoldCmdListener(   80): asec fspath com.google.android.apps.translate-1
D/VoldCmdListener(   80): asec fspath com.kiloo.subwaysurf-1
D/VoldCmdListener(   80): asec fspath com.madhead.tos.zh-1
D/VoldCmdListener(   80): asec fspath com.tkb.GirlSweetNote-1
W/PackageManager(  265): Package named 'com.todaslasapps.ovulacion' doesn't exist.
D/VoldCmdListener(   80): asec fspath com.upgame.glowhockey-1
W/PackageManager(  265): Package named 'com.zdworks.android.zdcalendar' doesn't exist.
W/PackageManager(  265): Package named 'de.leihwelt.android.daysleft' doesn't exist.
D/VoldCmdListener(   80): asec fspath ecowork.seven-1
W/PackageManager(  265): Package named 'etmgup.funlove' doesn't exist.
D/VoldCmdListener(   80): asec fspath jp.co.mindpl.Snapeee-1
I/ActivityManager(  265): START {act=android.intent.action.DELETE dat=package:com.swiitt cmp=com.android.packageinstaller/.UninstallerActivity u=0} from pid 2925
I/ActivityManager(  265): START {act=android.intent.action.VIEW cmp=com.android.packageinstaller/.UninstallAppProgress (has extras) u=0} from pid 2983
I/ActivityManager(  265): Force stopping package com.swiitt uid=10080
I/ActivityManager(  265): Force stopping package com.swiitt uid=10080
W/PackageManager(  265): Package named 'com.swiitt' doesn't exist.
D/VoldCmdListener(   80): asec fspath com.dq.zombieskater.main-1
D/VoldCmdListener(   80): asec fspath com.evernote-1
D/VoldCmdListener(   80): asec fspath com.funshion.video.mobile-1
D/VoldCmdListener(   80): asec fspath com.google.android.apps.translate-1
D/VoldCmdListener(   80): asec fspath com.kiloo.subwaysurf-1
D/VoldCmdListener(   80): asec fspath com.madhead.tos.zh-1
D/VoldCmdListener(   80): asec fspath com.tkb.GirlSweetNote-1
W/PackageManager(  265): Package named 'com.todaslasapps.ovulacion' doesn't exist.
D/VoldCmdListener(   80): asec fspath com.upgame.glowhockey-1
E/VoldConnector(  265): NDC Command {237 asec fspath com.upgame.glowhockey-1} took too long (1816ms)
W/InputMethodManagerService(  265): Window already focused, ignoring focus gain of: com.android.internal.view.IInputMethodClient$Stub$Proxy@418d0690 attribute=null
W/PackageManager(  265): Package named 'com.zdworks.android.zdcalendar' doesn't exist.
W/PackageManager(  265): Package named 'de.leihwelt.android.daysleft' doesn't exist.
D/VoldCmdListener(   80): asec fspath ecowork.seven-1
W/PackageManager(  265): Package named 'etmgup.funlove' doesn't exist.
D/VoldCmdListener(   80): asec fspath jp.co.mindpl.Snapeee-1
D/BackupManagerService(  265): Received broadcast Intent { act=android.intent.action.PACKAGE_REMOVED dat=package:com.swiitt flg=0x8000010 (has extras) }
V/BackupManagerService(  265): removePackageParticipantsLocked: uid=10080 #1
D/VoldCmdListener(   80): asec fspath com.dq.zombieskater.main-1
D/VoldCmdListener(   80): asec fspath com.evernote-1
D/VoldCmdListener(   80): asec fspath com.funshion.video.mobile-1
D/VoldCmdListener(   80): asec fspath com.google.android.apps.translate-1
D/VoldCmdListener(   80): asec fspath com.kiloo.subwaysurf-1
D/VoldCmdListener(   80): asec fspath com.madhead.tos.zh-1
W/PackageManager(  265): Package named 'com.swiitt' doesn't exist.
D/VoldCmdListener(   80): asec fspath com.tkb.GirlSweetNote-1
W/PackageManager(  265): Package named 'com.todaslasapps.ovulacion' doesn't exist.
D/VoldCmdListener(   80): asec fspath com.upgame.glowhockey-1
W/PackageManager(  265): Package named 'com.zdworks.android.zdcalendar' doesn't exist.
W/PackageManager(  265): Package named 'de.leihwelt.android.daysleft' doesn't exist.
D/VoldCmdListener(   80): asec fspath ecowork.seven-1
W/PackageManager(  265): Package named 'etmgup.funlove' doesn't exist.
D/VoldCmdListener(   80): asec fspath jp.co.mindpl.Snapeee-1
W/ThrottleService(  265): unable to find stats for iface rmnet0
D/VoldCmdListener(   80): asec fspath com.dq.zombieskater.main-1
D/VoldCmdListener(   80): asec fspath com.evernote-1
D/VoldCmdListener(   80): asec fspath com.funshion.video.mobile-1
D/VoldCmdListener(   80): asec fspath com.google.android.apps.translate-1
D/VoldCmdListener(   80): asec fspath com.kiloo.subwaysurf-1
D/VoldCmdListener(   80): asec fspath com.madhead.tos.zh-1
W/PackageManager(  265): Package named 'com.swiitt' doesn't exist.
D/VoldCmdListener(   80): asec fspath com.tkb.GirlSweetNote-1
W/PackageManager(  265): Package named 'com.todaslasapps.ovulacion' doesn't exist.
D/VoldCmdListener(   80): asec fspath com.upgame.glowhockey-1
W/PackageManager(  265): Package named 'com.zdworks.android.zdcalendar' doesn't exist.
W/PackageManager(  265): Package named 'de.leihwelt.android.daysleft' doesn't exist.
D/VoldCmdListener(   80): asec fspath ecowork.seven-1
W/PackageManager(  265): Package named 'etmgup.funlove' doesn't exist.
D/VoldCmdListener(   80): asec fspath jp.co.mindpl.Snapeee-1
D/VoldCmdListener(   80): asec fspath com.dq.zombieskater.main-1
D/VoldCmdListener(   80): asec fspath com.evernote-1
D/VoldCmdListener(   80): asec fspath com.funshion.video.mobile-1
D/VoldCmdListener(   80): asec fspath com.google.android.apps.translate-1
D/VoldCmdListener(   80): asec fspath com.kiloo.subwaysurf-1
D/VoldCmdListener(   80): asec fspath com.madhead.tos.zh-1
W/PackageManager(  265): Package named 'com.swiitt' doesn't exist.
D/VoldCmdListener(   80): asec fspath com.tkb.GirlSweetNote-1
W/PackageManager(  265): Package named 'com.todaslasapps.ovulacion' doesn't exist.
D/VoldCmdListener(   80): asec fspath com.upgame.glowhockey-1
W/PackageManager(  265): Package named 'com.zdworks.android.zdcalendar' doesn't exist.
W/PackageManager(  265): Package named 'de.leihwelt.android.daysleft' doesn't exist.
D/VoldCmdListener(   80): asec fspath ecowork.seven-1
W/PackageManager(  265): Package named 'etmgup.funlove' doesn't exist.
D/VoldCmdListener(   80): asec fspath jp.co.mindpl.Snapeee-1
D/VoldCmdListener(   80): asec fspath com.dq.zombieskater.main-1
D/VoldCmdListener(   80): asec fspath com.evernote-1
D/VoldCmdListener(   80): asec fspath com.funshion.video.mobile-1
D/VoldCmdListener(   80): asec fspath com.google.android.apps.translate-1
D/VoldCmdListener(   80): asec fspath com.kiloo.subwaysurf-1
D/VoldCmdListener(   80): asec fspath com.madhead.tos.zh-1
W/PackageManager(  265): Package named 'com.swiitt' doesn't exist.
D/VoldCmdListener(   80): asec fspath com.tkb.GirlSweetNote-1
W/PackageManager(  265): Package named 'com.todaslasapps.ovulacion' doesn't exist.
D/VoldCmdListener(   80): asec fspath com.upgame.glowhockey-1
W/PackageManager(  265): Package named 'com.zdworks.android.zdcalendar' doesn't exist.
W/PackageManager(  265): Package named 'de.leihwelt.android.daysleft' doesn't exist.
D/VoldCmdListener(   80): asec fspath ecowork.seven-1
W/PackageManager(  265): Package named 'etmgup.funlove' doesn't exist.
D/VoldCmdListener(   80): asec fspath jp.co.mindpl.Snapeee-1
D/VoldCmdListener(   80): asec fspath com.dq.zombieskater.main-1
D/VoldCmdListener(   80): asec fspath com.evernote-1
D/VoldCmdListener(   80): asec fspath com.funshion.video.mobile-1
D/VoldCmdListener(   80): asec fspath com.google.android.apps.translate-1
D/VoldCmdListener(   80): asec fspath com.kiloo.subwaysurf-1
D/VoldCmdListener(   80): asec fspath com.madhead.tos.zh-1
W/PackageManager(  265): Package named 'com.swiitt' doesn't exist.
D/VoldCmdListener(   80): asec fspath com.tkb.GirlSweetNote-1
W/PackageManager(  265): Package named 'com.todaslasapps.ovulacion' doesn't exist.
D/VoldCmdListener(   80): asec fspath com.upgame.glowhockey-1
W/PackageManager(  265): Package named 'com.zdworks.android.zdcalendar' doesn't exist.
W/PackageManager(  265): Package named 'de.leihwelt.android.daysleft' doesn't exist.
D/VoldCmdListener(   80): asec fspath ecowork.seven-1
W/PackageManager(  265): Package named 'etmgup.funlove' doesn't exist.
D/VoldCmdListener(   80): asec fspath jp.co.mindpl.Snapeee-1
D/VoldCmdListener(   80): asec fspath com.dq.zombieskater.main-1
D/VoldCmdListener(   80): asec fspath com.evernote-1
D/VoldCmdListener(   80): asec fspath com.funshion.video.mobile-1
D/VoldCmdListener(   80): asec fspath com.google.android.apps.translate-1
D/VoldCmdListener(   80): asec fspath com.kiloo.subwaysurf-1
D/VoldCmdListener(   80): asec fspath com.madhead.tos.zh-1
W/PackageManager(  265): Package named 'com.swiitt' doesn't exist.
D/VoldCmdListener(   80): asec fspath com.tkb.GirlSweetNote-1
W/PackageManager(  265): Package named 'com.todaslasapps.ovulacion' doesn't exist.
D/VoldCmdListener(   80): asec fspath com.upgame.glowhockey-1
W/PackageManager(  265): Package named 'com.zdworks.android.zdcalendar' doesn't exist.
W/PackageManager(  265): Package named 'de.leihwelt.android.daysleft' doesn't exist.
D/VoldCmdListener(   80): asec fspath ecowork.seven-1
W/PackageManager(  265): Package named 'etmgup.funlove' doesn't exist.
D/VoldCmdListener(   80): asec fspath jp.co.mindpl.Snapeee-1
D/VoldCmdListener(   80): asec fspath com.dq.zombieskater.main-1
D/VoldCmdListener(   80): asec fspath com.evernote-1
D/VoldCmdListener(   80): asec fspath com.funshion.video.mobile-1
D/VoldCmdListener(   80): asec fspath com.google.android.apps.translate-1
D/VoldCmdListener(   80): asec fspath com.kiloo.subwaysurf-1
D/VoldCmdListener(   80): asec fspath com.madhead.tos.zh-1
W/PackageManager(  265): Package named 'com.swiitt' doesn't exist.
D/VoldCmdListener(   80): asec fspath com.tkb.GirlSweetNote-1
W/PackageManager(  265): Package named 'com.todaslasapps.ovulacion' doesn't exist.
D/VoldCmdListener(   80): asec fspath com.upgame.glowhockey-1
W/PackageManager(  265): Package named 'com.zdworks.android.zdcalendar' doesn't exist.
W/PackageManager(  265): Package named 'de.leihwelt.android.daysleft' doesn't exist.
D/VoldCmdListener(   80): asec fspath ecowork.seven-1
W/PackageManager(  265): Package named 'etmgup.funlove' doesn't exist.
D/VoldCmdListener(   80): asec fspath jp.co.mindpl.Snapeee-1
D/VoldCmdListener(   80): asec fspath com.dq.zombieskater.main-1
D/VoldCmdListener(   80): asec fspath com.evernote-1
D/VoldCmdListener(   80): asec fspath com.funshion.video.mobile-1
D/VoldCmdListener(   80): asec fspath com.google.android.apps.translate-1
D/VoldCmdListener(   80): asec fspath com.kiloo.subwaysurf-1
D/VoldCmdListener(   80): asec fspath com.madhead.tos.zh-1
W/PackageManager(  265): Package named 'com.swiitt' doesn't exist.
D/VoldCmdListener(   80): asec fspath com.tkb.GirlSweetNote-1
W/PackageManager(  265): Package named 'com.todaslasapps.ovulacion' doesn't exist.
D/VoldCmdListener(   80): asec fspath com.upgame.glowhockey-1
W/PackageManager(  265): Package named 'com.zdworks.android.zdcalendar' doesn't exist.
W/PackageManager(  265): Package named 'de.leihwelt.android.daysleft' doesn't exist.
D/VoldCmdListener(   80): asec fspath ecowork.seven-1
W/PackageManager(  265): Package named 'etmgup.funlove' doesn't exist.
D/VoldCmdListener(   80): asec fspath jp.co.mindpl.Snapeee-1
D/VoldCmdListener(   80): asec fspath com.dq.zombieskater.main-1
D/VoldCmdListener(   80): asec fspath com.evernote-1
D/VoldCmdListener(   80): asec fspath com.funshion.video.mobile-1
D/VoldCmdListener(   80): asec fspath com.google.android.apps.translate-1
D/VoldCmdListener(   80): asec fspath com.kiloo.subwaysurf-1
D/VoldCmdListener(   80): asec fspath com.madhead.tos.zh-1
W/PackageManager(  265): Package named 'com.swiitt' doesn't exist.
D/VoldCmdListener(   80): asec fspath com.tkb.GirlSweetNote-1
W/PackageManager(  265): Package named 'com.todaslasapps.ovulacion' doesn't exist.
D/VoldCmdListener(   80): asec fspath com.upgame.glowhockey-1
W/PackageManager(  265): Package named 'com.zdworks.android.zdcalendar' doesn't exist.
W/PackageManager(  265): Package named 'de.leihwelt.android.daysleft' doesn't exist.
D/VoldCmdListener(   80): asec fspath ecowork.seven-1
W/PackageManager(  265): Package named 'etmgup.funlove' doesn't exist.
D/VoldCmdListener(   80): asec fspath jp.co.mindpl.Snapeee-1
D/VoldCmdListener(   80): asec fspath com.dq.zombieskater.main-1
D/VoldCmdListener(   80): asec fspath com.evernote-1
D/VoldCmdListener(   80): asec fspath com.funshion.video.mobile-1
D/VoldCmdListener(   80): asec fspath com.google.android.apps.translate-1
D/VoldCmdListener(   80): asec fspath com.kiloo.subwaysurf-1
D/VoldCmdListener(   80): asec fspath com.madhead.tos.zh-1
W/PackageManager(  265): Package named 'com.swiitt' doesn't exist.
D/VoldCmdListener(   80): asec fspath com.tkb.GirlSweetNote-1
W/PackageManager(  265): Package named 'com.todaslasapps.ovulacion' doesn't exist.
D/VoldCmdListener(   80): asec fspath com.upgame.glowhockey-1
W/PackageManager(  265): Package named 'com.zdworks.android.zdcalendar' doesn't exist.
W/PackageManager(  265): Package named 'de.leihwelt.android.daysleft' doesn't exist.
D/VoldCmdListener(   80): asec fspath ecowork.seven-1
W/PackageManager(  265): Package named 'etmgup.funlove' doesn't exist.
D/VoldCmdListener(   80): asec fspath jp.co.mindpl.Snapeee-1
D/VoldCmdListener(   80): asec fspath com.dq.zombieskater.main-1
D/VoldCmdListener(   80): asec fspath com.evernote-1
D/VoldCmdListener(   80): asec fspath com.funshion.video.mobile-1
D/VoldCmdListener(   80): asec fspath com.google.android.apps.translate-1
D/VoldCmdListener(   80): asec fspath com.kiloo.subwaysurf-1
D/VoldCmdListener(   80): asec fspath com.madhead.tos.zh-1
W/PackageManager(  265): Package named 'com.swiitt' doesn't exist.
D/VoldCmdListener(   80): asec fspath com.tkb.GirlSweetNote-1
W/PackageManager(  265): Package named 'com.todaslasapps.ovulacion' doesn't exist.
D/VoldCmdListener(   80): asec fspath com.upgame.glowhockey-1
W/PackageManager(  265): Package named 'com.zdworks.android.zdcalendar' doesn't exist.
W/PackageManager(  265): Package named 'de.leihwelt.android.daysleft' doesn't exist.
D/VoldCmdListener(   80): asec fspath ecowork.seven-1
W/PackageManager(  265): Package named 'etmgup.funlove' doesn't exist.
D/VoldCmdListener(   80): asec fspath jp.co.mindpl.Snapeee-1
D/VoldCmdListener(   80): asec fspath com.dq.zombieskater.main-1
D/VoldCmdListener(   80): asec fspath com.evernote-1
D/VoldCmdListener(   80): asec fspath com.funshion.video.mobile-1
D/VoldCmdListener(   80): asec fspath com.google.android.apps.translate-1
D/VoldCmdListener(   80): asec fspath com.kiloo.subwaysurf-1
D/VoldCmdListener(   80): asec fspath com.madhead.tos.zh-1
W/PackageManager(  265): Package named 'com.swiitt' doesn't exist.
D/VoldCmdListener(   80): asec fspath com.tkb.GirlSweetNote-1
W/PackageManager(  265): Package named 'com.todaslasapps.ovulacion' doesn't exist.
D/VoldCmdListener(   80): asec fspath com.upgame.glowhockey-1
W/PackageManager(  265): Package named 'com.zdworks.android.zdcalendar' doesn't exist.
W/PackageManager(  265): Package named 'de.leihwelt.android.daysleft' doesn't exist.
D/VoldCmdListener(   80): asec fspath ecowork.seven-1
W/PackageManager(  265): Package named 'etmgup.funlove' doesn't exist.
D/VoldCmdListener(   80): asec fspath jp.co.mindpl.Snapeee-1
I/ActivityManager(  265): START {act=android.intent.action.MAIN cat=[android.intent.category.HOME] flg=0x10200000 cmp=com.android.launcher/com.android.launcher2.Launcher u=0} from pid 265
I/ActivityManager(  265): Start proc jp.naver.line.android for broadcast jp.naver.line.android/.service.push.SystemBroadcastReceiver: pid=3567 uid=10051 gids={1006, 3003, 1015, 1028, 3002}
D/UsbDeviceManager(  265): disable UsbDeviceManager wakelock wlref = 1
I/StorageNotification(  338): UMS connection changed to false (media state mounted)
I/ActivityManager(  265): Start proc com.android.chrome for broadcast com.android.chrome/org.chromium.base.PowerStatusReceiver: pid=3585 uid=10117 gids={1006, 3003, 1015, 1028}
I/ActivityManager(  265): Start proc android.process.media for broadcast com.android.providers.media/.UsbReceiver: pid=3600 uid=10010 gids={1015, 1023, 1024, 1028, 2001, 3003, 3007}
W/PowerUI (  338): unknown intent: Intent { act=android.intent.action.ACTION_POWER_CONNECTED flg=0x8000010 }
I/ActivityManager(  265): Start proc com.google.android.youtube for broadcast com.google.android.youtube/.app.prefetch.PrefetchService$DeviceStateReceiver: pid=3627 uid=10064 gids={3003, 1015, 1006, 1028}
D/UsbDeviceManager(  265): enable UsbDeviceManager wakelock wlref = 0
I/ActivityManager(  265): Process com.anydo (pid 3259) has died.
D/UsbDeviceManager(  265): enable UsbDeviceManager wakelock wlref = 1
I/StorageNotification(  338): UMS connection changed to true (media state mounted)
I/StorageNotification(  338): UMS connection changed to true (media state mounted)
I/ActivityManager(  265): Start proc com.facebook.katana for broadcast com.facebook.katana/.service.vault.VaultPowerConnectionReceiver: pid=3673 uid=10107 gids={3003, 1006, 1015, 1028}
I/ActivityManager(  265): Process com.google.android.partnersetup (pid 3118) has died.
I/ActivityManager(  265): Process com.android.deskclock (pid 3284) has died.
I/ActivityManager(  265): Process android.process.acore (pid 3301) has died.
I/ActivityManager(  265): Process me.gira.widget.countdown (pid 3000) has died.
I/LocationManagerService(  265): request passive (pid 3673) 0 0
I/ActivityManager(  265): Start proc com.facebook.katana:providers for content provider com.facebook.katana/.provider.GraphQLNotificationsContentProvider: pid=3712 uid=10107 gids={3003, 1006, 1015, 1028}
I/ActivityManager(  265): Process com.android.packageinstaller (pid 2983) has died.
I/ActivityManager(  265): Process com.android.keychain (pid 3348) has died.
I/ActivityManager(  265): Process com.android.gallery3d (pid 3331) has died.
I/ActivityManager(  265): Process com.android.musicfx (pid 3374) has died.
I/LocationManagerService(  265): request passive (pid 3712) 0 0
I/ActivityManager(  265): Start proc com.devhd.feedly for broadcast com.devhd.feedly/.widget.FeedlyWidgetProvider: pid=3767 uid=10095 gids={3003, 1015, 1028}
D/UsbDeviceManager(  265): enable UsbDeviceManager wakelock wlref = 1
I/StorageNotification(  338): UMS connection changed to true (media state mounted)
D/UsbDeviceManager(  265): enable UsbDeviceManager wakelock wlref = 1
I/StorageNotification(  338): UMS connection changed to true (media state mounted)
W/ThrottleService(  265): unable to find stats for iface rmnet0
I/ActivityManager(  265): Start proc com.anydo for service com.anydo/.service.MeetingEndedService: pid=3796 uid=10072 gids={3003, 1015, 1028}
I/ActivityManager(  265): Process com.siri.bigboy (pid 1099) has died.
W/ActivityManager(  265): Scheduling restart of crashed service com.siri.bigboy/net.miidi.ad.push.AdPushService in 5000ms
I/ActivityManager(  265): Start proc android.process.acore for content provider com.android.providers.contacts/.ContactsProvider2: pid=3820 uid=10000 gids={3003, 1015, 1028}
I/ActivityManager(  265): Process com.google.android.googlequicksearchbox (pid 3091) has died.
I/ActivityManager(  265): Start proc com.siri.bigboy for service com.siri.bigboy/net.miidi.ad.push.AdPushService: pid=3838 uid=10119 gids={3003, 1015, 1006, 1028}
I/ActivityManager(  265): Process com.google.android.gsf.login (pid 3421) has died.
I/ActivityManager(  265): Process jp.naver.line.android (pid 3567) has died.
I/ActivityManager(  265): Start proc jp.naver.line.android for broadcast jp.naver.line.android/.alarm.LineAlarmReceiver: pid=3851 uid=10051 gids={1006, 3003, 1015, 1028, 3002}
I/LocationManagerService(  265): remove passive (pid 265), next minTime = 0
I/ActivityManager(  265): Process com.google.process.location (pid 1295) has died.
W/ActivityManager(  265): Scheduling restart of crashed service com.google.android.gms/com.google.android.location.internal.server.GoogleLocationService in 5000ms
W/ActivityManager(  265): Scheduling restart of crashed service com.google.android.gms/com.google.android.location.internal.GoogleLocationManagerService in 15000ms
I/LocationManagerService(  265): remove passive (pid 265), next minTime = 0
I/ActivityManager(  265): Process com.google.android.youtube (pid 3627) has died.
I/ActivityManager(  265): Start proc com.google.process.location for service com.google.android.gms/com.google.android.location.internal.server.GoogleLocationService: pid=3881 uid=10019 gids={3003, 1015, 1028, 1007, 1006, 2001, 3006}
I/ActivityManager(  265): Start proc com.google.android.gsf.login for service com.google.android.gms/.recovery.AccountRecoveryBackgroundService: pid=3895 uid=10019 gids={3003, 1015, 1028, 1007, 1006, 2001, 3006}
I/LocationManagerService(  265): remove passive (pid 265), next minTime = 0
I/ActivityManager(  265): Process com.facebook.katana:providers (pid 3712) has died.
I/LocationManagerService(  265): request passive (pid 3881) 0 0
I/LocationManagerService(  265): request passive (pid 3881) 1000 0
W/ThrottleService(  265): unable to find stats for iface rmnet0
W/ThrottleService(  265): unable to find stats for iface rmnet0
D/UsbDeviceManager(  265): enable UsbDeviceManager wakelock wlref = 1
I/StorageNotification(  338): UMS connection changed to true (media state mounted)
D/UsbDeviceManager(  265): enable UsbDeviceManager wakelock wlref = 1
I/StorageNotification(  338): UMS connection changed to true (media state mounted)
D/UsbDeviceManager(  265): enable UsbDeviceManager wakelock wlref = 1
I/StorageNotification(  338): UMS connection changed to true (media state mounted)
D/UsbDeviceManager(  265): enable UsbDeviceManager wakelock wlref = 1
I/StorageNotification(  338): UMS connection changed to true (media state mounted)
D/UsbDeviceManager(  265): enable UsbDeviceManager wakelock wlref = 1
I/StorageNotification(  338): UMS connection changed to true (media state mounted)
D/UsbDeviceManager(  265): enable UsbDeviceManager wakelock wlref = 1
I/StorageNotification(  338): UMS connection changed to true (media state mounted)
D/UsbDeviceManager(  265): enable UsbDeviceManager wakelock wlref = 1
I/StorageNotification(  338): UMS connection changed to true (media state mounted)
D/UsbDeviceManager(  265): disable UsbDeviceManager wakelock wlref = 1
I/StorageNotification(  338): UMS connection changed to false (media state mounted)
I/ActivityManager(  265): Start proc me.gira.widget.countdown for broadcast me.gira.widget.countdown/.providers.WidgetProvider: pid=4016 uid=10099 gids={3003}
V/BackupManagerService(  265): Running a backup pass
V/BackupManagerService(  265): clearing pending backups
V/PerformBackupTask(  265): Beginning backup of 2 targets
D/PerformBackupTask(  265): invokeAgentForBackup on @pm@
I/PerformBackupTask(  265): no backup data written; not calling transport
D/PerformBackupTask(  265): starting agent for backup of BackupRequest{pkg=android}
D/BackupManagerService(  265): awaiting agent for ApplicationInfo{41301ae8 android}
D/BackupManagerService(  265): agentConnected pkg=android agent=android.app.backup.BackupAgent$BackupServiceBinder@416756e8
I/BackupManagerService(  265): got agent android.app.backup.BackupAgent$BackupServiceBinder@416756e8
D/PerformBackupTask(  265): invokeAgentForBackup on android
D/PerformBackupTask(  265): starting agent for backup of BackupRequest{pkg=com.android.providers.settings}
D/BackupManagerService(  265): awaiting agent for ApplicationInfo{413a4470 com.android.providers.settings}
D/BackupManagerService(  265): agentConnected pkg=com.android.providers.settings agent=android.app.backup.BackupAgent$BackupServiceBinder@414c9e98
I/BackupManagerService(  265): got agent android.app.backup.BackupAgent$BackupServiceBinder@414c9e98
D/PerformBackupTask(  265): invokeAgentForBackup on com.android.providers.settings
I/PerformBackupTask(  265): no backup data written; not calling transport
I/PerformBackupTask(  265): Backup pass finished.
W/ThrottleService(  265): unable to find stats for iface rmnet0
I/ActivityManager(  265): No longer want org.funnylab.manfun (pid 1889): hidden #16
W/ActivityManager(  265): Scheduling restart of crashed service org.funnylab.manfun/.service.CheckBookNewChapterService in 5000ms
I/ActivityManager(  265): Start proc org.funnylab.manfun for service org.funnylab.manfun/.service.CheckBookNewChapterService: pid=4056 uid=10059 gids={3003, 1015, 1028}
W/ThrottleService(  265): unable to find stats for iface rmnet0
I/ActivityManager(  265): Start proc com.google.android.gm for service com.google.android.gm/.provider.MailSyncAdapterService: pid=4081 uid=10017 gids={3003, 1015, 1028}
I/ActivityManager(  265): No longer want com.funshion.video.mobile:pushservice_v1 (pid 2677): hidden #16
W/ActivityManager(  265): Scheduling restart of crashed service com.funshion.video.mobile/com.baidu.android.pushservice.PushService in 5000ms
I/ActivityManager(  265): Start proc com.funshion.video.mobile:pushservice_v1 for service com.funshion.video.mobile/com.baidu.android.pushservice.PushService: pid=4114 uid=10116 gids={1015, 3003, 1028}
D/DownloadManager( 3600): deleteFileIfExists() deleting /data/data/com.android.providers.downloads/cache/downloadfile.ics
D/DownloadManager( 3600): deleteDownloadLocked() deleting /data/data/com.android.providers.downloads/cache/downloadfile.ics
I/ActivityManager(  265): Process android.process.acore (pid 3820) has died.
W/ThrottleService(  265): unable to find stats for iface rmnet0
I/TabletStatusBar(  338): DISABLE_EXPAND: yes
I/TabletStatusBar(  338): DISABLE_CLOCK: yes
D/kinier  (  265): POWER ON
W/PowerUI (  338): unknown intent: Intent { act=android.intent.action.ACTION_POWER_CONNECTED flg=0x8000010 }
I/WindowManager(  265): Lock screen displayed!
I/ActivityManager(  265): Start proc com.google.android.youtube for broadcast com.google.android.youtube/.app.prefetch.PrefetchService$DeviceStateReceiver: pid=4177 uid=10064 gids={3003, 1015, 1006, 1028}
D/UsbDeviceManager(  265): enable UsbDeviceManager wakelock wlref = 0
D/UsbDeviceManager(  265): enable UsbDeviceManager wakelock wlref = 1
I/StorageNotification(  338): UMS connection changed to true (media state mounted)
I/StorageNotification(  338): UMS connection changed to true (media state mounted)
W/ThrottleService(  265): unable to find stats for iface rmnet0
D/ConnectivityService(  265): ConnectivityChange for WIFI: DISCONNECTED/DISCONNECTED
D/ConnectivityService(  265): Attempting to switch to mobile
D/ConnectivityService(  265): Attempting to switch to ETHERNET
D/ConnectivityService(  265): resetConnections(wlan0, 3)
D/ConnectivityService(  265): ConnectivityChange for WIFI: DISCONNECTED/DISCONNECTED
D/ConnectivityService(  265): Attempting to switch to mobile
D/ConnectivityService(  265): Attempting to switch to ETHERNET
D/ConnectivityService(  265): resetConnections(wlan0, 3)
D/ConnectivityService(  265): handleInetConditionChange: no active default network - ignore
I/ActivityManager(  265): Start proc com.funshion.video.mobile for broadcast com.funshion.video.mobile/.FunshionBoradcastReceiver: pid=4231 uid=10116 gids={1015, 3003, 1028}
I/ActivityManager(  265): No longer want com.siri.bigboy (pid 3838): hidden #16
W/ActivityManager(  265): Scheduling restart of crashed service com.siri.bigboy/net.miidi.ad.push.AdPushService in 5000ms
I/ActivityManager(  265): Start proc com.siri.bigboy for broadcast com.siri.bigboy/net.miidi.ad.push.AdPushReceiver: pid=4250 uid=10119 gids={3003, 1015, 1006, 1028}
I/LocationManagerService(  265): remove passive (pid 265), next minTime = 0
I/LocationManagerService(  265): remove passive (pid 265), next minTime = 0
I/ActivityManager(  265): Process com.google.process.location (pid 3881) has died.
W/ActivityManager(  265): Scheduling restart of crashed service com.google.android.gms/com.google.android.location.internal.server.GoogleLocationService in 11974ms
W/ActivityManager(  265): Scheduling restart of crashed service com.google.android.gms/com.google.android.location.internal.GoogleLocationManagerService in 21974ms
D/ConnectivityService(  265): ConnectivityChange for WIFI: CONNECTED/CONNECTED
D/ConnectivityService(  265): ConnectivityChange for WIFI: CONNECTED/CONNECTED
D/ConnectivityService(  265): handleConnectivityChange: address are the same reset per doReset linkProperty[1]: resetMask=0
D/ConnectivityService(  265): NetTransition Wakelock for WifiStateMachine released by timeout
D/ConnectivityService(  265): handleInetConditionHoldEnd: net=1, condition=100, published condition=0
D/ConnectivityService(  265): handleInetConditionHoldEnd: net=1, condition=100, published condition=100
I/ActivityManager(  265): Start proc com.google.process.location for service com.google.android.gms/com.google.android.location.internal.server.GoogleLocationService: pid=4351 uid=10019 gids={3003, 1015, 1028, 1007, 1006, 2001, 3006}
I/ActivityManager(  265): Process me.gira.widget.countdown (pid 4016) has died.
I/LocationManagerService(  265): request passive (pid 4351) 0 0
I/LocationManagerService(  265): request passive (pid 4351) 1000 0
I/ActivityManager(  265): Process com.anydo (pid 3796) has died.
W/ActivityManager(  265): No content provider found for permission revoke: file:///data/local/tmp/ChildBrowser-debug (1).apk
W/ActivityManager(  265): No content provider found for permission revoke: file:///data/local/tmp/ChildBrowser-debug (1).apk
W/PackageParser(  265): No actions in intent filter at /data/app/vmdl-888851496.tmp Binary XML file line #28
I/ActivityManager(  265): Force stopping package com.phonegap.pgbfbtest uid=10054
I/ActivityManager(  265):   Force finishing activity ActivityRecord{41510b08 com.phonegap.pgbfbtest/.BarcodeScanner}
I/ActivityManager(  265):   Force finishing activity ActivityRecord{416ac698 com.phonegap.pgbfbtest/com.google.zxing.client.android.CaptureActivity}
I/PackageManager(  265): Package com.phonegap.pgbfbtest codePath changed from /data/app/com.phonegap.pgbfbtest-2.apk to /data/app/com.phonegap.pgbfbtest-1.apk; Retaining data and using new
I/ActivityManager(  265): Force stopping package com.phonegap.pgbfbtest uid=10054
W/PackageManager(  265): Code path for pkg : com.phonegap.pgbfbtest changing from /data/app/com.phonegap.pgbfbtest-2.apk to /data/app/com.phonegap.pgbfbtest-1.apk
W/PackageManager(  265): Resource path for pkg : com.phonegap.pgbfbtest changing from /data/app/com.phonegap.pgbfbtest-2.apk to /data/app/com.phonegap.pgbfbtest-1.apk
W/PackageManager(  265): Unknown permission android.permission.RECORD_VIDEO in package com.phonegap.pgbfbtest
D/BackupManagerService(  265): Now staging backup of android
I/ActivityManager(  265): Force stopping package com.phonegap.pgbfbtest uid=10054
I/ActivityManager(  265): Start proc me.gira.widget.countdown for broadcast me.gira.widget.countdown/fortytwo.android.lib.Receiver: pid=4406 uid=10099 gids={3003}
I/ActivityManager(  265): Process com.android.chrome (pid 3585) has died.
V/WindowManager(  265): Layouts looping: On entry to LockedInner, mPendingLayoutChanges = 0x1
V/WindowManager(  265): Layouts looping: loop number 4, mPendingLayoutChanges = 0x0
V/WindowManager(  265): Layouts looping: after finishAnimationLw, mPendingLayoutChanges = 0x0
W/InputMethodManagerService(  265): Window already focused, ignoring focus gain of: com.android.internal.view.IInputMethodClient$Stub$Proxy@4185e440 attribute=android.view.inputmethod.EditorInfo@417fff20
I/TabletStatusBar(  338): DISABLE_CLOCK: no
I/ActivityManager(  265): Start proc android.process.acore for broadcast com.android.providers.contacts/.PackageIntentReceiver: pid=4421 uid=10000 gids={3003, 1015, 1028}
I/ActivityManager(  265): Process android.process.media (pid 3600) has died.
I/ActivityManager(  265): Process com.dianxinos.optimizer.play (pid 3361) has died.
W/ActivityManager(  265): Scheduling restart of crashed service com.dianxinos.optimizer.play/com.dianxinos.optimizer.module.external.HomeMonitorService in 5000ms
W/ActivityManager(  265): Scheduling restart of crashed service com.dianxinos.optimizer.play/com.dianxinos.optimizer.PerformanceService in 14998ms
W/ActivityManager(  265): Scheduling restart of crashed service com.dianxinos.optimizer.play/com.dianxinos.optimizer.analysis.PerformanceMonitorService in 24997ms
I/ActivityManager(  265): Process com.google.android.youtube (pid 4177) has died.
D/BackupManagerService(  265): Received broadcast Intent { act=android.intent.action.PACKAGE_REMOVED dat=package:com.phonegap.pgbfbtest flg=0x8000010 (has extras) }
I/ActivityManager(  265): Start proc com.android.gallery3d for broadcast com.android.gallery3d/.app.PackagesMonitor: pid=4446 uid=10016 gids={1006, 3003, 1015, 1028}
D/BackupManagerService(  265): Received broadcast Intent { act=android.intent.action.PACKAGE_ADDED dat=package:com.phonegap.pgbfbtest flg=0x8000010 (has extras) }
V/BackupManagerService(  265): removePackageParticipantsLocked: uid=10054 #1
V/BackupManagerService(  265): addPackageParticipantsLocked: #1
I/ActivityManager(  265): Process com.facebook.katana (pid 3673) has died.
I/LocationManagerService(  265): remove passive (pid 265), next minTime = 0
I/ActivityManager(  265): Start proc com.android.keychain for broadcast com.android.keychain/.KeyChainBroadcastReceiver: pid=4461 uid=1000 gids={1015, 3002, 3001, 3003, 1028, 3007}
I/ActivityManager(  265): Start proc com.android.musicfx for broadcast com.android.musicfx/.Compatibility$Receiver: pid=4474 uid=10034 gids={3003, 3002}
I/ActivityManager(  265): Process jp.naver.line.android (pid 3851) has died.
I/ActivityManager(  265): Start proc com.google.android.googlequicksearchbox for broadcast com.google.android.googlequicksearchbox/com.google.android.apps.sidekick.GmmLocationProviderImpl$GmmPackageWatcher: pid=4489 uid=10041 gids={3003, 1028, 1007, 3002, 1015}
I/ActivityManager(  265): Start proc com.dianxinos.optimizer.play for service com.dianxinos.optimizer.play/com.dianxinos.optimizer.module.external.HomeMonitorService: pid=4506 uid=10106 gids={3003, 1015, 3002, 3001, 1006, 1028}
I/ActivityManager(  265): Start proc com.google.android.partnersetup for content provider com.google.android.partnersetup/.RlzAppProvider: pid=4529 uid=10022 gids={3003}
I/ActivityManager(  265): Start proc com.anydo for broadcast com.anydo/.receiver.NotificationsReviverReciever: pid=4564 uid=10072 gids={3003, 1015, 1028}
I/ActivityManager(  265): Start proc jp.naver.line.android for broadcast jp.naver.line.android/.service.push.SystemBroadcastReceiver: pid=4592 uid=10051 gids={1006, 3003, 1015, 1028, 3002}
I/ActivityManager(  265): START {act=android.intent.action.MAIN cat=[android.intent.category.LAUNCHER] flg=0x10200000 cmp=com.phonegap.pgbfbtest/.ChildBrowser bnds=[192,282][288,378] u=0} from pid 477
I/ActivityManager(  265): Start proc com.phonegap.pgbfbtest for activity com.phonegap.pgbfbtest/.ChildBrowser: pid=4611 uid=10054 gids={1006, 3003, 1015, 1028}
I/ActivityManager(  265): Process com.google.android.gm (pid 4081) has died.
I/ActivityManager(  265): Process com.devhd.feedly (pid 3767) has died.
I/ActivityManager(  265): Process me.gira.widget.countdown (pid 4406) has died.
I/ActivityManager(  265): Process android.process.acore (pid 4421) has died.
I/ActivityManager(  265): Start proc me.gira.widget.countdown for broadcast me.gira.widget.countdown/fortytwo.android.lib.Receiver: pid=4648 uid=10099 gids={3003}
I/ActivityManager(  265): Start proc android.process.acore for broadcast com.android.providers.contacts/.PackageIntentReceiver: pid=4661 uid=10000 gids={3003, 1015, 1028}
I/ActivityManager(  265): Process com.android.keychain (pid 4461) has died.
I/ActivityManager(  265): Process com.android.gallery3d (pid 4446) has died.
I/ActivityManager(  265): Start proc com.android.gallery3d for broadcast com.android.gallery3d/.app.PackagesMonitor: pid=4701 uid=10016 gids={1006, 3003, 1015, 1028}
I/ActivityManager(  265): Start proc com.svox.pico for broadcast com.svox.pico/.VoiceDataInstallerReceiver: pid=4720 uid=10039 gids={1015, 1028}
W/ActivityManager(  265): Permission denied: checkComponentPermission() owningUid=10115
W/BroadcastQueue(  265): Permission Denial: broadcasting Intent { act=com.dianxinos.feedback.FIRST_ flg=0x10 } from com.dianxinos.optimizer.play (pid=4506, uid=10106) is not exported from uid 10115 due to receiver com.dianxinos.powermanager/com.dianxinos.feedback.NotifyReceiver
I/ActivityManager(  265): Start proc com.google.android.gm for service com.google.android.gm/.provider.MailSyncAdapterService: pid=4746 uid=10017 gids={3003, 1015, 1028}
I/ActivityManager(  265): START {act=android.intent.action.MAIN cat=[android.intent.category.LAUNCHER] flg=0x10200000 cmp=com.phonegap.pgbfbtest/.ChildBrowser bnds=[192,282][288,378] u=0} from pid 477
I/ActivityManager(  265): Process com.android.gallery3d (pid 4701) has died.
I/ActivityManager(  265): Process me.gira.widget.countdown (pid 4648) has died.
I/ActivityManager(  265): Process android.process.acore (pid 4661) has died.
I/ActivityManager(  265): Process com.google.android.partnersetup (pid 4529) has died.
I/ActivityManager(  265): Process com.android.musicfx (pid 4474) has died.
I/ActivityManager(  265): Process com.svox.pico (pid 4720) has died.
I/ActivityManager(  265): Process jp.naver.line.android (pid 4592) has died.
I/ActivityManager(  265): Process com.google.android.googlequicksearchbox (pid 4489) has died.
I/ActivityManager(  265): Start proc android.process.media for content provider com.android.providers.media/.MediaProvider: pid=4788 uid=10010 gids={1015, 1023, 1024, 1028, 2001, 3003, 3007}
I/ActivityManager(  265): Process com.anydo (pid 4564) has died.
I/ActivityManager(  265): Start proc com.facebook.katana for service com.facebook.katana/.service.FacebookService: pid=4821 uid=10107 gids={3003, 1006, 1015, 1028}
I/ActivityManager(  265): Process com.google.android.gm (pid 4746) has died.
I/ActivityManager(  265): Start proc com.facebook.katana:providers for content provider com.facebook.katana/.provider.GraphQLNotificationsContentProvider: pid=4853 uid=10107 gids={3003, 1006, 1015, 1028}
I/ActivityManager(  265): Process android.process.media (pid 4788) has died.
I/ActivityManager(  265): Process com.google.android.gsf.login (pid 3895) has died.
I/ActivityManager(  265): Process jp.naver.android.npush (pid 1161) has died.
W/ActivityManager(  265): Scheduling restart of crashed service jp.naver.line.android/jp.naver.android.npush.service.NPushMessageService in 5000ms
I/LocationManagerService(  265): request passive (pid 4821) 0 0
I/ActivityManager(  265): Applications Memory Usage (kB):
I/ActivityManager(  265): Uptime: 5622232 Realtime: 7401135
I/ActivityManager(  265): Total PSS by OOM adjustment:
I/ActivityManager(  265):     22198 kB: System
I/ActivityManager(  265):                22198 kB: system (pid 265)
I/ActivityManager(  265):     20716 kB: Persistent
I/ActivityManager(  265):                12676 kB: com.android.systemui (pid 338)
I/ActivityManager(  265):                 4369 kB: com.android.phone (pid 440)
I/ActivityManager(  265):                 3671 kB: com.clouds.server (pid 455)
I/ActivityManager(  265):     82067 kB: Foreground
I/ActivityManager(  265):                35079 kB: com.phonegap.pgbfbtest (pid 4611)
I/ActivityManager(  265):                33940 kB: com.facebook.katana (pid 4821)
I/ActivityManager(  265):                13048 kB: com.facebook.katana:providers (pid 4853)
I/ActivityManager(  265):      2285 kB: Visible
I/ActivityManager(  265):                 2285 kB: com.android.smspush (pid 539)
I/ActivityManager(  265):     20642 kB: Perceptible
I/ActivityManager(  265):                 9532 kB: com.android.vending (pid 1144)
I/ActivityManager(  265):                 6964 kB: com.domobile.applock (pid 1120)
I/ActivityManager(  265):                 4146 kB: tw.chaozhuyin (pid 424)
I/ActivityManager(  265):     30242 kB: A Services
I/ActivityManager(  265):                 8627 kB: com.google.process.gapps (pid 512)
I/ActivityManager(  265):                 8031 kB: com.dianxinos.powermanager (pid 1136)
I/ActivityManager(  265):                 7548 kB: com.dianxinos.optimizer.play (pid 4506)
I/ActivityManager(  265):                 6036 kB: com.google.android.gms (pid 1342)
I/ActivityManager(  265):     20236 kB: Home
I/ActivityManager(  265):                20236 kB: com.android.launcher (pid 477)
I/ActivityManager(  265):     21617 kB: Previous
I/ActivityManager(  265):                18844 kB: com.android.settings (pid 2925)
I/ActivityManager(  265):                 2773 kB: com.android.defcontainer (pid 2939)
I/ActivityManager(  265):     31067 kB: B Services
I/ActivityManager(  265):                 9188 kB: jp.naver.android.npush (pid 1161)
I/ActivityManager(  265):                 5307 kB: com.funshion.video.mobile (pid 4231)
I/ActivityManager(  265):                 5166 kB: com.google.process.location (pid 4351)
I/ActivityManager(  265):                 5092 kB: com.funshion.video.mobile:pushservice_v1 (pid 4114)
I/ActivityManager(  265):                 3404 kB: org.funnylab.manfun (pid 4056)
I/ActivityManager(  265):                 2910 kB: com.siri.bigboy (pid 4250)
I/ActivityManager(  265): 
I/ActivityManager(  265): Total PSS: 251070 kB
I/ActivityManager(  265):       KSM: 0 kB saved from shared 0 kB
I/ActivityManager(  265):            0 kB unshared; 0 kB volatile
I/ActivityManager(  265):   PID      Vss      Rss      Pss      Uss  cmdline
I/ActivityManager(  265):  4611   81452K   49372K   32904K   31716K  com.phonegap.pgbfbtest
I/ActivityManager(  265):  4821   51120K   51032K   30473K   25584K  com.facebook.katana
I/ActivityManager(  265):   265   37448K   37392K   22284K   21320K  system_server
I/ActivityManager(  265):   477   35756K   35588K   20235K   19344K  com.android.launcher
I/ActivityManager(  265):  4853   40604K   40492K   20048K   15192K  com.facebook.katana:providers
I/ActivityManager(  265):  2925   33136K   33052K   18924K   18208K  com.android.settings
I/ActivityManager(  265):   338   39904K   27392K   12199K   11276K  com.android.systemui
I/ActivityManager(  265):  1144   23600K   23528K    9613K    8972K  com.android.vending
I/ActivityManager(  265):   512   23152K   23068K    8703K    8012K  com.google.process.gapps
I/ActivityManager(  265):  1136   23016K   22968K    8102K    7352K  com.dianxinos.powermanager
I/ActivityManager(  265):  4506   23832K   23752K    7618K    6556K  com.dianxinos.optimizer.play
I/ActivityManager(  265):  1120   26436K   21200K    7035K    6344K  com.domobile.applock
I/ActivityManager(  265):  1342   20192K   20080K    6124K    5488K  com.google.android.gms
I/ActivityManager(  265):  4231   21864K   21756K    5351K    4172K  com.funshion.video.mobile
I/ActivityManager(  265):  4351   20596K   20508K    5257K    4480K  com.google.process.location
I/ActivityManager(  265):  4114   20320K   20240K    5181K    4444K  com.funshion.video.mobile:pushservice_v1
I/ActivityManager(  265):   440   18568K   18492K    4456K    3808K  com.android.phone
I/ActivityManager(  265):   424   18372K   18312K    4223K    3564K  tw.chaozhuyin
I/ActivityManager(  265):   455   17784K   17700K    3754K    3120K  com.clouds.server
I/ActivityManager(  265):  4056   18652K   18544K    3494K    2744K  org.funnylab.manfun
I/ActivityManager(  265):  4250   18036K   17948K    3014K    2248K  com.siri.bigboy
I/ActivityManager(  265):  2939   17584K   17500K    2869K    2132K  com.android.defcontainer
I/ActivityManager(  265):   539   16424K   16308K    2421K    1648K  com.android.smspush
I/ActivityManager(  265):    87    2880K    2880K    2405K    2368K  /system/bin/mediaserver
I/ActivityManager(  265):   235   16884K   16748K    2243K    1392K  zygote
I/ActivityManager(  265):   236   17600K    2448K    1771K    1700K  /system/bin/surfaceflinger
I/ActivityManager(  265):  4878    1380K    1380K    1215K    1168K  procrank
I/ActivityManager(  265):    86    1064K    1064K     773K     764K  /system/bin/drmserver
I/ActivityManager(  265):    81     736K     736K     545K     536K  /system/bin/wifi_bin/netd
I/ActivityManager(  265):   380     584K     584K     399K     392K  /system/bin/wifi_bin/wpa_supplicant
I/ActivityManager(  265):    90     580K     552K     363K     356K  /system/bin/keystore
I/ActivityManager(  265):    80     492K     492K     316K     312K  /system/bin/vold
I/ActivityManager(  265):    83     520K     520K     302K     296K  /system/bin/rild
I/ActivityManager(  265):    92     480K     480K     258K     252K  /system/bin/shell_
I/LocationManagerService(  265): request passive (pid 4853) 0 0
