--------- beginning of /dev/log/system
I/ActivityManager(  265): Process com.google.android.googlequicksearchbox (pid 1803) has died.
I/ActivityManager(  265): Start proc me.gira.widget.countdown for broadcast me.gira.widget.countdown/fortytwo.android.lib.Receiver: pid=2487 uid=10099 gids={3003}
I/ActivityManager(  265): Start proc android.process.acore for broadcast com.android.providers.contacts/.PackageIntentReceiver: pid=2506 uid=10000 gids={3003, 1015, 1028}
I/ActivityManager(  265): Start proc com.android.gallery3d for broadcast com.android.gallery3d/.app.PackagesMonitor: pid=2526 uid=10016 gids={1006, 3003, 1015, 1028}
I/ActivityManager(  265): Start proc com.android.keychain for broadcast com.android.keychain/.KeyChainBroadcastReceiver: pid=2547 uid=1000 gids={1015, 3002, 3001, 3003, 1028, 3007}
I/ActivityManager(  265): Start proc com.android.musicfx for broadcast com.android.musicfx/.Compatibility$Receiver: pid=2565 uid=10034 gids={3003, 3002}
I/ActivityManager(  265): Process com.google.android.youtube (pid 1922) has died.
I/ActivityManager(  265): Start proc com.google.android.googlequicksearchbox for broadcast com.google.android.googlequicksearchbox/com.google.android.apps.sidekick.GmmLocationProviderImpl$GmmPackageWatcher: pid=2581 uid=10041 gids={3003, 1028, 1007, 3002, 1015}
I/ActivityManager(  265): Process com.android.deskclock (pid 2077) has died.
I/ActivityManager(  265): Process jp.naver.line.android (pid 2022) has died.
I/ActivityManager(  265): Start proc com.google.android.partnersetup for content provider com.google.android.partnersetup/.RlzAppProvider: pid=2618 uid=10022 gids={3003}
I/ActivityManager(  265): Process com.android.chrome (pid 2365) has died.
I/ActivityManager(  265): Process com.devhd.feedly (pid 2113) has died.
I/ActivityManager(  265): Start proc com.funshion.video.mobile:pushservice_v1 for broadcast com.funshion.video.mobile/com.baidu.android.pushservice.RegistratonReceiver: pid=2677 uid=10116 gids={1015, 3003, 1028}
I/ActivityManager(  265): Process com.android.providers.calendar (pid 2431) has died.
I/ActivityManager(  265): Process com.android.calendar (pid 2404) has died.
I/ActivityManager(  265): Start proc com.svox.pico for broadcast com.svox.pico/.VoiceDataInstallerReceiver: pid=2707 uid=10039 gids={1015, 1028}
I/ActivityManager(  265): Process com.android.keychain (pid 2547) has died.
I/ActivityManager(  265): Process com.google.android.gm (pid 2265) has died.
I/ActivityManager(  265): Process com.google.android.gsf.login (pid 1724) has died.
I/ActivityManager(  265): Start proc com.anydo for broadcast com.anydo/.receiver.OnUpgradeReceiver: pid=2763 uid=10072 gids={3003, 1015, 1028}
I/LocationManagerService(  265): request passive (pid 2462) 0 0
I/ActivityManager(  265): Process com.facebook.katana:providers (pid 2462) has died.
I/LocationManagerService(  265): remove passive (pid 265), next minTime = 0
I/ActivityManager(  265): Start proc jp.naver.line.android for broadcast jp.naver.line.android/.service.push.SystemBroadcastReceiver: pid=2788 uid=10051 gids={1006, 3003, 1015, 1028, 3002}
W/ActivityManager(  265): Permission denied: checkComponentPermission() owningUid=10115
W/BroadcastQueue(  265): Permission Denial: broadcasting Intent { act=com.dianxinos.feedback.FIRST_ flg=0x10 } from com.dianxinos.optimizer.play (pid=1988, uid=10106) is not exported from uid 10115 due to receiver com.dianxinos.powermanager/com.dianxinos.feedback.NotifyReceiver
I/ActivityManager(  265): Start proc com.google.android.gm for broadcast com.google.android.gm/.MailIntentReceiver: pid=2815 uid=10017 gids={3003, 1015, 1028}
I/ActivityManager(  265): Start proc com.android.calendar for broadcast com.android.calendar/.alerts.AlertReceiver: pid=2839 uid=10004 gids={3003}
I/ActivityManager(  265): Process com.android.settings (pid 2443) has died.
I/ActivityManager(  265): Process com.android.gallery3d (pid 2526) has died.
I/ActivityManager(  265): Start proc com.android.providers.calendar for content provider com.android.providers.calendar/.CalendarProvider2: pid=2858 uid=10005 gids={3003, 1015, 1028}
I/ActivityManager(  265): Process android.process.acore (pid 2506) has died.
I/ActivityManager(  265): Start proc com.google.android.gsf.login for service com.google.android.gsf.login/com.google.android.gsf.loginservice.GoogleLoginService: pid=2885 uid=10019 gids={3003, 1015, 1028, 1007, 1006, 2001, 3006}
W/ThrottleService(  265): unable to find stats for iface rmnet0
D/UsbDeviceManager(  265): enable UsbDeviceManager wakelock wlref = 1
I/StorageNotification(  338): UMS connection changed to true (media state mounted)
I/ActivityManager(  265): Process me.gira.widget.countdown (pid 2487) has died.
I/ActivityManager(  265): Process com.google.android.partnersetup (pid 2618) has died.
I/ActivityManager(  265): Process com.svox.pico (pid 2707) has died.
W/InputMethodManagerService(  265): Window already focused, ignoring focus gain of: com.android.internal.view.IInputMethodClient$Stub$Proxy@419876d0 attribute=null
W/InputMethodManagerService(  265): Window already focused, ignoring focus gain of: com.android.internal.view.IInputMethodClient$Stub$Proxy@41a29e80 attribute=null
I/ActivityManager(  265): START {act=android.intent.action.MAIN cat=[com.android.settings.SHORTCUT] flg=0x10200000 cmp=com.android.settings/.Settings$ManageApplicationsActivity bnds=[608,137][704,233] u=0} from pid 477
I/ActivityManager(  265): Start proc com.android.settings for activity com.android.settings/.Settings$ManageApplicationsActivity: pid=2925 uid=1000 gids={1015, 3002, 3001, 3003, 1028, 3007}
I/ActivityManager(  265): START {flg=0x10000004 cmp=com.domobile.applock/.BlankActivity (has extras) u=0} from pid -1
I/ActivityManager(  265): Process com.anydo (pid 2763) has died.
I/ActivityManager(  265): Process com.android.musicfx (pid 2565) has died.
I/ActivityManager(  265): Start proc com.android.defcontainer for service com.android.defcontainer/.DefaultContainerService: pid=2939 uid=10008 gids={1015, 2001, 1028}
W/ActivityManager(  265): Activity pause timeout for ActivityRecord{41657640 com.android.settings/.Settings$ManageApplicationsActivity}
I/ActivityManager(  265): Process com.google.android.googlequicksearchbox (pid 2581) has died.
W/ActivityManager(  265): Duplicate finish request for ActivityRecord{41689a88 com.domobile.applock/.BlankActivity}
W/ActivityManager(  265): Duplicate finish request for ActivityRecord{41689a88 com.domobile.applock/.BlankActivity}
W/ActivityManager(  265): Duplicate finish request for ActivityRecord{41689a88 com.domobile.applock/.BlankActivity}
W/ActivityManager(  265): Duplicate finish request for ActivityRecord{41689a88 com.domobile.applock/.BlankActivity}
W/ActivityManager(  265): Duplicate finish request for ActivityRecord{41689a88 com.domobile.applock/.BlankActivity}
W/ActivityManager(  265): Duplicate finish request for ActivityRecord{41689a88 com.domobile.applock/.BlankActivity}
W/ActivityManager(  265): Duplicate finish request for ActivityRecord{41689a88 com.domobile.applock/.BlankActivity}
W/ActivityManager(  265): Duplicate finish request for ActivityRecord{41689a88 com.domobile.applock/.BlankActivity}
W/ActivityManager(  265): Duplicate finish request for ActivityRecord{41689a88 com.domobile.applock/.BlankActivity}
D/WifiService(  265): setWifiEnabled: true pid=2925, uid=1000
W/ActivityManager(  265): Duplicate finish request for ActivityRecord{41689a88 com.domobile.applock/.BlankActivity}
W/ActivityManager(  265): Duplicate finish request for ActivityRecord{41689a88 com.domobile.applock/.BlankActivity}
W/ActivityManager(  265): Duplicate finish request for ActivityRecord{41689a88 com.domobile.applock/.BlankActivity}
W/ActivityManager(  265): Duplicate finish request for ActivityRecord{41689a88 com.domobile.applock/.BlankActivity}
W/ActivityManager(  265): Duplicate finish request for ActivityRecord{41689a88 com.domobile.applock/.BlankActivity}
W/ActivityManager(  265): Duplicate finish request for ActivityRecord{41689a88 com.domobile.applock/.BlankActivity}
W/ActivityManager(  265): Duplicate finish request for ActivityRecord{41689a88 com.domobile.applock/.BlankActivity}
W/ActivityManager(  265): Duplicate finish request for ActivityRecord{41689a88 com.domobile.applock/.BlankActivity}
W/ActivityManager(  265): Activity idle timeout for ActivityRecord{41657640 com.android.settings/.Settings$ManageApplicationsActivity}
I/ActivityManager(  265): Activity reported stop, but no longer stopping: ActivityRecord{41657640 com.android.settings/.Settings$ManageApplicationsActivity}
D/VoldCmdListener(   80): asec fspath com.dq.zombieskater.main-1
D/VoldCmdListener(   80): asec fspath com.evernote-1
D/VoldCmdListener(   80): asec fspath com.funshion.video.mobile-1
D/VoldCmdListener(   80): asec fspath com.google.android.apps.translate-1
D/VoldCmdListener(   80): asec fspath com.kiloo.subwaysurf-1
D/VoldCmdListener(   80): asec fspath com.madhead.tos.zh-1
D/VoldCmdListener(   80): asec fspath com.tkb.GirlSweetNote-1
D/VoldCmdListener(   80): asec fspath com.upgame.glowhockey-1
D/VoldCmdListener(   80): asec fspath ecowork.seven-1
D/VoldCmdListener(   80): asec fspath jp.co.mindpl.Snapeee-1
D/VoldCmdListener(   80): asec fspath com.dq.zombieskater.main-1
D/VoldCmdListener(   80): asec fspath com.evernote-1
D/VoldCmdListener(   80): asec fspath com.funshion.video.mobile-1
D/VoldCmdListener(   80): asec fspath com.google.android.apps.translate-1
D/VoldCmdListener(   80): asec fspath com.kiloo.subwaysurf-1
D/VoldCmdListener(   80): asec fspath com.madhead.tos.zh-1
D/VoldCmdListener(   80): asec fspath com.tkb.GirlSweetNote-1
D/VoldCmdListener(   80): asec fspath com.upgame.glowhockey-1
D/VoldCmdListener(   80): asec fspath ecowork.seven-1
D/VoldCmdListener(   80): asec fspath jp.co.mindpl.Snapeee-1
D/VoldCmdListener(   80): asec fspath com.dq.zombieskater.main-1
D/VoldCmdListener(   80): asec fspath com.evernote-1
D/VoldCmdListener(   80): asec fspath com.funshion.video.mobile-1
D/VoldCmdListener(   80): asec fspath com.google.android.apps.translate-1
D/VoldCmdListener(   80): asec fspath com.kiloo.subwaysurf-1
D/VoldCmdListener(   80): asec fspath com.madhead.tos.zh-1
D/VoldCmdListener(   80): asec fspath com.tkb.GirlSweetNote-1
D/VoldCmdListener(   80): asec fspath com.upgame.glowhockey-1
D/VoldCmdListener(   80): asec fspath ecowork.seven-1
D/VoldCmdListener(   80): asec fspath jp.co.mindpl.Snapeee-1
I/ActivityManager(  265): START {act=android.intent.action.MAIN cat=[com.android.settings.SHORTCUT] flg=0x10200000 cmp=com.android.settings/.Settings$ManageApplicationsActivity bnds=[608,137][704,233] u=0} from pid 477
I/ActivityManager(  265): START {flg=0x10000004 cmp=com.domobile.applock/.BlankActivity (has extras) u=0} from pid -1
D/WifiService(  265): setWifiEnabled: true pid=2925, uid=1000
W/ActivityManager(  265): Duplicate finish request for ActivityRecord{41452cb0 com.domobile.applock/.BlankActivity}
W/ActivityManager(  265): Duplicate finish request for ActivityRecord{41452cb0 com.domobile.applock/.BlankActivity}
I/ActivityManager(  265): Process com.google.android.gsf.login (pid 2885) has died.
W/ActivityManager(  265): Duplicate finish request for ActivityRecord{41452cb0 com.domobile.applock/.BlankActivity}
W/ActivityManager(  265): Duplicate finish request for ActivityRecord{41452cb0 com.domobile.applock/.BlankActivity}
W/ActivityManager(  265): Duplicate finish request for ActivityRecord{41452cb0 com.domobile.applock/.BlankActivity}
I/ActivityManager(  265): Activity reported stop, but no longer stopping: ActivityRecord{4120b698 com.android.settings/.Settings$ManageApplicationsActivity}
W/ActivityManager(  265): Duplicate finish request for ActivityRecord{41452cb0 com.domobile.applock/.BlankActivity}
W/ActivityManager(  265): Duplicate finish request for ActivityRecord{41452cb0 com.domobile.applock/.BlankActivity}
D/VoldCmdListener(   80): asec fspath com.dq.zombieskater.main-1
D/VoldCmdListener(   80): asec fspath com.evernote-1
D/VoldCmdListener(   80): asec fspath com.funshion.video.mobile-1
D/VoldCmdListener(   80): asec fspath com.google.android.apps.translate-1
D/VoldCmdListener(   80): asec fspath com.kiloo.subwaysurf-1
D/VoldCmdListener(   80): asec fspath com.madhead.tos.zh-1
D/VoldCmdListener(   80): asec fspath com.tkb.GirlSweetNote-1
D/VoldCmdListener(   80): asec fspath com.upgame.glowhockey-1
D/VoldCmdListener(   80): asec fspath ecowork.seven-1
D/VoldCmdListener(   80): asec fspath jp.co.mindpl.Snapeee-1
D/VoldCmdListener(   80): asec fspath com.dq.zombieskater.main-1
D/VoldCmdListener(   80): asec fspath com.evernote-1
D/VoldCmdListener(   80): asec fspath com.funshion.video.mobile-1
D/VoldCmdListener(   80): asec fspath com.google.android.apps.translate-1
D/VoldCmdListener(   80): asec fspath com.kiloo.subwaysurf-1
D/VoldCmdListener(   80): asec fspath com.madhead.tos.zh-1
D/VoldCmdListener(   80): asec fspath com.tkb.GirlSweetNote-1
D/VoldCmdListener(   80): asec fspath com.upgame.glowhockey-1
D/VoldCmdListener(   80): asec fspath ecowork.seven-1
D/VoldCmdListener(   80): asec fspath jp.co.mindpl.Snapeee-1
I/ActivityManager(  265): START {act=android.intent.action.DELETE dat=package:com.zdworks.android.zdcalendar cmp=com.android.packageinstaller/.UninstallerActivity u=0} from pid 2925
I/ActivityManager(  265): Start proc com.android.packageinstaller for activity com.android.packageinstaller/.UninstallerActivity: pid=2983 uid=10037 gids={1028}
D/VoldCmdListener(   80): asec fspath com.dq.zombieskater.main-1
D/VoldCmdListener(   80): asec fspath com.evernote-1
D/VoldCmdListener(   80): asec fspath com.funshion.video.mobile-1
D/VoldCmdListener(   80): asec fspath com.google.android.apps.translate-1
D/VoldCmdListener(   80): asec fspath com.kiloo.subwaysurf-1
D/VoldCmdListener(   80): asec fspath com.madhead.tos.zh-1
D/VoldCmdListener(   80): asec fspath com.tkb.GirlSweetNote-1
D/VoldCmdListener(   80): asec fspath com.upgame.glowhockey-1
D/VoldCmdListener(   80): asec fspath ecowork.seven-1
D/VoldCmdListener(   80): asec fspath jp.co.mindpl.Snapeee-1
I/ActivityManager(  265): START {act=android.intent.action.VIEW cmp=com.android.packageinstaller/.UninstallAppProgress (has extras) u=0} from pid 2983
I/ActivityManager(  265): Force stopping package com.zdworks.android.zdcalendar uid=10074
I/ActivityManager(  265): Force stopping package com.zdworks.android.zdcalendar uid=10074
I/ActivityManager(  265): Start proc me.gira.widget.countdown for broadcast me.gira.widget.countdown/fortytwo.android.lib.Receiver: pid=3000 uid=10099 gids={3003}
I/ActivityManager(  265): Start proc android.process.acore for broadcast com.android.providers.contacts/.PackageIntentReceiver: pid=3017 uid=10000 gids={3003, 1015, 1028}
I/WindowState(  265): WIN DEATH: Window{416ffaa0 com.phonegap.pgbfbtest/com.phonegap.pgbfbtest.BarcodeScanner paused=false}
I/ActivityManager(  265): Process com.phonegap.pgbfbtest (pid 2296) has died.
I/WindowState(  265): WIN DEATH: Window{418b4938 com.phonegap.pgbfbtest/com.google.zxing.client.android.CaptureActivity paused=false}
W/WindowManager(  265): Force-removing child win Window{416a1998 SurfaceView paused=false} from container Window{418b4938 com.phonegap.pgbfbtest/com.google.zxing.client.android.CaptureActivity paused=false}
W/WindowManager(  265): Failed looking up window
W/WindowManager(  265): java.lang.IllegalArgumentException: Requested window android.os.BinderProxy@419022f0 does not exist
W/WindowManager(  265): 	at com.android.server.wm.WindowManagerService.windowForClientLocked(WindowManagerService.java:7648)
W/WindowManager(  265): 	at com.android.server.wm.WindowManagerService.windowForClientLocked(WindowManagerService.java:7639)
W/WindowManager(  265): 	at com.android.server.wm.WindowState$DeathRecipient.binderDied(WindowState.java:854)
W/WindowManager(  265): 	at android.os.BinderProxy.sendDeathNotice(Binder.java:449)
W/WindowManager(  265): 	at dalvik.system.NativeStart.run(Native Method)
I/WindowState(  265): WIN DEATH: null
I/WindowState(  265): WIN DEATH: Window{41222000 com.phonegap.pgbfbtest/com.phonegap.pgbfbtest.BarcodeScanner paused=false}
I/WindowManager(  265): WINDOW DIED Window{41222000 com.phonegap.pgbfbtest/com.phonegap.pgbfbtest.BarcodeScanner paused=false}
D/BackupManagerService(  265): Received broadcast Intent { act=android.intent.action.PACKAGE_REMOVED dat=package:com.zdworks.android.zdcalendar flg=0x8000010 (has extras) }
V/BackupManagerService(  265): removePackageParticipantsLocked: uid=10074 #1
D/VoldCmdListener(   80): asec fspath com.dq.zombieskater.main-1
D/VoldCmdListener(   80): asec fspath com.evernote-1
I/ActivityManager(  265): Start proc com.android.gallery3d for broadcast com.android.gallery3d/.app.PackagesMonitor: pid=3041 uid=10016 gids={1006, 3003, 1015, 1028}
I/ActivityManager(  265): START {flg=0x10000004 cmp=com.domobile.applock/.BlankActivity (has extras) u=0} from pid -1
D/VoldCmdListener(   80): asec fspath com.funshion.video.mobile-1
D/VoldCmdListener(   80): asec fspath com.google.android.apps.translate-1
I/ActivityManager(  265): Start proc com.android.keychain for broadcast com.android.keychain/.KeyChainBroadcastReceiver: pid=3060 uid=1000 gids={1015, 3002, 3001, 3003, 1028, 3007}
W/ActivityManager(  265): Duplicate finish request for ActivityRecord{4121a5e8 com.domobile.applock/.BlankActivity}
I/ActivityManager(  265): Start proc com.android.musicfx for broadcast com.android.musicfx/.Compatibility$Receiver: pid=3075 uid=10034 gids={3003, 3002}
W/ActivityManager(  265): Duplicate finish request for ActivityRecord{4121a5e8 com.domobile.applock/.BlankActivity}
I/ActivityManager(  265): Start proc com.google.android.googlequicksearchbox for broadcast com.google.android.googlequicksearchbox/com.google.android.apps.sidekick.GmmLocationProviderImpl$GmmPackageWatcher: pid=3091 uid=10041 gids={3003, 1028, 1007, 3002, 1015}
W/ActivityManager(  265): Duplicate finish request for ActivityRecord{4121a5e8 com.domobile.applock/.BlankActivity}
W/ActivityManager(  265): Duplicate finish request for ActivityRecord{4121a5e8 com.domobile.applock/.BlankActivity}
I/ActivityManager(  265): Process jp.naver.line.android (pid 2788) has died.
W/ActivityManager(  265): Duplicate finish request for ActivityRecord{4121a5e8 com.domobile.applock/.BlankActivity}
W/ActivityManager(  265): Duplicate finish request for ActivityRecord{4121a5e8 com.domobile.applock/.BlankActivity}
W/ActivityManager(  265): Duplicate finish request for ActivityRecord{4121a5e8 com.domobile.applock/.BlankActivity}
W/ActivityManager(  265): Duplicate finish request for ActivityRecord{4121a5e8 com.domobile.applock/.BlankActivity}
W/ActivityManager(  265): Duplicate finish request for ActivityRecord{4121a5e8 com.domobile.applock/.BlankActivity}
D/VoldCmdListener(   80): asec fspath com.dq.zombieskater.main-1
D/VoldCmdListener(   80): asec fspath com.evernote-1
D/VoldCmdListener(   80): asec fspath com.funshion.video.mobile-1
D/VoldCmdListener(   80): asec fspath com.google.android.apps.translate-1
I/ActivityManager(  265): Start proc com.google.android.partnersetup for content provider com.google.android.partnersetup/.RlzAppProvider: pid=3118 uid=10022 gids={3003}
I/ActivityManager(  265): Start proc com.google.android.gsf.login for service com.google.android.gsf.login/com.google.android.gsf.loginservice.GoogleLoginService: pid=3131 uid=10019 gids={3003, 1015, 1028, 1007, 1006, 2001, 3006}
D/VoldCmdListener(   80): asec fspath com.kiloo.subwaysurf-1
D/VoldCmdListener(   80): asec fspath com.madhead.tos.zh-1
D/VoldCmdListener(   80): asec fspath com.tkb.GirlSweetNote-1
I/ActivityManager(  265): START {flg=0x10000000 cmp=com.dianxinos.optimizer.play/com.dianxinos.optimizer.module.space.UninstalledAppTrashDialog (has extras) u=0} from pid 1988
W/ActivityManager(  265): Activity pause timeout for ActivityRecord{4120b698 com.android.settings/.Settings$ManageApplicationsActivity}
D/VoldCmdListener(   80): asec fspath com.upgame.glowhockey-1
I/ActivityManager(  265): Config changed: {1.0 0mcc0mnc zh_TW sw480dp w480dp h752dp nrml port finger -keyb/v/h -nav/h s.4}
W/WindowManager(  265): Window freeze timeout expired.
W/WindowManager(  265): Force clearing orientation change: Window{4142e050 SystemBar paused=false}
W/WindowManager(  265): Force clearing orientation change: Window{41649880 com.android.systemui.ImageWallpaper paused=false}
I/ActivityManager(  265): Process com.android.providers.calendar (pid 2858) has died.
I/ActivityManager(  265): Process com.facebook.katana (pid 2282) has died.
I/LocationManagerService(  265): remove passive (pid 265), next minTime = 0
W/WindowManager(  265): App freeze timeout expired.
W/WindowManager(  265): Force clearing freeze: AppWindowToken{41652588 token=Token{416e52d0 ActivityRecord{4120b698 com.android.settings/.Settings$ManageApplicationsActivity}}}
D/VoldCmdListener(   80): asec fspath com.dq.zombieskater.main-1
D/VoldCmdListener(   80): asec fspath com.evernote-1
I/ActivityManager(  265): Start proc flipboard.app for broadcast flipboard.app/flipboard.widget.FlipboardWidgetMedium: pid=3175 uid=10101 gids={3003, 1015, 1028}
D/VoldCmdListener(   80): asec fspath com.funshion.video.mobile-1
W/WindowManager(  265): Window freeze timeout expired.
W/WindowManager(  265): Force clearing orientation change: Window{41622d88 com.android.settings/com.android.settings.Settings$ManageApplicationsActivity paused=false}
D/VoldCmdListener(   80): asec fspath com.google.android.apps.translate-1
W/ActivityManager(  265): Launch timeout has expired, giving up wake lock!
W/ActivityManager(  265): Activity idle timeout for ActivityRecord{414a7df8 com.dianxinos.optimizer.play/com.dianxinos.optimizer.module.space.UninstalledAppTrashDialog}
D/VoldCmdListener(   80): asec fspath com.dq.zombieskater.main-1
D/VoldCmdListener(   80): asec fspath com.evernote-1
W/ActivityManager(  265): Activity idle timeout for ActivityRecord{4120b698 com.android.settings/.Settings$ManageApplicationsActivity}
I/ActivityManager(  265): START {flg=0x10000004 cmp=com.domobile.applock/.BlankActivity (has extras) u=0} from pid -1
I/ActivityManager(  265): START {cmp=com.domobile.applock/.BlankActivity (has extras) u=0} from pid 1120
W/ActivityManager(  265): Activity pause timeout for ActivityRecord{4120b698 com.android.settings/.Settings$ManageApplicationsActivity}
D/VoldCmdListener(   80): asec fspath com.funshion.video.mobile-1
I/ActivityManager(  265): START {act=android.intent.action.MAIN cat=[android.intent.category.HOME] flg=0x10200000 cmp=com.android.launcher/com.android.launcher2.Launcher u=0} from pid 265
W/ActivityManager(  265): Duplicate finish request for ActivityRecord{415fec00 com.domobile.applock/.BlankActivity}
D/VoldCmdListener(   80): asec fspath com.google.android.apps.translate-1
I/ActivityManager(  265): START {act=android.intent.action.MAIN cat=[android.intent.category.HOME] flg=0x10200000 cmp=com.android.launcher/com.android.launcher2.Launcher u=0} from pid 265
I/ActivityManager(  265): START {act=android.intent.action.MAIN cat=[android.intent.category.HOME] flg=0x10200000 cmp=com.android.launcher/com.android.launcher2.Launcher u=0} from pid 265
D/VoldCmdListener(   80): asec fspath com.kiloo.subwaysurf-1
D/VoldCmdListener(   80): asec fspath com.madhead.tos.zh-1
D/VoldCmdListener(   80): asec fspath com.tkb.GirlSweetNote-1
D/VoldCmdListener(   80): asec fspath com.upgame.glowhockey-1
W/PackageManager(  265): Package named 'com.zdworks.android.zdcalendar' doesn't exist.
D/VoldCmdListener(   80): asec fspath ecowork.seven-1
D/VoldCmdListener(   80): asec fspath jp.co.mindpl.Snapeee-1
I/ActivityManager(  265): Process com.android.calendar (pid 2839) has died.
I/ActivityManager(  265): Start proc com.devhd.feedly for broadcast com.devhd.feedly/.widget.FeedlyWidgetProvider: pid=3237 uid=10095 gids={3003, 1015, 1028}
I/ActivityManager(  265): Process android.process.acore (pid 3017) has died.
I/ActivityManager(  265): Start proc com.anydo for broadcast com.anydo/.widget.MinimalWidget: pid=3259 uid=10072 gids={3003, 1015, 1028}
I/ActivityManager(  265): START {flg=0x10000000 cmp=com.domobile.applock/.VerifyActivity (has extras) u=0} from pid 1120
I/ActivityManager(  265): Start proc com.android.deskclock for broadcast com.android.deskclock/com.android.alarmclock.AnalogAppWidgetProvider: pid=3284 uid=10009 gids={1028}
I/ActivityManager(  265): Process com.google.android.gm (pid 2815) has died.
I/ActivityManager(  265): Process android.process.media (pid 389) has died.
W/BroadcastQueue(  265): Failure sending broadcast Intent { act=android.intent.action.QUERY_PACKAGE_RESTART dat=package:de.leihwelt.android.daysleft flg=0x10 (has extras) }
W/BroadcastQueue(  265): android.os.DeadObjectException
W/BroadcastQueue(  265): 	at android.os.BinderProxy.transact(Native Method)
W/BroadcastQueue(  265): 	at android.content.IIntentReceiver$Stub$Proxy.performReceive(IIntentReceiver.java:121)
W/BroadcastQueue(  265): 	at com.android.server.am.BroadcastQueue.performReceiveLocked(BroadcastQueue.java:365)
W/BroadcastQueue(  265): 	at com.android.server.am.BroadcastQueue.deliverToRegisteredReceiverLocked(BroadcastQueue.java:427)
W/BroadcastQueue(  265): 	at com.android.server.am.BroadcastQueue.processNextBroadcast(BroadcastQueue.java:634)
W/BroadcastQueue(  265): 	at com.android.server.am.ActivityManagerService.finishReceiver(ActivityManagerService.java:13297)
W/BroadcastQueue(  265): 	at android.content.BroadcastReceiver$PendingResult.sendFinished(BroadcastReceiver.java:417)
W/BroadcastQueue(  265): 	at android.content.BroadcastReceiver$PendingResult.finish(BroadcastReceiver.java:393)
W/BroadcastQueue(  265): 	at android.app.LoadedApk$ReceiverDispatcher$Args.run(LoadedApk.java:772)
W/BroadcastQueue(  265): 	at android.os.Handler.handleCallback(Handler.java:615)
W/BroadcastQueue(  265): 	at android.os.Handler.dispatchMessage(Handler.java:92)
W/BroadcastQueue(  265): 	at android.os.Looper.loop(Looper.java:137)
W/BroadcastQueue(  265): 	at com.android.server.ServerThread.run(SystemServer.java:906)
I/ActivityManager(  265): Start proc android.process.acore for content provider com.android.providers.contacts/.ContactsProvider2: pid=3301 uid=10000 gids={3003, 1015, 1028}
W/BroadcastQueue(  265): Failure sending broadcast Intent { act=android.intent.action.QUERY_PACKAGE_RESTART dat=package:de.leihwelt.android.daysleft flg=0x10 (has extras) }
W/BroadcastQueue(  265): android.os.DeadObjectException
W/BroadcastQueue(  265): 	at android.os.BinderProxy.transact(Native Method)
W/BroadcastQueue(  265): 	at android.content.IIntentReceiver$Stub$Proxy.performReceive(IIntentReceiver.java:121)
W/BroadcastQueue(  265): 	at com.android.server.am.BroadcastQueue.performReceiveLocked(BroadcastQueue.java:365)
W/BroadcastQueue(  265): 	at com.android.server.am.BroadcastQueue.deliverToRegisteredReceiverLocked(BroadcastQueue.java:427)
W/BroadcastQueue(  265): 	at com.android.server.am.BroadcastQueue.processNextBroadcast(BroadcastQueue.java:634)
W/BroadcastQueue(  265): 	at com.android.server.am.ActivityManagerService.finishReceiver(ActivityManagerService.java:13297)
W/BroadcastQueue(  265): 	at android.content.BroadcastReceiver$PendingResult.sendFinished(BroadcastReceiver.java:417)
W/BroadcastQueue(  265): 	at android.content.BroadcastReceiver$PendingResult.finish(BroadcastReceiver.java:393)
W/BroadcastQueue(  265): 	at android.app.LoadedApk$ReceiverDispatcher$Args.run(LoadedApk.java:772)
W/BroadcastQueue(  265): 	at android.os.Handler.handleCallback(Handler.java:615)
W/BroadcastQueue(  265): 	at android.os.Handler.dispatchMessage(Handler.java:92)
W/BroadcastQueue(  265): 	at android.os.Looper.loop(Looper.java:137)
W/BroadcastQueue(  265): 	at com.android.server.ServerThread.run(SystemServer.java:906)
W/BroadcastQueue(  265): Failure sending broadcast Intent { act=android.intent.action.QUERY_PACKAGE_RESTART dat=package:de.leihwelt.android.daysleft flg=0x10 (has extras) }
W/BroadcastQueue(  265): android.os.DeadObjectException
W/BroadcastQueue(  265): 	at android.os.BinderProxy.transact(Native Method)
W/BroadcastQueue(  265): 	at android.content.IIntentReceiver$Stub$Proxy.performReceive(IIntentReceiver.java:121)
W/BroadcastQueue(  265): 	at com.android.server.am.BroadcastQueue.performReceiveLocked(BroadcastQueue.java:365)
W/BroadcastQueue(  265): 	at com.android.server.am.BroadcastQueue.deliverToRegisteredReceiverLocked(BroadcastQueue.java:427)
W/BroadcastQueue(  265): 	at com.android.server.am.BroadcastQueue.processNextBroadcast(BroadcastQueue.java:634)
W/BroadcastQueue(  265): 	at com.android.server.am.ActivityManagerService.finishReceiver(ActivityManagerService.java:13297)
W/BroadcastQueue(  265): 	at android.content.BroadcastReceiver$PendingResult.sendFinished(BroadcastReceiver.java:417)
W/BroadcastQueue(  265): 	at android.content.BroadcastReceiver$PendingResult.finish(BroadcastReceiver.java:393)
W/BroadcastQueue(  265): 	at android.app.LoadedApk$ReceiverDispatcher$Args.run(LoadedApk.java:772)
W/BroadcastQueue(  265): 	at android.os.Handler.handleCallback(Handler.java:615)
W/BroadcastQueue(  265): 	at android.os.Handler.dispatchMessage(Handler.java:92)
W/BroadcastQueue(  265): 	at android.os.Looper.loop(Looper.java:137)
W/BroadcastQueue(  265): 	at com.android.server.ServerThread.run(SystemServer.java:906)
I/ActivityManager(  265): START {act=android.intent.action.MAIN cat=[com.android.settings.SHORTCUT] flg=0x10200000 cmp=com.android.settings/.Settings$ManageApplicationsActivity bnds=[384,282][480,378] u=0} from pid 477
D/VoldCmdListener(   80): asec fspath com.dq.zombieskater.main-1
D/VoldCmdListener(   80): asec fspath com.evernote-1
D/VoldCmdListener(   80): asec fspath com.funshion.video.mobile-1
D/VoldCmdListener(   80): asec fspath com.google.android.apps.translate-1
D/VoldCmdListener(   80): asec fspath com.kiloo.subwaysurf-1
D/VoldCmdListener(   80): asec fspath com.madhead.tos.zh-1
I/ActivityManager(  265): START {act=android.intent.action.DELETE dat=package:de.leihwelt.android.daysleft cmp=com.android.packageinstaller/.UninstallerActivity u=0} from pid 2925
D/VoldCmdListener(   80): asec fspath com.dq.zombieskater.main-1
D/VoldCmdListener(   80): asec fspath com.evernote-1
D/VoldCmdListener(   80): asec fspath com.funshion.video.mobile-1
I/ActivityManager(  265): START {act=android.intent.action.VIEW cmp=com.android.packageinstaller/.UninstallAppProgress (has extras) u=0} from pid 2983
I/ActivityManager(  265): Force stopping package de.leihwelt.android.daysleft uid=10070
I/ActivityManager(  265): Force stopping package de.leihwelt.android.daysleft uid=10070
D/VoldCmdListener(   80): asec fspath com.google.android.apps.translate-1
I/ActivityManager(  265): Process com.android.keychain (pid 3060) has died.
I/ActivityManager(  265): Process com.android.gallery3d (pid 3041) has died.
I/ActivityManager(  265): Process com.android.musicfx (pid 3075) has died.
I/ActivityManager(  265): Start proc com.android.gallery3d for broadcast com.android.gallery3d/.app.PackagesMonitor: pid=3331 uid=10016 gids={1006, 3003, 1015, 1028}
D/BackupManagerService(  265): Received broadcast Intent { act=android.intent.action.PACKAGE_REMOVED dat=package:de.leihwelt.android.daysleft flg=0x8000010 (has extras) }
V/BackupManagerService(  265): removePackageParticipantsLocked: uid=10070 #1
I/ActivityManager(  265): Process com.dianxinos.optimizer.play (pid 1988) has died.
W/ActivityManager(  265): Scheduling restart of crashed service com.dianxinos.optimizer.play/com.dianxinos.optimizer.module.external.HomeMonitorService in 5000ms
W/ActivityManager(  265): Scheduling restart of crashed service com.dianxinos.optimizer.play/com.dianxinos.optimizer.PerformanceService in 15000ms
W/ActivityManager(  265): Scheduling restart of crashed service com.dianxinos.optimizer.play/com.dianxinos.optimizer.analysis.PerformanceMonitorService in 25000ms
W/ActivityManager(  265): Launch timeout has expired, giving up wake lock!
W/ActivityManager(  265): Activity idle timeout for ActivityRecord{4120b698 com.android.settings/.Settings$ManageApplicationsActivity}
D/VoldCmdListener(   80): asec fspath com.dq.zombieskater.main-1
D/VoldCmdListener(   80): asec fspath com.evernote-1
D/VoldCmdListener(   80): asec fspath com.funshion.video.mobile-1
D/VoldCmdListener(   80): asec fspath com.google.android.apps.translate-1
I/ActivityManager(  265): Process flipboard.app (pid 3175) has died.
D/VoldCmdListener(   80): asec fspath com.kiloo.subwaysurf-1
I/ActivityManager(  265): Start proc com.android.keychain for broadcast com.android.keychain/.KeyChainBroadcastReceiver: pid=3348 uid=1000 gids={1015, 3002, 3001, 3003, 1028, 3007}
D/VoldCmdListener(   80): asec fspath com.madhead.tos.zh-1
I/ActivityManager(  265): Start proc com.dianxinos.optimizer.play for service com.dianxinos.optimizer.play/com.dianxinos.optimizer.module.external.HomeMonitorService: pid=3361 uid=10106 gids={3003, 1015, 3002, 3001, 1006, 1028}
I/ActivityManager(  265): Process com.devhd.feedly (pid 3237) has died.
I/ActivityManager(  265): Start proc com.android.musicfx for broadcast com.android.musicfx/.Compatibility$Receiver: pid=3374 uid=10034 gids={3003, 3002}
I/ActivityManager(  265): Process com.google.android.gsf.login (pid 3131) has died.
D/VoldCmdListener(   80): asec fspath com.tkb.GirlSweetNote-1
D/VoldCmdListener(   80): asec fspath com.upgame.glowhockey-1
W/PackageManager(  265): Package named 'com.zdworks.android.zdcalendar' doesn't exist.
W/PackageManager(  265): Package named 'de.leihwelt.android.daysleft' doesn't exist.
D/VoldCmdListener(   80): asec fspath ecowork.seven-1
W/ActivityManager(  265): Permission denied: checkComponentPermission() owningUid=10115
W/BroadcastQueue(  265): Permission Denial: broadcasting Intent { act=com.dianxinos.feedback.FIRST_ flg=0x10 } from com.dianxinos.optimizer.play (pid=3361, uid=10106) is not exported from uid 10115 due to receiver com.dianxinos.powermanager/com.dianxinos.feedback.NotifyReceiver
D/VoldCmdListener(   80): asec fspath com.dq.zombieskater.main-1
D/VoldCmdListener(   80): asec fspath com.evernote-1
D/VoldCmdListener(   80): asec fspath com.funshion.video.mobile-1
D/VoldCmdListener(   80): asec fspath com.google.android.apps.translate-1
W/InputMethodManagerService(  265): Window already focused, ignoring focus gain of: com.android.internal.view.IInputMethodClient$Stub$Proxy@415d1320 attribute=null
D/VoldCmdListener(   80): asec fspath com.kiloo.subwaysurf-1
D/VoldCmdListener(   80): asec fspath com.madhead.tos.zh-1
I/ActivityManager(  265): Start proc com.google.android.gsf.login for service com.google.android.gsf.login/com.google.android.gsf.loginservice.GoogleLoginService: pid=3421 uid=10019 gids={3003, 1015, 1028, 1007, 1006, 2001, 3006}
D/VoldCmdListener(   80): asec fspath com.dq.zombieskater.main-1
D/VoldCmdListener(   80): asec fspath com.evernote-1
D/VoldCmdListener(   80): asec fspath com.funshion.video.mobile-1
D/VoldCmdListener(   80): asec fspath com.google.android.apps.translate-1
D/VoldCmdListener(   80): asec fspath com.kiloo.subwaysurf-1
D/VoldCmdListener(   80): asec fspath com.tkb.GirlSweetNote-1
D/VoldCmdListener(   80): asec fspath com.upgame.glowhockey-1
W/PackageManager(  265): Package named 'com.zdworks.android.zdcalendar' doesn't exist.
W/PackageManager(  265): Package named 'de.leihwelt.android.daysleft' doesn't exist.
D/VoldCmdListener(   80): asec fspath ecowork.seven-1
D/VoldCmdListener(   80): asec fspath jp.co.mindpl.Snapeee-1
I/ActivityManager(  265): Force stopping package etmgup.funlove uid=10081
W/InputMethodManagerService(  265): Window already focused, ignoring focus gain of: com.android.internal.view.IInputMethodClient$Stub$Proxy@41288aa8 attribute=null
I/ActivityManager(  265): START {act=android.intent.action.DELETE dat=package:etmgup.funlove cmp=com.android.packageinstaller/.UninstallerActivity u=0} from pid 2925
D/VoldCmdListener(   80): asec fspath com.dq.zombieskater.main-1
D/VoldCmdListener(   80): asec fspath com.evernote-1
D/VoldCmdListener(   80): asec fspath com.funshion.video.mobile-1
D/VoldCmdListener(   80): asec fspath com.google.android.apps.translate-1
I/ActivityManager(  265): START {act=android.intent.action.VIEW cmp=com.android.packageinstaller/.UninstallAppProgress (has extras) u=0} from pid 2983
I/ActivityManager(  265): Force stopping package etmgup.funlove uid=10081
I/PackageManager(  265): Removing old permission: etmgup.funlove.permission.C2D_MESSAGE from package etmgup.funlove
W/PackageManager(  265): Not granting permission android.permission.DEVICE_POWER to package com.tiantian.ttclock (protectionLevel=2 flags=0x20be44)
W/PackageManager(  265): Not granting permission android.permission.ACCOUNT_MANAGER to package com.studioirregular.pop (protectionLevel=2 flags=0x28be44)
W/PackageManager(  265): Unknown permission android.permission.ADD_SYSTEM_SERVICE in package com.android.phone
W/PackageManager(  265): Unknown permission com.kddi.market.permission.USE_ALML in package jp.naver.line.android
W/PackageManager(  265): Unknown permission android.permission.SYSTEM_OVERLAY_WINDOW in package com.funshion.video.mobile
W/PackageManager(  265): Not granting permission android.permission.WRITE_APN_SETTINGS to package com.funshion.video.mobile (protectionLevel=18 flags=0x4be44)
W/PackageManager(  265): Unknown permission android.permission.RAISED_THREAD_PRIORITY in package com.funshion.video.mobile
W/PackageManager(  265): Not granting permission android.permission.READ_LOGS to package com.funshion.video.mobile (protectionLevel=50 flags=0x4be44)
W/PackageManager(  265): Unknown permission org.adw.launcher.permission.READ_SETTINGS in package com.funshion.video.mobile
W/PackageManager(  265): Unknown permission org.adw.launcher.permission.WRITE_SETTINGS in package com.funshion.video.mobile
W/PackageManager(  265): Unknown permission com.qihoo360.launcher.permission.READ_SETTINGS in package com.funshion.video.mobile
W/PackageManager(  265): Unknown permission com.qihoo360.launcher.permission.WRITE_SETTINGS in package com.funshion.video.mobile
W/PackageManager(  265): Unknown permission com.lge.launcher.permission.READ_SETTINGS in package com.funshion.video.mobile
W/PackageManager(  265): Unknown permission com.lge.launcher.permission.WRITE_SETTINGS in package com.funshion.video.mobile
W/PackageManager(  265): Unknown permission net.qihoo.launcher.permission.READ_SETTINGS in package com.funshion.video.mobile
W/PackageManager(  265): Unknown permission net.qihoo.launcher.permission.WRITE_SETTINGS in package com.funshion.video.mobile
W/PackageManager(  265): Unknown permission org.adwfreak.launcher.permission.READ_SETTINGS in package com.funshion.video.mobile
W/PackageManager(  265): Unknown permission org.adwfreak.launcher.permission.WRITE_SETTINGS in package com.funshion.video.mobile
W/PackageManager(  265): Unknown permission com.huawei.launcher3.permission.READ_SETTINGS in package com.funshion.video.mobile
W/PackageManager(  265): Unknown permission com.huawei.launcher3.permission.WRITE_SETTINGS in package com.funshion.video.mobile
W/PackageManager(  265): Unknown permission com.fede.launcher.permission.READ_SETTINGS in package com.funshion.video.mobile
W/PackageManager(  265): Unknown permission com.fede.launcher.permission.WRITE_SETTINGS in package com.funshion.video.mobile
W/PackageManager(  265): Unknown permission com.sec.android.app.twlauncher.settings.READ_SETTINGS in package com.funshion.video.mobile
W/PackageManager(  265): Unknown permission com.sec.android.app.twlauncher.settings.WRITE_SETTINGS in package com.funshion.video.mobile
W/PackageManager(  265): Unknown permission com.htc.launcher.permission.READ_SETTINGS in package com.funshion.video.mobile
W/PackageManager(  265): Unknown permission com.htc.launcher.permission.WRITE_SETTINGS in package com.funshion.video.mobile
W/PackageManager(  265): Unknown permission com.huawei.android.launcher.permission.READ_SETTINGS in package com.funshion.video.mobile
W/PackageManager(  265): Unknown permission com.huawei.android.launcher.permission.WRITE_SETTINGS in package com.funshion.video.mobile
W/PackageManager(  265): Unknown permission com.huawei.launcher2.permission.READ_SETTINGS in package com.funshion.video.mobile
W/PackageManager(  265): Unknown permission com.huawei.launcher2.permission.WRITE_SETTINGS in package com.funshion.video.mobile
W/PackageManager(  265): Unknown permission android.permission.RECEIVE_USER_PRESENT in package com.funshion.video.mobile
W/PackageManager(  265): Unknown permission com.android.vending.billing.IBillingAccountService.BIND2 in package com.google.android.gsf.login
W/PackageManager(  265): Not granting permission com.android.email.permission.ACCESS_PROVIDER to package cn.wps.moffice_eng (protectionLevel=2 flags=0x8be44)
W/PackageManager(  265): Not granting permission android.permission.SEND_DOWNLOAD_COMPLETED_INTENTS to package com.android.browser (protectionLevel=2 flags=0x9be45)
W/PackageManager(  265): Not granting permission android.permission.READ_FRAME_BUFFER to package com.instagram.android (protectionLevel=18 flags=0x8be64)
W/PackageManager(  265): Not granting permission android.permission.SET_ORIENTATION to package com.instagram.android (protectionLevel=2 flags=0x8be64)
W/PackageManager(  265): Unknown permission android.permission.LOCATION in package ecowork.seven
W/PackageManager(  265): Unknown permission android.permission.INTERACT_ACROSS_USERS in package com.google.android.gms
W/PackageManager(  265): Unknown permission android.permission.LOCATION_HARDWARE in package com.google.android.gms
W/PackageManager(  265): Not granting permission android.permission.INSTALL_PACKAGES to package com.halfbrick.fruitninjafree (protectionLevel=18 flags=0x20be44)
W/PackageManager(  265): Unknown permission com.facebook.orca.provider.ACCESS in package com.facebook.katana
W/PackageManager(  265): Unknown permission com.sec.android.provider.badge.permission.READ in package com.facebook.katana
W/PackageManager(  265): Unknown permission com.sec.android.provider.badge.permission.WRITE in package com.facebook.katana
W/PackageManager(  265): Unknown permission com.htc.launcher.permission.UPDATE_SHORTCUT in package com.facebook.katana
W/PackageManager(  265): Unknown permission com.sonyericsson.home.permission.BROADCAST_BADGE in package com.facebook.katana
W/PackageManager(  265): Unknown permission com.google.android.voicesearch.SHORTCUTS_ACCESS in package com.google.android.googlequicksearchbox
W/PackageManager(  265): Unknown permission com.google.googlenav.friend.permission.OPT_IN in package com.google.android.googlequicksearchbox
W/PackageManager(  265): Unknown permission com.google.android.apps.maps.permission.PREFETCH in package com.google.android.googlequicksearchbox
W/PackageManager(  265): Unknown permission com.google.android.apps.googlevoice.permission.AUTO_SEND in package com.google.android.googlequicksearchbox
W/PackageManager(  265): Unknown permission android.webkit.permission.PLUGIN in package com.adobe.flashplayer
W/PackageManager(  265): Unknown permission com.android.launcher.permission.ACCESS_FINE_LOCATION in package com.cfinc.calendar
W/PackageManager(  265): Unknown permission com.android.launcher.permission.READ_CONTACTS in package com.cfinc.calendar
W/PackageManager(  265): Not granting permission android.permission.READ_LOGS to package com.anydo (protectionLevel=50 flags=0x9be44)
W/PackageManager(  265): Unknown permission com.todoroo.astrid.READ in package com.anydo
W/PackageManager(  265): Unknown permission android.permission.MOUNT_UNMOUNT_FIFESYSTEMS in package org.funnylab.manfun
W/PackageManager(  265): Unknown permission android.permission.ACCESS_LOCATION in package jp.naver.linecamera.android
W/PackageManager(  265): Unknown permission android.permission.ACCESS_GPS in package jp.naver.linecamera.android
W/PackageManager(  265): Unknown permission android.permission.WRITE_SYNC_STATS in package com.google.android.apps.docs
W/PackageManager(  265): Unknown permission android.permission.RECORD_VIDEO in package com.phonegap.pgbfbtest
W/PackageManager(  265): Not granting permission android.permission.DEVICE_POWER to package com.softwinner.explore (protectionLevel=2 flags=0x8be45)
W/PackageManager(  265): Unknown permission android.permission.WRITE_OWNER_DATA in package com.mcube.acc
W/PackageManager(  265): Not granting permission android.permission.READ_LOGS to package com.siri.bigboy (protectionLevel=50 flags=0xbe44)
W/PackageManager(  265): Unknown permission com.htc.launcher.permission.READ_SETTINGS in package com.siri.bigboy
W/PackageManager(  265): Unknown permission com.motorola.launcher.permission.READ_SETTINGS in package com.siri.bigboy
W/PackageManager(  265): Unknown permission com.motorola.dlauncher.permission.READ_SETTINGS in package com.siri.bigboy
W/PackageManager(  265): Unknown permission com.fede.launcher.permission.READ_SETTINGS in package com.siri.bigboy
W/PackageManager(  265): Unknown permission com.lge.launcher.permission.READ_SETTINGS in package com.siri.bigboy
W/PackageManager(  265): Unknown permission org.adw.launcher.permission.READ_SETTINGS in package com.siri.bigboy
W/PackageManager(  265): Unknown permission com.motorola.launcher.permission.INSTALL_SHORTCUT in package com.siri.bigboy
W/PackageManager(  265): Unknown permission com.motorola.dlauncher.permission.INSTALL_SHORTCUT in package com.siri.bigboy
W/PackageManager(  265): Unknown permission com.lge.launcher.permission.INSTALL_SHORTCUT in package com.siri.bigboy
W/PackageManager(  265): Not granting permission android.permission.READ_LOGS to package com.dianxinos.optimizer.play (protectionLevel=50 flags=0xbe44)
W/PackageManager(  265): Not granting permission android.permission.DELETE_CACHE_FILES to package com.dianxinos.optimizer.play (protectionLevel=18 flags=0xbe44)
W/PackageManager(  265): Not granting permission android.permission.WRITE_APN_SETTINGS to package com.dianxinos.optimizer.play (protectionLevel=18 flags=0xbe44)
W/PackageManager(  265): Unknown permission android.permission.READ_SECURE_SETTINGS in package com.dianxinos.optimizer.play
W/PackageManager(  265): Not granting permission android.permission.MODIFY_PHONE_STATE to package com.dianxinos.optimizer.play (protectionLevel=18 flags=0xbe44)
W/PackageManager(  265): Not granting permission android.permission.SEND_DOWNLOAD_COMPLETED_INTENTS to package com.android.vending (protectionLevel=2 flags=0xabec5)
W/PackageManager(  265): Unknown permission android.permission.MANAGE_USERS in package com.android.vending
W/PackageManager(  265): Unknown permission android.permission.INTERACT_ACROSS_USERS in package com.android.vending
W/PackageManager(  265): Not granting permission android.permission.WRITE_SECURE_SETTINGS to package com.android.vending (protectionLevel=50 flags=0xabec5)
W/PackageManager(  265): Unknown permission android.permission.SYSTEM_OVERLAY_WINDOW in package cn.etouch.ecalendar.ladies
W/PackageManager(  265): Unknown permission com.motorola.dlauncher.permission.INSTALL_SHORTCUT in package com.sniperstane.pic
W/PackageManager(  265): Unknown permission com.motorola.launcher.permission.INSTALL_SHORTCUT in package com.sniperstane.pic
W/PackageManager(  265): Unknown permission com.lge.launcher.permission.INSTALL_SHORTCUT in package com.sniperstane.pic
W/PackageManager(  265): Unknown permission com.htc.launcher.permission.READ_SETTINGS in package com.sniperstane.pic
W/PackageManager(  265): Unknown permission com.motorola.launcher.permission.READ_SETTINGS in package com.sniperstane.pic
W/PackageManager(  265): Unknown permission com.motorola.dlauncher.permission.READ_SETTINGS in package com.sniperstane.pic
W/PackageManager(  265): Unknown permission com.fede.launcher.permission.READ_SETTINGS in package com.sniperstane.pic
W/PackageManager(  265): Unknown permission com.lge.launcher.permission.READ_SETTINGS in package com.sniperstane.pic
W/PackageManager(  265): Unknown permission org.adw.launcher.permission.READ_SETTINGS in package com.sniperstane.pic
W/PackageManager(  265): Unknown permission com.teslacoilsw.launcher.permission.READ_SETTINGS in package com.sniperstane.pic
W/PackageManager(  265): Unknown permission com.anddoes.launcher.permission.READ_SETTINGS in package com.sniperstane.pic
W/PackageManager(  265): Unknown permission com.htc.launcher.permission.WRITE_SETTINGS in package com.sniperstane.pic
W/PackageManager(  265): Unknown permission com.motorola.launcher.permission.WRITE_SETTINGS in package com.sniperstane.pic
W/PackageManager(  265): Unknown permission com.motorola.dlauncher.permission.WRITE_SETTINGS in package com.sniperstane.pic
W/PackageManager(  265): Unknown permission com.lge.launcher.permission.WRITE_SETTINGS in package com.sniperstane.pic
W/PackageManager(  265): Unknown permission com.fede.launcher.permission.WRITE_SETTINGS in package com.sniperstane.pic
W/PackageManager(  265): Unknown permission org.adw.launcher.permission.WRITE_SETTINGS in package com.sniperstane.pic
W/PackageManager(  265): Unknown permission com.teslacoilsw.launcher.permission.WRITE_SETTINGS in package com.sniperstane.pic
W/PackageManager(  265): Unknown permission com.anddoes.launcher.permission.WRITE_SETTINGS in package com.sniperstane.pic
W/PackageManager(  265): Not granting permission android.permission.READ_LOGS to package com.domobile.applock (protectionLevel=50 flags=0x8be04)
